<html>
<body>
<pre>
<h1>µVision Build Log</h1>
<h2>Tool Versions:</h2>
IDE-Version: ¦ÌVision V5.20.0.39
Copyright (C) 2016 ARM Ltd and ARM Germany GmbH. All rights reserved.
License Information: lvshuo Microsoft, Microsoft, LIC=6XJWF-6MWCZ-LV51I-T3MV9-04QUX-KFSUR
 
Tool Versions:
Toolchain:       MDK-ARM Professional  Version: 5.14.0.0
Toolchain Path:  C:\Keil_v5\ARM\ARMCC\Bin
C Compiler:      Armcc.exe V5.05 update 1 (build 106)
Assembler:       Armasm.exe V5.05 update 1 (build 106)
Linker/Locator:  ArmLink.exe V5.05 update 1 (build 106)
Library Manager: ArmAr.exe V5.05 update 1 (build 106)
Hex Converter:   FromElf.exe V5.05 update 1 (build 106)
CPU DLL:         
Dialog DLL:      
Target DLL:      Segger\JL2CM3.dll V2.99.13.0
Dialog DLL:      TCM.DLL V1.14.4.0
 
<h2>Project:</h2>
E:\sdk\examples\proprietary_rf\esb_ptx\pca10040\blank\arm5_no_packs\esb_ptx_pca10040.uvprojx
Project File Date:  12/07/2016

<h2>Output:</h2>
*** Using Compiler 'V5.05 update 1 (build 106)', folder: 'C:\Keil_v5\ARM\ARMCC\Bin'
Rebuild target 'nrf52832_xxaa'
compiling nrf_drv_common.c...
compiling nrf_assert.c...
compiling app_util_platform.c...
compiling app_error.c...
compiling app_error_weak.c...
compiling nrf_drv_uart.c...
compiling main.c...
..\..\..\main.c(48): warning:  #47-D: incompatible redefinition of macro "APP_ERROR_CHECK" (declared at line 181 of "..\..\..\..\..\..\components\libraries\util\app_error.h")
  #define APP_ERROR_CHECK(err_code) if (err_code) nrf_esb_error_handler(err_code, __LINE__);
..\..\..\main.c: 1 warning, 0 errors
compiling RTT_Syscalls_KEIL.c...
assembling arm_startup_nrf52.s...
compiling SEGGER_RTT_printf.c...
compiling SEGGER_RTT.c...
compiling system_nrf52.c...
compiling nrf_log_frontend.c...
compiling nrf_log_backend_serial.c...
compiling nrf_esb.c...
linking...
Program Size: Code=8880 RO-data=1160 RW-data=124 ZI-data=10388  
FromELF: creating hex file...
".\_build\nrf52832_xxaa.axf" - 0 Error(s), 1 Warning(s).

<h2>Software Packages used:</h2>

Package Vendor: ARM
                http://www.keil.com/pack/ARM.CMSIS.4.5.0.pack
                ARM::CMSIS:CORE:4.3.0
                CMSIS (Cortex Microcontroller Software Interface Standard)
   * Component: CORE Version: 4.3.0

Package Vendor: NordicSemiconductor
                http://developer.nordicsemi.com/nRF5_SDK/pieces/nRF_DeviceFamilyPack/NordicSemiconductor.nRF_DeviceFamilyPack.8.9.0.pack
                NordicSemiconductor::Device:Startup:8.9.0
                Nordic Semiconductor nRF ARM devices Device Family Pack.
   * Component: Startup Version: 8.9.0

<h2>Collection of Component include folders:</h2>
  E:\sdk\examples\proprietary_rf\esb_ptx\pca10040\blank\arm5_no_packs\RTE
  C:\Keil_v5\ARM\PACK\ARM\CMSIS\4.5.0\CMSIS\Include
  C:\Keil_v5\ARM\PACK\NordicSemiconductor\nRF_DeviceFamilyPack\8.9.0\Device\Include

<h2>Collection of Component Files used:</h2>

   * Component: ARM::CMSIS:CORE:4.3.0

   * Component: NordicSemiconductor::Device:Startup:8.9.0
      Include file:  Device\Include\system_nrf52.h
      Source file:   Device\Source\system_nrf52.c
      Source file:   Device\Source\arm\arm_startup_nrf52.s
Build Time Elapsed:  00:00:03
</pre>
</body>
</html>
