<html>
<body>
<pre>
<h1>µVision Build Log</h1>
<h2>Tool Versions:</h2>
IDE-Version: ¦ÌVision V5.20.0.39
Copyright (C) 2016 ARM Ltd and ARM Germany GmbH. All rights reserved.
License Information: lvshuo Microsoft, Microsoft, LIC=6XJWF-6MWCZ-LV51I-T3MV9-04QUX-KFSUR
 
Tool Versions:
Toolchain:       MDK-ARM Professional  Version: 5.14.0.0
Toolchain Path:  C:\Keil_v5\ARM\ARMCC\Bin
C Compiler:      Armcc.exe V5.05 update 1 (build 106)
Assembler:       Armasm.exe V5.05 update 1 (build 106)
Linker/Locator:  ArmLink.exe V5.05 update 1 (build 106)
Library Manager: ArmAr.exe V5.05 update 1 (build 106)
Hex Converter:   FromElf.exe V5.05 update 1 (build 106)
CPU DLL:         
Dialog DLL:      
Target DLL:      Segger\JL2CM3.dll V2.99.13.0
Dialog DLL:      TCM.DLL V1.14.4.0
 
<h2>Project:</h2>
D:\code\ble_es\ble_52832\examples\ble_peripheral\ble_app_proximity\pca10040\s132\arm5_no_packs\ble_app_proximity_pca10040_s132.uvprojx
Project File Date:  02/23/2017

<h2>Output:</h2>
*** Using Compiler 'V5.05 update 1 (build 106)', folder: 'C:\Keil_v5\ARM\ARMCC\Bin'
Rebuild target 'nrf52832_xxaa'
compiling bsp_btn_ble.c...
compiling ble_conn_state.c...
compiling ble_advertising.c...
compiling bsp.c...
compiling ble_conn_params.c...
compiling ble_advdata.c...
compiling main.c...
..\..\..\main.c(188): warning:  #550-D: variable "m_tx_buf" was set but never used
  static uint8_t       m_tx_buf[] = TEST_STRING;           /**< TX buffer. */
..\..\..\main.c(190): warning:  #177-D: variable "m_length" was declared but never referenced
  static const uint8_t m_length = sizeof(m_tx_buf);        /**< Transfer length. */																	 
..\..\..\main.c: 2 warnings, 0 errors
compiling gatts_cache_manager.c...
compiling ble_srv_common.c...
compiling gatt_cache_manager.c...
compiling peer_data.c...
compiling ble_db_discovery.c...
compiling id_manager.c...
compiling peer_data_storage.c...
compiling pm_buffer.c...
compiling pm_mutex.c...
compiling ble_bas.c...
compiling security_dispatcher.c...
compiling peer_database.c...
compiling security_manager.c...
compiling peer_manager.c...
compiling peer_id.c...
compiling nrf_drv_clock.c...
compiling ble_ias_c.c...
compiling ble_tps.c...
compiling nrf_drv_common.c...
compiling ble_lls.c...
compiling ble_ias.c...
compiling nrf_drv_gpiote.c...
compiling nrf_saadc.c...
compiling nrf_drv_spi.c...
compiling app_error_weak.c...
compiling app_error.c...
compiling app_button.c...
compiling nrf_drv_saadc.c...
compiling nrf_drv_uart.c...
compiling app_fifo.c...
compiling crc16.c...
compiling hardfault_implementation.c...
compiling app_timer.c...
compiling app_util_platform.c...
compiling app_uart_fifo.c...
compiling sensorsim.c...
compiling fstorage.c...
compiling nrf_log_backend_serial.c...
compiling nrf_log_frontend.c...
compiling RTT_Syscalls_KEIL.c...
compiling SEGGER_RTT_printf.c...
compiling fds.c...
compiling SEGGER_RTT.c...
assembling arm_startup_nrf52.s...
compiling sdk_mapped_flags.c...
compiling nrf_assert.c...
compiling system_nrf52.c...
compiling softdevice_handler.c...
linking...
Program Size: Code=32820 RO-data=1340 RW-data=336 ZI-data=11616  
FromELF: creating hex file...
".\_build\nrf52832_xxaa.axf" - 0 Error(s), 2 Warning(s).

<h2>Software Packages used:</h2>

Package Vendor: ARM
                http://www.keil.com/pack/ARM.CMSIS.4.5.0.pack
                ARM::CMSIS:CORE:4.3.0
                CMSIS (Cortex Microcontroller Software Interface Standard)
   * Component: CORE Version: 4.3.0

Package Vendor: NordicSemiconductor
                http://developer.nordicsemi.com/nRF5_SDK/pieces/nRF_DeviceFamilyPack/NordicSemiconductor.nRF_DeviceFamilyPack.8.9.0.pack
                NordicSemiconductor::Device:Startup:8.9.0
                Nordic Semiconductor nRF ARM devices Device Family Pack.
   * Component: Startup Version: 8.9.0

<h2>Collection of Component include folders:</h2>
  D:\code\ble_es\ble_52832\examples\ble_peripheral\ble_app_proximity\pca10040\s132\arm5_no_packs\RTE
  C:\Keil_v5\ARM\PACK\ARM\CMSIS\4.5.0\CMSIS\Include
  C:\Keil_v5\ARM\PACK\NordicSemiconductor\nRF_DeviceFamilyPack\8.9.0\Device\Include

<h2>Collection of Component Files used:</h2>

   * Component: ARM::CMSIS:CORE:4.3.0

   * Component: NordicSemiconductor::Device:Startup:8.9.0
      Source file:   Device\Source\arm\arm_startup_nrf52.s
      Source file:   Device\Source\system_nrf52.c
      Include file:  Device\Include\system_nrf52.h
Build Time Elapsed:  00:00:14
</pre>
</body>
</html>
