Component: ARM Compiler 5.05 update 1 (build 106) Tool: armlink [4d0efa]

==============================================================================

Section Cross References

    main.o(i.adc_event_handler) refers to nrf_drv_adc.o(i.nrf_drv_adc_buffer_convert) for nrf_drv_adc_buffer_convert
    main.o(i.adc_event_handler) refers to app_error.o(i.app_error_handler_bare) for app_error_handler_bare
    main.o(i.adc_event_handler) refers to main.o(i.battery_level_in_percent) for battery_level_in_percent
    main.o(i.adc_event_handler) refers to ble_bas.o(i.ble_bas_battery_level_update) for ble_bas_battery_level_update
    main.o(i.adc_event_handler) refers to main.o(.bss) for .bss
    main.o(i.advertising_start) refers to ble_advertising.o(i.ble_advertising_start) for ble_advertising_start
    main.o(i.advertising_start) refers to app_error.o(i.app_error_handler_bare) for app_error_handler_bare
    main.o(i.alert_signal) refers to app_error.o(i.app_error_handler_bare) for app_error_handler_bare
    main.o(i.alert_signal) refers to bsp.o(i.bsp_indication_set) for bsp_indication_set
    main.o(i.assert_nrf_callback) refers to app_error.o(i.app_error_handler) for app_error_handler
    main.o(i.bas_init) refers to memseta.o(.text) for __aeabi_memclr4
    main.o(i.bas_init) refers to ble_bas.o(i.ble_bas_init) for ble_bas_init
    main.o(i.bas_init) refers to app_error.o(i.app_error_handler_bare) for app_error_handler_bare
    main.o(i.bas_init) refers to main.o(i.on_bas_evt) for on_bas_evt
    main.o(i.bas_init) refers to main.o(.bss) for .bss
    main.o(i.battery_level_in_percent) refers to idiv.o(.text) for __aeabi_idivmod
    main.o(i.battery_level_meas_timeout_handler) refers to nrf_drv_adc.o(i.nrf_drv_adc_sample) for nrf_drv_adc_sample
    main.o(i.ble_evt_dispatch) refers to ble_conn_state.o(i.ble_conn_state_on_ble_evt) for ble_conn_state_on_ble_evt
    main.o(i.ble_evt_dispatch) refers to peer_manager.o(i.pm_on_ble_evt) for pm_on_ble_evt
    main.o(i.ble_evt_dispatch) refers to ble_db_discovery.o(i.ble_db_discovery_on_ble_evt) for ble_db_discovery_on_ble_evt
    main.o(i.ble_evt_dispatch) refers to ble_conn_params.o(i.ble_conn_params_on_ble_evt) for ble_conn_params_on_ble_evt
    main.o(i.ble_evt_dispatch) refers to ble_ias.o(i.ble_ias_on_ble_evt) for ble_ias_on_ble_evt
    main.o(i.ble_evt_dispatch) refers to ble_lls.o(i.ble_lls_on_ble_evt) for ble_lls_on_ble_evt
    main.o(i.ble_evt_dispatch) refers to ble_bas.o(i.ble_bas_on_ble_evt) for ble_bas_on_ble_evt
    main.o(i.ble_evt_dispatch) refers to ble_ias_c.o(i.ble_ias_c_on_ble_evt) for ble_ias_c_on_ble_evt
    main.o(i.ble_evt_dispatch) refers to ble_tps.o(i.ble_tps_on_ble_evt) for ble_tps_on_ble_evt
    main.o(i.ble_evt_dispatch) refers to bsp_btn_ble.o(i.bsp_btn_ble_on_ble_evt) for bsp_btn_ble_on_ble_evt
    main.o(i.ble_evt_dispatch) refers to main.o(i.on_ble_evt) for on_ble_evt
    main.o(i.ble_evt_dispatch) refers to ble_advertising.o(i.ble_advertising_on_ble_evt) for ble_advertising_on_ble_evt
    main.o(i.ble_evt_dispatch) refers to main.o(.bss) for .bss
    main.o(i.ble_stack_init) refers to softdevice_handler.o(i.softdevice_handler_init) for softdevice_handler_init
    main.o(i.ble_stack_init) refers to app_error.o(i.app_error_handler_bare) for app_error_handler_bare
    main.o(i.ble_stack_init) refers to softdevice_handler.o(i.softdevice_enable_get_default_config) for softdevice_enable_get_default_config
    main.o(i.ble_stack_init) refers to softdevice_handler.o(i.softdevice_enable) for softdevice_enable
    main.o(i.ble_stack_init) refers to softdevice_handler.o(i.softdevice_ble_evt_handler_set) for softdevice_ble_evt_handler_set
    main.o(i.ble_stack_init) refers to softdevice_handler.o(i.softdevice_sys_evt_handler_set) for softdevice_sys_evt_handler_set
    main.o(i.ble_stack_init) refers to main.o(.constdata) for .constdata
    main.o(i.ble_stack_init) refers to main.o(.bss) for .bss
    main.o(i.ble_stack_init) refers to main.o(i.ble_evt_dispatch) for ble_evt_dispatch
    main.o(i.ble_stack_init) refers to main.o(i.sys_evt_dispatch) for sys_evt_dispatch
    main.o(i.bsp_event_handler) refers to bsp.o(i.bsp_indication_set) for bsp_indication_set
    main.o(i.bsp_event_handler) refers to main.o(i.sleep_mode_enter) for sleep_mode_enter
    main.o(i.bsp_event_handler) refers to ble_ias_c.o(i.ble_ias_c_send_alert_level) for ble_ias_c_send_alert_level
    main.o(i.bsp_event_handler) refers to app_error.o(i.app_error_handler_bare) for app_error_handler_bare
    main.o(i.bsp_event_handler) refers to main.o(.bss) for .bss
    main.o(i.bsp_event_handler) refers to main.o(.data) for .data
    main.o(i.conn_params_error_handler) refers to app_error.o(i.app_error_handler_bare) for app_error_handler_bare
    main.o(i.db_disc_handler) refers to ble_ias_c.o(i.ble_ias_c_on_db_disc_evt) for ble_ias_c_on_db_disc_evt
    main.o(i.db_disc_handler) refers to main.o(.bss) for .bss
[...]
    m_ble_evt_handler                        0x20002144   Data           4  softdevice_handler.o(.data)
    m_sys_evt_handler                        0x20002148   Data           4  softdevice_handler.o(.data)
    .data                                    0x2000214c   Section        4  system_nrf51.o(.data)
    __tagsym$$used                           0x2000214c   Number         0  system_nrf51.o(.data)
    fs_data                                  0x20002150   Section       16  fds.o(fs_data)
    __tagsym$$used                           0x20002150   Number         0  fds.o(fs_data)
    fs_config                                0x20002150   Data          16  fds.o(fs_data)
    .bss                                     0x20002160   Section       32  main.o(.bss)
    m_battery_timer_id_data                  0x20002160   Data          32  main.o(.bss)
    .bss                                     0x20002180   Section      764  main.o(.bss)
    APP_TIMER_BUF                            0x20002180   Data         168  main.o(.bss)
    BLE_EVT_BUFFER                           0x20002228   Data          72  main.o(.bss)
    m_ble_db_discovery                       0x20002270   Data         428  main.o(.bss)
    m_tps                                    0x2000241c   Data          12  main.o(.bss)
    m_ias                                    0x20002428   Data          16  main.o(.bss)
    m_lls                                    0x20002438   Data          20  main.o(.bss)
    m_bas                                    0x2000244c   Data          24  main.o(.bss)
    m_ias_c                                  0x20002464   Data          24  main.o(.bss)
    .bss                                     0x2000247c   Section       32  bsp.o(.bss)
    m_leds_timer_id_data                     0x2000247c   Data          32  bsp.o(.bss)
    .bss                                     0x2000249c   Section       32  bsp.o(.bss)
    m_alert_timer_id_data                    0x2000249c   Data          32  bsp.o(.bss)
    .bss                                     0x200024bc   Section       12  bsp.o(.bss)
    m_events_list                            0x200024bc   Data          12  bsp.o(.bss)
    .bss                                     0x200024c8   Section       32  bsp.o(.bss)
    m_button_timer_id_data                   0x200024c8   Data          32  bsp.o(.bss)
    .bss                                     0x200024e8   Section      359  ble_advertising.o(.bss)
    m_adv_modes_config                       0x200024e8   Data          32  ble_advertising.o(.bss)
    m_advdata                                0x20002508   Data          56  ble_advertising.o(.bss)
    m_manuf_specific_data                    0x20002540   Data          12  ble_advertising.o(.bss)
    m_manuf_data_array                       0x2000254c   Data          31  ble_advertising.o(.bss)
    m_service_data                           0x2000256c   Data          12  ble_advertising.o(.bss)
    m_service_data_array                     0x20002578   Data          31  ble_advertising.o(.bss)
    m_whitelist_addrs                        0x20002597   Data          56  ble_advertising.o(.bss)
    m_whitelist_irks                         0x200025cf   Data         128  ble_advertising.o(.bss)
    .bss                                     0x20002650   Section       32  ble_advertising.o(.bss)
    m_p_whitelist_addrs                      0x20002650   Data          32  ble_advertising.o(.bss)
    .bss                                     0x20002670   Section       32  ble_advertising.o(.bss)
    m_p_whitelist_irks                       0x20002670   Data          32  ble_advertising.o(.bss)
    .bss                                     0x20002690   Section       32  ble_conn_params.o(.bss)
    m_conn_params_timer_id_data              0x20002690   Data          32  ble_conn_params.o(.bss)
    .bss                                     0x200026b0   Section       28  ble_conn_params.o(.bss)
    m_conn_params_config                     0x200026b0   Data          28  ble_conn_params.o(.bss)
    .bss                                     0x200026cc   Section       52  ble_conn_state.o(.bss)
    m_bcs                                    0x200026cc   Data          52  ble_conn_state.o(.bss)
    .bss                                     0x20002700   Section      504  ble_db_discovery.o(.bss)
    m_registered_handlers                    0x20002700   Data          24  ble_db_discovery.o(.bss)
    m_pending_user_evts                      0x20002718   Data         480  ble_db_discovery.o(.bss)
    .bss                                     0x200028f8   Section      112  id_manager.o(.bss)
    m_connections                            0x200028f8   Data          96  id_manager.o(.bss)
    m_wlisted_peers                          0x20002958   Data          16  id_manager.o(.bss)
    .bss                                     0x20002968   Section      816  peer_database.o(.bss)
    buffer_memory                            0x20002968   Data         640  peer_database.o(.bss)
    m_write_buffer                           0x20002be8   Data          16  peer_database.o(.bss)
    m_write_buffer_records                   0x20002bf8   Data         160  peer_database.o(.bss)
    .bss                                     0x20002c98   Section       64  peer_id.o(.bss)
    m_pi                                     0x20002c98   Data          64  peer_id.o(.bss)
    .bss                                     0x20002cd8   Section       12  peer_manager.o(.bss)
    m_evt_handlers                           0x20002cd8   Data          12  peer_manager.o(.bss)
    .bss                                     0x20002ce4   Section       64  security_dispatcher.o(.bss)
    m_peer_pk                                0x20002ce4   Data          64  security_dispatcher.o(.bss)
    .bss                                     0x20002d24   Section       20  nrf_drv_adc.o(.bss)
    m_cb                                     0x20002d24   Data          20  nrf_drv_adc.o(.bss)
    .bss                                     0x20002d38   Section       20  nrf_drv_clock.o(.bss)
    m_clock_cb                               0x20002d38   Data          20  nrf_drv_clock.o(.bss)
    .bss                                     0x20002d4c   Section       72  nrf_drv_gpiote.o(.bss)
    m_cb                                     0x20002d4c   Data          72  nrf_drv_gpiote.o(.bss)
    .bss                                     0x20002d94   Section       28  nrf_drv_uart.o(.bss)
    m_cb                                     0x20002d94   Data          28  nrf_drv_uart.o(.bss)
    .bss                                     0x20002db0   Section       32  app_button.o(.bss)
    m_detection_delay_timer_id_data          0x20002db0   Data          32  app_button.o(.bss)
    .bss                                     0x20002dd0   Section      284  fds.o(.bss)
    desc                                     0x20002dd0   Data          12  fds.o(.bss)
    m_cb_table                               0x20002ddc   Data          32  fds.o(.bss)
    m_op_queue                               0x20002dfc   Data         120  fds.o(.bss)
    m_chunk_queue                            0x20002e74   Data          72  fds.o(.bss)
    m_pages                                  0x20002ebc   Data          32  fds.o(.bss)
    m_gc                                     0x20002edc   Data          16  fds.o(.bss)
    .bss                                     0x20002eec   Section      104  fstorage.o(.bss)
    m_queue                                  0x20002eec   Data         104  fstorage.o(.bss)
    STACK                                    0x20002f58   Section     2048  arm_startup_nrf51.o(STACK)

    Global Symbols

    Symbol Name                              Value     Ov Type        Size  Object(Section)

    BuildAttributes$$THM_ISAv3M$S$PE$A:L22$X:L11$S22$IEEE1$IW$USESV6$~STKCKD$USESV7$~SHL$OSPACE$EBA8$MICROLIB$REQ8$PRES8$EABIv2 0x00000000   Number         0  anon$$obj.o ABSOLUTE
    __ARM_use_no_argv                        0x00000000   Number         0  main.o ABSOLUTE
    __cpp_initialize__aeabi_                  - Undefined Weak Reference
    __cxa_finalize                            - Undefined Weak Reference
    _clock_init                               - Undefined Weak Reference
    _microlib_exit                            - Undefined Weak Reference
    __Vectors_Size                           0x000000c0   Number         0  arm_startup_nrf51.o ABSOLUTE
    __Vectors                                0x0001b000   Data           4  arm_startup_nrf51.o(RESET)
    __Vectors_End                            0x0001b0c0   Data           0  arm_startup_nrf51.o(RESET)
    __main                                   0x0001b0c1   Thumb Code     0  entry.o(.ARM.Collect$$$$00000000)
    _main_stk                                0x0001b0c1   Thumb Code     0  entry2.o(.ARM.Collect$$$$00000001)
    _main_scatterload                        0x0001b0c5   Thumb Code     0  entry5.o(.ARM.Collect$$$$00000004)
    __main_after_scatterload                 0x0001b0c9   Thumb Code     0  entry5.o(.ARM.Collect$$$$00000004)
    _main_clock                              0x0001b0c9   Thumb Code     0  entry7b.o(.ARM.Collect$$$$00000008)
    _main_cpp_init                           0x0001b0c9   Thumb Code     0  entry8b.o(.ARM.Collect$$$$0000000A)
    _main_init                               0x0001b0c9   Thumb Code     0  entry9a.o(.ARM.Collect$$$$0000000B)
    __rt_final_cpp                           0x0001b0d1   Thumb Code     0  entry10a.o(.ARM.Collect$$$$0000000D)
    __rt_final_exit                          0x0001b0d1   Thumb Code     0  entry11a.o(.ARM.Collect$$$$0000000F)
    Reset_Handler                            0x0001b0d5   Thumb Code    26  arm_startup_nrf51.o(.text)
    NMI_Handler                              0x0001b0ef   Thumb Code     2  arm_startup_nrf51.o(.text)
    HardFault_Handler                        0x0001b0f1   Thumb Code     2  arm_startup_nrf51.o(.text)
    SVC_Handler                              0x0001b0f3   Thumb Code     2  arm_startup_nrf51.o(.text)
    PendSV_Handler                           0x0001b0f5   Thumb Code     2  arm_startup_nrf51.o(.text)
    SysTick_Handler                          0x0001b0f7   Thumb Code     2  arm_startup_nrf51.o(.text)
    CCM_AAR_IRQHandler                       0x0001b0f9   Thumb Code     0  arm_startup_nrf51.o(.text)
    ECB_IRQHandler                           0x0001b0f9   Thumb Code     0  arm_startup_nrf51.o(.text)
    LPCOMP_IRQHandler                        0x0001b0f9   Thumb Code     0  arm_startup_nrf51.o(.text)
    QDEC_IRQHandler                          0x0001b0f9   Thumb Code     0  arm_startup_nrf51.o(.text)
    RADIO_IRQHandler                         0x0001b0f9   Thumb Code     0  arm_startup_nrf51.o(.text)
    RNG_IRQHandler                           0x0001b0f9   Thumb Code     0  arm_startup_nrf51.o(.text)
    RTC0_IRQHandler                          0x0001b0f9   Thumb Code     0  arm_startup_nrf51.o(.text)
    SPI0_TWI0_IRQHandler                     0x0001b0f9   Thumb Code     0  arm_startup_nrf51.o(.text)
    SPI1_TWI1_IRQHandler                     0x0001b0f9   Thumb Code     0  arm_startup_nrf51.o(.text)
    SWI1_IRQHandler                          0x0001b0f9   Thumb Code     0  arm_startup_nrf51.o(.text)
    SWI3_IRQHandler                          0x0001b0f9   Thumb Code     0  arm_startup_nrf51.o(.text)
    SWI4_IRQHandler                          0x0001b0f9   Thumb Code     0  arm_startup_nrf51.o(.text)
    SWI5_IRQHandler                          0x0001b0f9   Thumb Code     0  arm_startup_nrf51.o(.text)
    TEMP_IRQHandler                          0x0001b0f9   Thumb Code     0  arm_startup_nrf51.o(.text)
    TIMER0_IRQHandler                        0x0001b0f9   Thumb Code     0  arm_startup_nrf51.o(.text)
    TIMER1_IRQHandler                        0x0001b0f9   Thumb Code     0  arm_startup_nrf51.o(.text)
    TIMER2_IRQHandler                        0x0001b0f9   Thumb Code     0  arm_startup_nrf51.o(.text)
    WDT_IRQHandler                           0x0001b0f9   Thumb Code     0  arm_startup_nrf51.o(.text)
    __aeabi_uidiv                            0x0001b10d   Thumb Code     0  uidiv.o(.text)
    __aeabi_uidivmod                         0x0001b10d   Thumb Code    44  uidiv.o(.text)
    __aeabi_idiv                             0x0001b139   Thumb Code     0  idiv.o(.text)
    __aeabi_idivmod                          0x0001b139   Thumb Code    40  idiv.o(.text)
    __aeabi_memcpy                           0x0001b161   Thumb Code    36  memcpya.o(.text)
    __aeabi_memcpy4                          0x0001b161   Thumb Code     0  memcpya.o(.text)
    __aeabi_memcpy8                          0x0001b161   Thumb Code     0  memcpya.o(.text)
    __aeabi_memset                           0x0001b185   Thumb Code    14  memseta.o(.text)
    __aeabi_memset4                          0x0001b185   Thumb Code     0  memseta.o(.text)
    __aeabi_memset8                          0x0001b185   Thumb Code     0  memseta.o(.text)
    __aeabi_memclr                           0x0001b193   Thumb Code     4  memseta.o(.text)
    __aeabi_memclr4                          0x0001b193   Thumb Code     0  memseta.o(.text)
    __aeabi_memclr8                          0x0001b193   Thumb Code     0  memseta.o(.text)
    _memset$wrapper                          0x0001b197   Thumb Code    18  memseta.o(.text)
    memcmp                                   0x0001b1a9   Thumb Code    26  memcmp.o(.text)
    __scatterload                            0x0001b1c5   Thumb Code    28  init.o(.text)
    __scatterload_rt2                        0x0001b1c5   Thumb Code     0  init.o(.text)
    __decompress                             0x0001b1e9   Thumb Code     0  __dczerorl2.o(.text)
    __decompress1                            0x0001b1e9   Thumb Code    86  __dczerorl2.o(.text)
    ADC_IRQHandler                           0x0001b241   Thumb Code    78  nrf_drv_adc.o(i.ADC_IRQHandler)
    GPIOTE_IRQHandler                        0x0001b2a1   Thumb Code   316  nrf_drv_gpiote.o(i.GPIOTE_IRQHandler)
    POWER_CLOCK_IRQHandler                   0x0001b435   Thumb Code    70  nrf_drv_clock.o(i.POWER_CLOCK_IRQHandler)
    RTC1_IRQHandler                          0x0001b489   Thumb Code    28  app_timer.o(i.RTC1_IRQHandler)
    SWI0_IRQHandler                          0x0001b4a9   Thumb Code     8  app_timer.o(i.SWI0_IRQHandler)
    SWI2_IRQHandler                          0x0001b4b1   Thumb Code    28  softdevice_handler.o(i.SWI2_IRQHandler)
    SystemInit                               0x0001b4d1   Thumb Code   130  system_nrf51.o(i.SystemInit)
    UART0_IRQHandler                         0x0001b571   Thumb Code    12  nrf_drv_uart.o(i.UART0_IRQHandler)
    __ARM_common_switch8                     0x0001b585   Thumb Code    26  main.o(i.__ARM_common_switch8)
    __scatterload_copy                       0x0001b59f   Thumb Code    14  handlers.o(i.__scatterload_copy)
    __scatterload_null                       0x0001b5ad   Thumb Code     2  handlers.o(i.__scatterload_null)
    __scatterload_zeroinit                   0x0001b5af   Thumb Code    14  handlers.o(i.__scatterload_zeroinit)
    adc_event_handler                        0x0001b5d9   Thumb Code    88  main.o(i.adc_event_handler)
    addr_compare                             0x0001b69d   Thumb Code    40  id_manager.o(i.addr_compare)
    adv_data_encode                          0x0001b6c5   Thumb Code   398  ble_advdata.o(i.adv_data_encode)
    ah                                       0x0001b90b   Thumb Code    78  id_manager.o(i.ah)
    app_button_enable                        0x0001baa9   Thumb Code    32  app_button.o(i.app_button_enable)
    app_button_init                          0x0001bacd   Thumb Code   100  app_button.o(i.app_button_init)
    app_error_fault_handler                  0x0001bb41   Thumb Code    18  app_error_weak.o(i.app_error_fault_handler)
    app_error_handler_bare                   0x0001bb5d   Thumb Code    20  app_error.o(i.app_error_handler_bare)
    app_timer_create                         0x0001bb75   Thumb Code    40  app_timer.o(i.app_timer_create)
    app_timer_init                           0x0001bba1   Thumb Code    98  app_timer.o(i.app_timer_init)
    app_timer_start                          0x0001bc15   Thumb Code   128  app_timer.o(i.app_timer_start)
    app_timer_stop                           0x0001bc9d   Thumb Code    36  app_timer.o(i.app_timer_stop)
    app_util_critical_region_enter           0x0001bcc5   Thumb Code    48  app_util_platform.o(i.app_util_critical_region_enter)
    app_util_critical_region_exit            0x0001bd01   Thumb Code    36  app_util_platform.o(i.app_util_critical_region_exit)
    ble_advdata_set                          0x0001bff5   Thumb Code   104  ble_advdata.o(i.ble_advdata_set)
    ble_advertising_init                     0x0001c05d   Thumb Code   340  ble_advertising.o(i.ble_advertising_init)
    ble_advertising_on_ble_evt               0x0001c1b9   Thumb Code    82  ble_advertising.o(i.ble_advertising_on_ble_evt)
    ble_advertising_on_sys_evt               0x0001c211   Thumb Code    42  ble_advertising.o(i.ble_advertising_on_sys_evt)
    ble_advertising_start                    0x0001c241   Thumb Code   256  ble_advertising.o(i.ble_advertising_start)
    ble_bas_battery_level_update             0x0001c349   Thumb Code   112  ble_bas.o(i.ble_bas_battery_level_update)
    ble_bas_init                             0x0001c3bd   Thumb Code    66  ble_bas.o(i.ble_bas_init)
    ble_bas_on_ble_evt                       0x0001c405   Thumb Code    96  ble_bas.o(i.ble_bas_on_ble_evt)
    ble_conn_params_init                     0x0001c465   Thumb Code    68  ble_conn_params.o(i.ble_conn_params_init)
    ble_conn_params_on_ble_evt               0x0001c4b9   Thumb Code   130  ble_conn_params.o(i.ble_conn_params_on_ble_evt)
    ble_conn_state_conn_handles              0x0001c549   Thumb Code    14  ble_conn_state.o(i.ble_conn_state_conn_handles)
    ble_conn_state_encrypted                 0x0001c55d   Thumb Code    16  ble_conn_state.o(i.ble_conn_state_encrypted)
    ble_conn_state_mitm_protected            0x0001c571   Thumb Code    16  ble_conn_state.o(i.ble_conn_state_mitm_protected)
    ble_conn_state_on_ble_evt                0x0001c585   Thumb Code   238  ble_conn_state.o(i.ble_conn_state_on_ble_evt)
    ble_conn_state_role                      0x0001c67d   Thumb Code    46  ble_conn_state.o(i.ble_conn_state_role)
    ble_conn_state_user_flag_acquire         0x0001c6b1   Thumb Code    42  ble_conn_state.o(i.ble_conn_state_user_flag_acquire)
    ble_conn_state_user_flag_collection      0x0001c6e1   Thumb Code    20  ble_conn_state.o(i.ble_conn_state_user_flag_collection)
    ble_conn_state_user_flag_get             0x0001c6f9   Thumb Code    32  ble_conn_state.o(i.ble_conn_state_user_flag_get)
    ble_conn_state_user_flag_set             0x0001c71d   Thumb Code    36  ble_conn_state.o(i.ble_conn_state_user_flag_set)
    ble_db_discovery_evt_register            0x0001c745   Thumb Code    66  ble_db_discovery.o(i.ble_db_discovery_evt_register)
    ble_db_discovery_init                    0x0001c791   Thumb Code    26  ble_db_discovery.o(i.ble_db_discovery_init)
    ble_db_discovery_on_ble_evt              0x0001c7b1   Thumb Code    82  ble_db_discovery.o(i.ble_db_discovery_on_ble_evt)
    ble_db_discovery_start                   0x0001c809   Thumb Code    90  ble_db_discovery.o(i.ble_db_discovery_start)
    ble_ias_c_handles_assign                 0x0001c935   Thumb Code    16  ble_ias_c.o(i.ble_ias_c_handles_assign)
    ble_ias_c_init                           0x0001c945   Thumb Code    58  ble_ias_c.o(i.ble_ias_c_init)
    ble_ias_c_on_ble_evt                     0x0001c993   Thumb Code    44  ble_ias_c.o(i.ble_ias_c_on_ble_evt)
    ble_ias_c_on_db_disc_evt                 0x0001c9c1   Thumb Code   116  ble_ias_c.o(i.ble_ias_c_on_db_disc_evt)
    ble_ias_c_send_alert_level               0x0001ca3d   Thumb Code    54  ble_ias_c.o(i.ble_ias_c_send_alert_level)
    ble_ias_init                             0x0001ca75   Thumb Code    46  ble_ias.o(i.ble_ias_init)
    ble_ias_on_ble_evt                       0x0001caa9   Thumb Code    52  ble_ias.o(i.ble_ias_on_ble_evt)
    ble_lls_alert_level_get                  0x0001cadd   Thumb Code    26  ble_lls.o(i.ble_lls_alert_level_get)
    ble_lls_init                             0x0001caf9   Thumb Code    56  ble_lls.o(i.ble_lls_init)
    ble_lls_on_ble_evt                       0x0001cb35   Thumb Code    84  ble_lls.o(i.ble_lls_on_ble_evt)
    ble_srv_is_notification_enabled          0x0001cb89   Thumb Code    14  ble_srv_common.o(i.ble_srv_is_notification_enabled)
    ble_srv_report_ref_encode                0x0001cb97   Thumb Code    12  ble_srv_common.o(i.ble_srv_report_ref_encode)
    ble_tps_init                             0x0001cc15   Thumb Code    38  ble_tps.o(i.ble_tps_init)
    ble_tps_on_ble_evt                       0x0001cc41   Thumb Code    12  ble_tps.o(i.ble_tps_on_ble_evt)
    bsp_btn_ble_init                         0x0001cc4d   Thumb Code    80  bsp_btn_ble.o(i.bsp_btn_ble_init)
    bsp_btn_ble_on_ble_evt                   0x0001cca1   Thumb Code   114  bsp_btn_ble.o(i.bsp_btn_ble_on_ble_evt)
    bsp_btn_ble_sleep_mode_prepare           0x0001cd19   Thumb Code    20  bsp_btn_ble.o(i.bsp_btn_ble_sleep_mode_prepare)
    bsp_button_is_pressed                    0x0001cdcd   Thumb Code    34  bsp.o(i.bsp_button_is_pressed)
    bsp_event_to_button_action_assign        0x0001ce79   Thumb Code    66  bsp.o(i.bsp_event_to_button_action_assign)
    bsp_indication_set                       0x0001cec1   Thumb Code    22  bsp.o(i.bsp_indication_set)
    bsp_init                                 0x0001cedd   Thumb Code   134  bsp.o(i.bsp_init)
    bsp_wakeup_buttons_set                   0x0001d175   Thumb Code    50  bsp.o(i.bsp_wakeup_buttons_set)
    chunk_queue_next                         0x0001d291   Thumb Code    20  fds.o(i.chunk_queue_next)
    fds_file_delete                          0x0001d9c1   Thumb Code    66  fds.o(i.fds_file_delete)
    fds_gc                                   0x0001da0d   Thumb Code    62  fds.o(i.fds_gc)
    fds_init                                 0x0001da55   Thumb Code   134  fds.o(i.fds_init)
    fds_record_close                         0x0001dae1   Thumb Code    60  fds.o(i.fds_record_close)
    fds_record_find                          0x0001db21   Thumb Code    14  fds.o(i.fds_record_find)
    fds_record_find_by_key                   0x0001db2f   Thumb Code    16  fds.o(i.fds_record_find_by_key)
    fds_record_find_in_file                  0x0001db3f   Thumb Code    16  fds.o(i.fds_record_find_in_file)
    fds_record_id_from_desc                  0x0001db4f   Thumb Code    20  fds.o(i.fds_record_id_from_desc)
    fds_record_open                          0x0001db65   Thumb Code    64  fds.o(i.fds_record_open)
    fds_record_update                        0x0001dba9   Thumb Code    20  fds.o(i.fds_record_update)
    fds_record_write                         0x0001dbbd   Thumb Code    12  fds.o(i.fds_record_write)
    fds_record_write_reserved                0x0001dbc9   Thumb Code    18  fds.o(i.fds_record_write_reserved)
    fds_register                             0x0001dbdd   Thumb Code    28  fds.o(i.fds_register)
    fds_reserve                              0x0001dc01   Thumb Code    48  fds.o(i.fds_reserve)
    fds_reserve_cancel                       0x0001dc35   Thumb Code    62  fds.o(i.fds_reserve_cancel)
    fs_erase                                 0x0001dd41   Thumb Code   118  fstorage.o(i.fs_erase)
    fs_init                                  0x0001ddc9   Thumb Code   154  fstorage.o(i.fs_init)
    fs_queued_op_count_get                   0x0001de75   Thumb Code    18  fstorage.o(i.fs_queued_op_count_get)
    fs_store                                 0x0001de8d   Thumb Code   128  fstorage.o(i.fs_store)
    fs_sys_event_handler                     0x0001df11   Thumb Code    94  fstorage.o(i.fs_sys_event_handler)
    gcm_ble_evt_handler                      0x0001e1b1   Thumb Code   232  gatt_cache_manager.o(i.gcm_ble_evt_handler)
    gcm_gscm_evt_handler                     0x0001e2a1   Thumb Code    96  gatt_cache_manager.o(i.gcm_gscm_evt_handler)
    gcm_im_evt_handler                       0x0001e309   Thumb Code    40  gatt_cache_manager.o(i.gcm_im_evt_handler)
    gcm_init                                 0x0001e335   Thumb Code    66  gatt_cache_manager.o(i.gcm_init)
    gcm_local_database_has_changed           0x0001e37d   Thumb Code    66  gatt_cache_manager.o(i.gcm_local_database_has_changed)
    gcm_smd_evt_handler                      0x0001e3c9   Thumb Code    16  gatt_cache_manager.o(i.gcm_smd_evt_handler)
    get_connection_by_conn_handle            0x0001e3d9   Thumb Code    48  id_manager.o(i.get_connection_by_conn_handle)
    get_free_connection                      0x0001e411   Thumb Code    40  id_manager.o(i.get_free_connection)
    gscm_db_change_notification_done         0x0001e491   Thumb Code    22  gatts_cache_manager.o(i.gscm_db_change_notification_done)
    gscm_init                                0x0001e4ad   Thumb Code    16  gatts_cache_manager.o(i.gscm_init)
    gscm_local_database_has_changed          0x0001e4c1   Thumb Code    18  gatts_cache_manager.o(i.gscm_local_database_has_changed)
    gscm_local_db_cache_apply                0x0001e4dd   Thumb Code   104  gatts_cache_manager.o(i.gscm_local_db_cache_apply)
    gscm_local_db_cache_update               0x0001e549   Thumb Code   124  gatts_cache_manager.o(i.gscm_local_db_cache_update)
    gscm_pdb_evt_handler                     0x0001e5cd   Thumb Code    68  gatts_cache_manager.o(i.gscm_pdb_evt_handler)
    gscm_service_changed_ind_needed          0x0001e619   Thumb Code    28  gatts_cache_manager.o(i.gscm_service_changed_ind_needed)
    gscm_service_changed_ind_send            0x0001e635   Thumb Code    32  gatts_cache_manager.o(i.gscm_service_changed_ind_send)
    im_address_resolve                       0x0001e67d   Thumb Code    64  id_manager.o(i.im_address_resolve)
    im_ble_addr_get                          0x0001e6bd   Thumb Code    38  id_manager.o(i.im_ble_addr_get)
    im_ble_evt_handler                       0x0001e6e9   Thumb Code   162  id_manager.o(i.im_ble_evt_handler)
    im_conn_handle_get                       0x0001e791   Thumb Code    34  id_manager.o(i.im_conn_handle_get)
    im_init                                  0x0001e7bd   Thumb Code    60  id_manager.o(i.im_init)
    im_is_duplicate_bonding_data             0x0001e805   Thumb Code    56  id_manager.o(i.im_is_duplicate_bonding_data)
    im_master_id_is_valid                    0x0001e83d   Thumb Code    28  id_manager.o(i.im_master_id_is_valid)
    im_master_ids_compare                    0x0001e859   Thumb Code    44  id_manager.o(i.im_master_ids_compare)
    im_new_peer_id                           0x0001e885   Thumb Code     8  id_manager.o(i.im_new_peer_id)
    im_pdb_evt_handler                       0x0001e88d   Thumb Code   110  id_manager.o(i.im_pdb_evt_handler)
    im_peer_free                             0x0001e8fd   Thumb Code    38  id_manager.o(i.im_peer_free)
    im_peer_id_get_by_conn_handle            0x0001e929   Thumb Code    24  id_manager.o(i.im_peer_id_get_by_conn_handle)
    im_peer_id_get_by_master_id              0x0001e949   Thumb Code    62  id_manager.o(i.im_peer_id_get_by_master_id)
    intern_softdevice_events_execute         0x0001ea4d   Thumb Code   122  softdevice_handler.o(i.intern_softdevice_events_execute)
    is_valid_irk                             0x0001eb75   Thumb Code    22  id_manager.o(i.is_valid_irk)
    main                                     0x0001f149   Thumb Code   322  main.o(i.main)
    new_connection                           0x0001f3bd   Thumb Code    80  id_manager.o(i.new_connection)
    next_id_get                              0x0001f419   Thumb Code    48  peer_id.o(i.next_id_get)
    nrf_drv_adc_buffer_convert               0x0001f4a1   Thumb Code    84  nrf_drv_adc.o(i.nrf_drv_adc_buffer_convert)
    nrf_drv_adc_channel_enable               0x0001f505   Thumb Code    28  nrf_drv_adc.o(i.nrf_drv_adc_channel_enable)
    nrf_drv_adc_init                         0x0001f525   Thumb Code    50  nrf_drv_adc.o(i.nrf_drv_adc_init)
    nrf_drv_adc_sample                       0x0001f565   Thumb Code     8  nrf_drv_adc.o(i.nrf_drv_adc_sample)
    nrf_drv_clock_init                       0x0001f571   Thumb Code    50  nrf_drv_clock.o(i.nrf_drv_clock_init)
    nrf_drv_clock_on_sd_enable               0x0001f5ad   Thumb Code    46  nrf_drv_clock.o(i.nrf_drv_clock_on_sd_enable)
    nrf_drv_clock_on_soc_event               0x0001f5e1   Thumb Code    12  nrf_drv_clock.o(i.nrf_drv_clock_on_soc_event)
    nrf_drv_common_irq_enable                0x0001f5ed   Thumb Code    78  nrf_drv_common.o(i.nrf_drv_common_irq_enable)
    nrf_drv_gpiote_in_event_enable           0x0001f64d   Thumb Code   134  nrf_drv_gpiote.o(i.nrf_drv_gpiote_in_event_enable)
    nrf_drv_gpiote_in_init                   0x0001f6e5   Thumb Code   146  nrf_drv_gpiote.o(i.nrf_drv_gpiote_in_init)
    nrf_drv_gpiote_in_is_set                 0x0001f789   Thumb Code    16  nrf_drv_gpiote.o(i.nrf_drv_gpiote_in_is_set)
    nrf_drv_gpiote_init                      0x0001f79d   Thumb Code    84  nrf_drv_gpiote.o(i.nrf_drv_gpiote_init)
    nrf_drv_gpiote_is_init                   0x0001f7f9   Thumb Code    12  nrf_drv_gpiote.o(i.nrf_drv_gpiote_is_init)
    pdb_init                                 0x0001ff91   Thumb Code    62  peer_database.o(i.pdb_init)
    pdb_next_deleted_peer_id_get             0x0001ffdd   Thumb Code     8  peer_database.o(i.pdb_next_deleted_peer_id_get)
    pdb_next_peer_id_get                     0x0001ffe5   Thumb Code     8  peer_database.o(i.pdb_next_peer_id_get)
    pdb_pds_evt_handler                      0x0001ffed   Thumb Code   300  peer_database.o(i.pdb_pds_evt_handler)
    pdb_peer_allocate                        0x00020121   Thumb Code     8  peer_database.o(i.pdb_peer_allocate)
    pdb_peer_data_load                       0x00020129   Thumb Code    16  peer_database.o(i.pdb_peer_data_load)
    pdb_peer_data_ptr_get                    0x00020139   Thumb Code    10  peer_database.o(i.pdb_peer_data_ptr_get)
    pdb_peer_free                            0x00020143   Thumb Code    74  peer_database.o(i.pdb_peer_free)
    pdb_raw_store                            0x0002018d   Thumb Code    12  peer_database.o(i.pdb_raw_store)
    pdb_write_buf_get                        0x00020199   Thumb Code   256  peer_database.o(i.pdb_write_buf_get)
    pdb_write_buf_release                    0x000202a1   Thumb Code    42  peer_database.o(i.pdb_write_buf_release)
    pdb_write_buf_store                      0x000202cd   Thumb Code   190  peer_database.o(i.pdb_write_buf_store)
    pdb_write_buf_store_prepare              0x00020395   Thumb Code    98  peer_database.o(i.pdb_write_buf_store_prepare)
    pds_init                                 0x00020409   Thumb Code   100  peer_data_storage.o(i.pds_init)
    pds_next_deleted_peer_id_get             0x00020479   Thumb Code     8  peer_data_storage.o(i.pds_next_deleted_peer_id_get)
    pds_next_peer_id_get                     0x00020481   Thumb Code     8  peer_data_storage.o(i.pds_next_peer_id_get)
    pds_peer_data_iterate                    0x00020489   Thumb Code    80  peer_data_storage.o(i.pds_peer_data_iterate)
    pds_peer_data_iterate_prepare            0x000204dd   Thumb Code    10  peer_data_storage.o(i.pds_peer_data_iterate_prepare)
    pds_peer_data_read                       0x000204ed   Thumb Code   112  peer_data_storage.o(i.pds_peer_data_read)
    pds_peer_data_store                      0x0002055d   Thumb Code   170  peer_data_storage.o(i.pds_peer_data_store)
    pds_peer_id_allocate                     0x00020609   Thumb Code    10  peer_data_storage.o(i.pds_peer_id_allocate)
    pds_peer_id_free                         0x00020619   Thumb Code    22  peer_data_storage.o(i.pds_peer_id_free)
    pds_peer_id_is_allocated                 0x0002062f   Thumb Code     8  peer_data_storage.o(i.pds_peer_id_is_allocated)
    pds_space_reserve                        0x00020637   Thumb Code    48  peer_data_storage.o(i.pds_space_reserve)
    pds_space_reserve_cancel                 0x00020667   Thumb Code    16  peer_data_storage.o(i.pds_space_reserve_cancel)
    peer_id_allocate                         0x00020765   Thumb Code    10  peer_id.o(i.peer_id_allocate)
    peer_id_delete                           0x00020775   Thumb Code    30  peer_id.o(i.peer_id_delete)
    peer_id_free                             0x0002079d   Thumb Code    22  peer_id.o(i.peer_id_free)
    peer_id_get_next_deleted                 0x000207b9   Thumb Code    10  peer_id.o(i.peer_id_get_next_deleted)
    peer_id_get_next_used                    0x000207c9   Thumb Code    42  peer_id.o(i.peer_id_get_next_used)
    peer_id_init                             0x000207fd   Thumb Code    34  peer_id.o(i.peer_id_init)
    peer_id_is_allocated                     0x00020825   Thumb Code    20  peer_id.o(i.peer_id_is_allocated)
    peer_id_is_deleted                       0x0002083d   Thumb Code    20  peer_id.o(i.peer_id_is_deleted)
    pm_buffer_block_acquire                  0x00020925   Thumb Code    94  pm_buffer.o(i.pm_buffer_block_acquire)
    pm_buffer_init                           0x00020983   Thumb Code    66  pm_buffer.o(i.pm_buffer_init)
    pm_buffer_ptr_get                        0x000209c5   Thumb Code    46  pm_buffer.o(i.pm_buffer_ptr_get)
    pm_buffer_release                        0x000209f3   Thumb Code    42  pm_buffer.o(i.pm_buffer_release)
    pm_conn_sec_config_reply                 0x00020a1d   Thumb Code     8  peer_manager.o(i.pm_conn_sec_config_reply)
    pm_conn_secure                           0x00020a25   Thumb Code    20  peer_manager.o(i.pm_conn_secure)
    pm_gcm_evt_handler                       0x00020ab9   Thumb Code   128  peer_manager.o(i.pm_gcm_evt_handler)
    pm_im_evt_handler                        0x00020b39   Thumb Code    74  peer_manager.o(i.pm_im_evt_handler)
    pm_init                                  0x00020b89   Thumb Code   108  peer_manager.o(i.pm_init)
    pm_local_database_has_changed            0x00020bf9   Thumb Code    16  peer_manager.o(i.pm_local_database_has_changed)
    pm_mutex_init                            0x00020c0d   Thumb Code    16  pm_mutex.o(i.pm_mutex_init)
    pm_mutex_lock                            0x00020c1d   Thumb Code    28  pm_mutex.o(i.pm_mutex_lock)
    pm_mutex_lock_first_available            0x00020c39   Thumb Code    52  pm_mutex.o(i.pm_mutex_lock_first_available)
    pm_mutex_lock_status_get                 0x00020c6d   Thumb Code    24  pm_mutex.o(i.pm_mutex_lock_status_get)
    pm_mutex_unlock                          0x00020c85   Thumb Code    54  pm_mutex.o(i.pm_mutex_unlock)
    pm_on_ble_evt                            0x00020cbd   Thumb Code    32  peer_manager.o(i.pm_on_ble_evt)
    pm_pdb_evt_handler                       0x00020ce1   Thumb Code   306  peer_manager.o(i.pm_pdb_evt_handler)
    pm_peer_delete                           0x00020e1d   Thumb Code    20  peer_manager.o(i.pm_peer_delete)
    pm_peer_rank_highest                     0x00020e35   Thumb Code   182  peer_manager.o(i.pm_peer_rank_highest)
    pm_peer_ranks_get                        0x00020ef5   Thumb Code   164  peer_manager.o(i.pm_peer_ranks_get)
    pm_peers_delete                          0x00020fa5   Thumb Code    52  peer_manager.o(i.pm_peers_delete)
    pm_register                              0x00020fe1   Thumb Code    38  peer_manager.o(i.pm_register)
    pm_sec_params_set                        0x00021011   Thumb Code    20  peer_manager.o(i.pm_sec_params_set)
    pm_sm_evt_handler                        0x00021029   Thumb Code   324  peer_manager.o(i.pm_sm_evt_handler)
    sdk_mapped_flags_bulk_update_by_key      0x000216a1   Thumb Code    70  sdk_mapped_flags.o(i.sdk_mapped_flags_bulk_update_by_key)
    sdk_mapped_flags_first_key_index_get     0x000216e9   Thumb Code    34  sdk_mapped_flags.o(i.sdk_mapped_flags_first_key_index_get)
    sdk_mapped_flags_get_by_key              0x00021721   Thumb Code    38  sdk_mapped_flags.o(i.sdk_mapped_flags_get_by_key)
    sdk_mapped_flags_key_list_get            0x00021747   Thumb Code    70  sdk_mapped_flags.o(i.sdk_mapped_flags_key_list_get)
    sdk_mapped_flags_update_by_key           0x0002178d   Thumb Code    14  sdk_mapped_flags.o(i.sdk_mapped_flags_update_by_key)
    sm_ble_evt_handler                       0x00021cc9   Thumb Code    16  security_manager.o(i.sm_ble_evt_handler)
    sm_conn_sec_config_reply                 0x00021cdd   Thumb Code    24  security_manager.o(i.sm_conn_sec_config_reply)
    sm_init                                  0x00021cf9   Thumb Code    76  security_manager.o(i.sm_init)
    sm_link_secure                           0x00021d49   Thumb Code    14  security_manager.o(i.sm_link_secure)
    sm_pdb_evt_handler                       0x00021d59   Thumb Code    48  security_manager.o(i.sm_pdb_evt_handler)
    sm_sec_params_set                        0x00021d8d   Thumb Code    44  security_manager.o(i.sm_sec_params_set)
    sm_smd_evt_handler                       0x00021dbd   Thumb Code   118  security_manager.o(i.sm_smd_evt_handler)
    smd_ble_evt_handler                      0x00021e39   Thumb Code   214  security_dispatcher.o(i.smd_ble_evt_handler)
    smd_init                                 0x00021f1d   Thumb Code    56  security_dispatcher.o(i.smd_init)
    smd_link_secure                          0x00021f59   Thumb Code    44  security_dispatcher.o(i.smd_link_secure)
    smd_params_reply                         0x00021f89   Thumb Code   260  security_dispatcher.o(i.smd_params_reply)
    smd_pdb_evt_handler                      0x00022121   Thumb Code    46  security_dispatcher.o(i.smd_pdb_evt_handler)
    softdevice_ble_evt_handler_set           0x00022155   Thumb Code    16  softdevice_handler.o(i.softdevice_ble_evt_handler_set)
    softdevice_enable                        0x00022169   Thumb Code    14  softdevice_handler.o(i.softdevice_enable)
    softdevice_enable_get_default_config     0x0002217d   Thumb Code    40  softdevice_handler.o(i.softdevice_enable_get_default_config)
    softdevice_fault_handler                 0x000221a5   Thumb Code     8  softdevice_handler.o(i.softdevice_fault_handler)
    softdevice_handler_init                  0x000221ad   Thumb Code    74  softdevice_handler.o(i.softdevice_handler_init)
    softdevice_handler_is_enabled            0x00022205   Thumb Code     6  softdevice_handler.o(i.softdevice_handler_is_enabled)
    softdevice_sys_evt_handler_set           0x00022211   Thumb Code    16  softdevice_handler.o(i.softdevice_sys_evt_handler_set)
    Region$$Table$$Base                      0x00022b80   Number         0  anon$$obj.o(Region$$Table)
    Region$$Table$$Limit                     0x00022ba0   Number         0  anon$$obj.o(Region$$Table)
    Image$$RW_IRAM1$$Base                    0x20001fe8   Number         0  anon$$obj.o ABSOLUTE
    nrf_nvic_state                           0x20002114   Data           8  app_util_platform.o(.data)
    SystemCoreClock                          0x2000214c   Data           4  system_nrf51.o(.data)
    fs_data$$Base                            0x20002150   Number         0  fds.o(fs_data)
    fs_data$$Limit                           0x20002160   Number         0  fds.o(fs_data)
    __initial_sp                             0x20003758   Data           0  arm_startup_nrf51.o(STACK)



==============================================================================

Memory Map of the image

  Image Entry point : 0x0001b0c1

  Load Region LR_IROM1 (Base: 0x0001b000, Size: 0x00007d18, Max: 0x00025000, ABSOLUTE, COMPRESSED[0x00007bdc])

    Execution Region ER_IROM1 (Base: 0x0001b000, Size: 0x00007ba0, Max: 0x00025000, ABSOLUTE)

    Base Addr    Size         Type   Attr      Idx    E Section Name        Object

    0x0001b000   0x000000c0   Data   RO         4597    RESET               arm_startup_nrf51.o
    0x0001b0c0   0x00000000   Code   RO         4639  * .ARM.Collect$$$$00000000  mc_p.l(entry.o)
    0x0001b0c0   0x00000004   Code   RO         4658    .ARM.Collect$$$$00000001  mc_p.l(entry2.o)
    0x0001b0c4   0x00000004   Code   RO         4661    .ARM.Collect$$$$00000004  mc_p.l(entry5.o)
    0x0001b0c8   0x00000000   Code   RO         4663    .ARM.Collect$$$$00000008  mc_p.l(entry7b.o)
    0x0001b0c8   0x00000000   Code   RO         4665    .ARM.Collect$$$$0000000A  mc_p.l(entry8b.o)
    0x0001b0c8   0x00000008   Code   RO         4666    .ARM.Collect$$$$0000000B  mc_p.l(entry9a.o)
    0x0001b0d0   0x00000000   Code   RO         4668    .ARM.Collect$$$$0000000D  mc_p.l(entry10a.o)
    0x0001b0d0   0x00000000   Code   RO         4670    .ARM.Collect$$$$0000000F  mc_p.l(entry11a.o)
    0x0001b0d0   0x00000004   Code   RO         4659    .ARM.Collect$$$$00002712  mc_p.l(entry2.o)
    0x0001b0d4   0x00000038   Code   RO         4598    .text               arm_startup_nrf51.o
    0x0001b10c   0x0000002c   Code   RO         4642    .text               mc_p.l(uidiv.o)
    0x0001b138   0x00000028   Code   RO         4644    .text               mc_p.l(idiv.o)
    0x0001b160   0x00000024   Code   RO         4646    .text               mc_p.l(memcpya.o)
    0x0001b184   0x00000024   Code   RO         4648    .text               mc_p.l(memseta.o)
    0x0001b1a8   0x0000001a   Code   RO         4652    .text               mc_p.l(memcmp.o)
    0x0001b1c2   0x00000002   PAD
    0x0001b1c4   0x00000024   Code   RO         4672    .text               mc_p.l(init.o)
    0x0001b1e8   0x00000056   Code   RO         4682    .text               mc_p.l(__dczerorl2.o)
    0x0001b23e   0x00000002   PAD
    0x0001b240   0x00000060   Code   RO         2717    i.ADC_IRQHandler    nrf_drv_adc.o
    0x0001b2a0   0x00000150   Code   RO         2981    i.GPIOTE_IRQHandler  nrf_drv_gpiote.o
    0x0001b3f0   0x00000044   Code   RO         3529    i.NVIC_SetPriority  app_timer.o
    0x0001b434   0x00000054   Code   RO         2810    i.POWER_CLOCK_IRQHandler  nrf_drv_clock.o
    0x0001b488   0x00000020   Code   RO         3530    i.RTC1_IRQHandler   app_timer.o
    0x0001b4a8   0x00000008   Code   RO         3531    i.SWI0_IRQHandler   app_timer.o
    0x0001b4b0   0x00000020   Code   RO         4470    i.SWI2_IRQHandler   softdevice_handler.o
    0x0001b4d0   0x000000a0   Code   RO         4605    i.SystemInit        system_nrf51.o
    0x0001b570   0x00000014   Code   RO         3176    i.UART0_IRQHandler  nrf_drv_uart.o
    0x0001b584   0x0000001a   Code   RO          151    i.__ARM_common_switch8  main.o
    0x0001b59e   0x0000000e   Code   RO         4676    i.__scatterload_copy  mc_p.l(handlers.o)
    0x0001b5ac   0x00000002   Code   RO         4677    i.__scatterload_null  mc_p.l(handlers.o)
    0x0001b5ae   0x0000000e   Code   RO         4678    i.__scatterload_zeroinit  mc_p.l(handlers.o)
    0x0001b5bc   0x0000001c   Code   RO         4471    i.__sd_nvic_app_accessible_irq  softdevice_handler.o
    0x0001b5d8   0x00000064   Code   RO            3    i.adc_event_handler  main.o
    0x0001b63c   0x00000060   Code   RO         2718    i.adc_sample_process  nrf_drv_adc.o
    0x0001b69c   0x00000028   Code   RO         1282    i.addr_compare      id_manager.o
    0x0001b6c4   0x0000018e   Code   RO          578    i.adv_data_encode   ble_advdata.o
    0x0001b852   0x00000002   PAD
    0x0001b854   0x00000068   Code   RO          651    i.adv_mode_next_avail_get  ble_advertising.o
    0x0001b8bc   0x0000003c   Code   RO          539    i.advertising_buttons_configure  bsp_btn_ble.o
    0x0001b8f8   0x00000012   Code   RO            4    i.advertising_start  main.o
    0x0001b90a   0x0000004e   Code   RO         1284    i.ah                id_manager.o
    0x0001b958   0x00000084   Code   RO         2520    i.alert_level_char_add  ble_ias.o
    0x0001b9dc   0x0000008c   Code   RO         2609    i.alert_level_char_add  ble_lls.o
    0x0001ba68   0x00000028   Code   RO            5    i.alert_signal      main.o
    0x0001ba90   0x00000018   Code   RO          419    i.alert_timer_handler  bsp.o
    0x0001baa8   0x00000024   Code   RO         3341    i.app_button_enable  app_button.o
    0x0001bacc   0x00000074   Code   RO         3342    i.app_button_init   app_button.o
    0x0001bb40   0x0000001c   Code   RO         3437    i.app_error_fault_handler  app_error_weak.o
    0x0001bb5c   0x00000018   Code   RO         3402    i.app_error_handler_bare  app_error.o
    0x0001bb74   0x0000002c   Code   RO         3534    i.app_timer_create  app_timer.o
    0x0001bba0   0x00000074   Code   RO         3535    i.app_timer_init    app_timer.o
    0x0001bc14   0x00000088   Code   RO         3536    i.app_timer_start   app_timer.o
    0x0001bc9c   0x00000028   Code   RO         3537    i.app_timer_stop    app_timer.o
    0x0001bcc4   0x0000003c   Code   RO         3742    i.app_util_critical_region_enter  app_util_platform.o
    0x0001bd00   0x0000002c   Code   RO         3743    i.app_util_critical_region_exit  app_util_platform.o
    0x0001bd2c   0x000000a0   Code   RO         2250    i.auth_status_success_process  security_dispatcher.o
    0x0001bdcc   0x00000064   Code   RO            7    i.bas_init          main.o
    0x0001be30   0x00000138   Code   RO         2483    i.battery_level_char_add  ble_bas.o
    0x0001bf68   0x00000084   Code   RO            8    i.battery_level_in_percent  main.o
    0x0001bfec   0x00000008   Code   RO            9    i.battery_level_meas_timeout_handler  main.o
    0x0001bff4   0x00000068   Code   RO          579    i.ble_advdata_set   ble_advdata.o
    0x0001c05c   0x0000015c   Code   RO          652    i.ble_advertising_init  ble_advertising.o
    0x0001c1b8   0x00000058   Code   RO          653    i.ble_advertising_on_ble_evt  ble_advertising.o
    0x0001c210   0x00000030   Code   RO          654    i.ble_advertising_on_sys_evt  ble_advertising.o
    0x0001c240   0x00000108   Code   RO          657    i.ble_advertising_start  ble_advertising.o
    0x0001c348   0x00000074   Code   RO         2484    i.ble_bas_battery_level_update  ble_bas.o
    0x0001c3bc   0x00000048   Code   RO         2485    i.ble_bas_init      ble_bas.o
    0x0001c404   0x00000060   Code   RO         2486    i.ble_bas_on_ble_evt  ble_bas.o
    0x0001c464   0x00000054   Code   RO          745    i.ble_conn_params_init  ble_conn_params.o
    0x0001c4b8   0x00000090   Code   RO          746    i.ble_conn_params_on_ble_evt  ble_conn_params.o
    0x0001c548   0x00000014   Code   RO          811    i.ble_conn_state_conn_handles  ble_conn_state.o
    0x0001c55c   0x00000014   Code   RO          812    i.ble_conn_state_encrypted  ble_conn_state.o
    0x0001c570   0x00000014   Code   RO          814    i.ble_conn_state_mitm_protected  ble_conn_state.o
    0x0001c584   0x000000f8   Code   RO          818    i.ble_conn_state_on_ble_evt  ble_conn_state.o
    0x0001c67c   0x00000034   Code   RO          820    i.ble_conn_state_role  ble_conn_state.o
    0x0001c6b0   0x00000030   Code   RO          822    i.ble_conn_state_user_flag_acquire  ble_conn_state.o
    0x0001c6e0   0x00000018   Code   RO          823    i.ble_conn_state_user_flag_collection  ble_conn_state.o
    0x0001c6f8   0x00000024   Code   RO          824    i.ble_conn_state_user_flag_get  ble_conn_state.o
    0x0001c71c   0x00000028   Code   RO          825    i.ble_conn_state_user_flag_set  ble_conn_state.o
    0x0001c744   0x0000004c   Code   RO          939    i.ble_db_discovery_evt_register  ble_db_discovery.o
    0x0001c790   0x00000020   Code   RO          940    i.ble_db_discovery_init  ble_db_discovery.o
    0x0001c7b0   0x00000058   Code   RO          941    i.ble_db_discovery_on_ble_evt  ble_db_discovery.o
    0x0001c808   0x00000064   Code   RO          942    i.ble_db_discovery_start  ble_db_discovery.o
    0x0001c86c   0x0000005e   Code   RO          580    i.ble_device_addr_encode  ble_advdata.o
    0x0001c8ca   0x00000002   PAD
    0x0001c8cc   0x00000068   Code   RO           10    i.ble_evt_dispatch  main.o
    0x0001c934   0x00000010   Code   RO         2557    i.ble_ias_c_handles_assign  ble_ias_c.o
    0x0001c944   0x00000044   Code   RO         2558    i.ble_ias_c_init    ble_ias_c.o
    0x0001c988   0x0000000a   Code   RO         2559    i.ble_ias_c_is_discovered  ble_ias_c.o
    0x0001c992   0x0000002c   Code   RO         2560    i.ble_ias_c_on_ble_evt  ble_ias_c.o
    0x0001c9be   0x00000002   PAD
    0x0001c9c0   0x0000007c   Code   RO         2561    i.ble_ias_c_on_db_disc_evt  ble_ias_c.o
    0x0001ca3c   0x00000036   Code   RO         2562    i.ble_ias_c_send_alert_level  ble_ias_c.o
    0x0001ca72   0x00000002   PAD
    0x0001ca74   0x00000034   Code   RO         2522    i.ble_ias_init      ble_ias.o
    0x0001caa8   0x00000034   Code   RO         2523    i.ble_ias_on_ble_evt  ble_ias.o
    0x0001cadc   0x0000001a   Code   RO         2610    i.ble_lls_alert_level_get  ble_lls.o
    0x0001caf6   0x00000002   PAD
    0x0001caf8   0x0000003c   Code   RO         2611    i.ble_lls_init      ble_lls.o
    0x0001cb34   0x00000054   Code   RO         2612    i.ble_lls_on_ble_evt  ble_lls.o
    0x0001cb88   0x0000000e   Code   RO         1040    i.ble_srv_is_notification_enabled  ble_srv_common.o
    0x0001cb96   0x0000000c   Code   RO         1041    i.ble_srv_report_ref_encode  ble_srv_common.o
    0x0001cba2   0x00000002   PAD
    0x0001cba4   0x00000070   Code   RO           11    i.ble_stack_init    main.o
    0x0001cc14   0x0000002c   Code   RO         2646    i.ble_tps_init      ble_tps.o
    0x0001cc40   0x0000000c   Code   RO         2647    i.ble_tps_on_ble_evt  ble_tps.o
    0x0001cc4c   0x00000054   Code   RO          540    i.bsp_btn_ble_init  bsp_btn_ble.o
    0x0001cca0   0x00000078   Code   RO          541    i.bsp_btn_ble_on_ble_evt  bsp_btn_ble.o
    0x0001cd18   0x00000014   Code   RO          542    i.bsp_btn_ble_sleep_mode_prepare  bsp_btn_ble.o
    0x0001cd2c   0x000000a0   Code   RO          420    i.bsp_button_event_handler  bsp.o
    0x0001cdcc   0x0000002c   Code   RO          421    i.bsp_button_is_pressed  bsp.o
    0x0001cdf8   0x00000080   Code   RO           12    i.bsp_event_handler  main.o
    0x0001ce78   0x00000048   Code   RO          425    i.bsp_event_to_button_action_assign  bsp.o
    0x0001cec0   0x0000001c   Code   RO          426    i.bsp_indication_set  bsp.o
    0x0001cedc   0x000000a0   Code   RO          428    i.bsp_init          bsp.o
    0x0001cf7c   0x000001f8   Code   RO          429    i.bsp_led_indication  bsp.o
    0x0001d174   0x0000003c   Code   RO          430    i.bsp_wakeup_buttons_set  bsp.o
    0x0001d1b0   0x0000000c   Code   RO          432    i.button_timer_handler  bsp.o
    0x0001d1bc   0x0000001c   Code   RO         2982    i.channel_free      nrf_drv_gpiote.o
    0x0001d1d8   0x00000048   Code   RO         2983    i.channel_port_alloc  nrf_drv_gpiote.o
    0x0001d220   0x00000010   Code   RO         2984    i.channel_port_get  nrf_drv_gpiote.o
    0x0001d230   0x0000003e   Code   RO          943    i.characteristics_discover  ble_db_discovery.o
    0x0001d26e   0x00000002   PAD
    0x0001d270   0x00000020   Code   RO         4106    i.check_config      fstorage.o
    0x0001d290   0x00000018   Code   RO         3804    i.chunk_queue_next  fds.o
    0x0001d2a8   0x0000003c   Code   RO         1819    i.claim             peer_id.o
    0x0001d2e4   0x00000028   Code   RO         2811    i.clock_clk_started_notify  nrf_drv_clock.o
    0x0001d30c   0x000000a8   Code   RO         3539    i.compare_reg_update  app_timer.o
    0x0001d3b4   0x00000088   Code   RO          581    i.conn_int_encode   ble_advdata.o
    0x0001d43c   0x00000008   Code   RO           13    i.conn_params_error_handler  main.o
    0x0001d444   0x00000068   Code   RO          748    i.conn_params_negotiation  ble_conn_params.o
    0x0001d4ac   0x00000010   Code   RO           14    i.db_disc_handler   main.o
    0x0001d4bc   0x000000a4   Code   RO         3805    i.delete_execute    fds.o
    0x0001d560   0x00000084   Code   RO          944    i.descriptors_discover  ble_db_discovery.o
    0x0001d5e4   0x00000060   Code   RO         3344    i.detection_delay_timeout_handler  app_button.o
    0x0001d644   0x0000008c   Code   RO          945    i.discovery_complete_evt_trigger  ble_db_discovery.o
    0x0001d6d0   0x0000002c   Code   RO          946    i.discovery_error_evt_trigger  ble_db_discovery.o
    0x0001d6fc   0x00000040   Code   RO         3540    i.elapsed_ticks_acquire  app_timer.o
    0x0001d73c   0x00000030   Code   RO         2251    i.encryption_failure  security_dispatcher.o
    0x0001d76c   0x0000006a   Code   RO         3806    i.event_prepare     fds.o
    0x0001d7d6   0x00000002   PAD
    0x0001d7d8   0x00000020   Code   RO         3807    i.event_send        fds.o
    0x0001d7f8   0x00000032   Code   RO         2361    i.events_send_from_err_code  security_manager.o
    0x0001d82a   0x00000002   PAD
    0x0001d82c   0x0000000c   Code   RO         1093    i.evt_send          gatt_cache_manager.o
    0x0001d838   0x0000001c   Code   RO         1285    i.evt_send          id_manager.o
    0x0001d854   0x00000028   Code   RO         1905    i.evt_send          peer_manager.o
    0x0001d87c   0x0000001c   Code   RO         2252    i.evt_send          security_dispatcher.o
    0x0001d898   0x0000000c   Code   RO         2362    i.evt_send          security_manager.o
    0x0001d8a4   0x0000011c   Code   RO         1505    i.fds_evt_handler   peer_data_storage.o
    0x0001d9c0   0x0000004c   Code   RO         3809    i.fds_file_delete   fds.o
    0x0001da0c   0x00000048   Code   RO         3810    i.fds_gc            fds.o
    0x0001da54   0x0000008c   Code   RO         3811    i.fds_init          fds.o
    0x0001dae0   0x00000040   Code   RO         3812    i.fds_record_close  fds.o
    0x0001db20   0x0000000e   Code   RO         3814    i.fds_record_find   fds.o
    0x0001db2e   0x00000010   Code   RO         3815    i.fds_record_find_by_key  fds.o
    0x0001db3e   0x00000010   Code   RO         3816    i.fds_record_find_in_file  fds.o
    0x0001db4e   0x00000014   Code   RO         3817    i.fds_record_id_from_desc  fds.o
    0x0001db62   0x00000002   PAD
    0x0001db64   0x00000044   Code   RO         3819    i.fds_record_open   fds.o
    0x0001dba8   0x00000014   Code   RO         3820    i.fds_record_update  fds.o
    0x0001dbbc   0x0000000c   Code   RO         3821    i.fds_record_write  fds.o
    0x0001dbc8   0x00000012   Code   RO         3822    i.fds_record_write_reserved  fds.o
    0x0001dbda   0x00000002   PAD
    0x0001dbdc   0x00000024   Code   RO         3823    i.fds_register      fds.o
    0x0001dc00   0x00000034   Code   RO         3824    i.fds_reserve       fds.o
    0x0001dc34   0x00000048   Code   RO         3825    i.fds_reserve_cancel  fds.o
    0x0001dc7c   0x0000000a   Code   RO         1506    i.file_id_to_peer_id  peer_data_storage.o
    0x0001dc86   0x00000002   PAD
    0x0001dc88   0x00000018   Code   RO         1507    i.file_id_within_pm_range  peer_data_storage.o
    0x0001dca0   0x00000010   Code   RO         3827    i.flag_clear        fds.o
    0x0001dcb0   0x00000012   Code   RO         2253    i.flag_id_init      security_dispatcher.o
    0x0001dcc2   0x00000012   Code   RO         2363    i.flag_id_init      security_manager.o
    0x0001dcd4   0x00000010   Code   RO         3828    i.flag_set          fds.o
    0x0001dce4   0x0000005c   Code   RO         2364    i.flags_set_from_err_code  security_manager.o
    0x0001dd40   0x0000007c   Code   RO         4107    i.fs_erase          fstorage.o
    0x0001ddbc   0x0000000a   Code   RO         3829    i.fs_event_handler  fds.o
    0x0001ddc6   0x00000002   PAD
    0x0001ddc8   0x000000ac   Code   RO         4109    i.fs_init           fstorage.o
    0x0001de74   0x00000018   Code   RO         4110    i.fs_queued_op_count_get  fstorage.o
    0x0001de8c   0x00000084   Code   RO         4111    i.fs_store          fstorage.o
    0x0001df10   0x00000068   Code   RO         4112    i.fs_sys_event_handler  fstorage.o
    0x0001df78   0x00000064   Code   RO           15    i.gap_params_init   main.o
    0x0001dfdc   0x00000068   Code   RO         3830    i.gc_execute        fds.o
    0x0001e044   0x0000004c   Code   RO         3831    i.gc_next_page      fds.o
    0x0001e090   0x0000004c   Code   RO         3832    i.gc_page_erase     fds.o
    0x0001e0dc   0x00000034   Code   RO         3833    i.gc_record_copy    fds.o
    0x0001e110   0x00000020   Code   RO         3834    i.gc_record_find_next  fds.o
    0x0001e130   0x00000080   Code   RO         3835    i.gc_state_advance  fds.o
    0x0001e1b0   0x000000f0   Code   RO         1094    i.gcm_ble_evt_handler  gatt_cache_manager.o
    0x0001e2a0   0x00000068   Code   RO         1095    i.gcm_gscm_evt_handler  gatt_cache_manager.o
    0x0001e308   0x0000002c   Code   RO         1096    i.gcm_im_evt_handler  gatt_cache_manager.o
    0x0001e334   0x00000048   Code   RO         1097    i.gcm_init          gatt_cache_manager.o
    0x0001e37c   0x0000004c   Code   RO         1098    i.gcm_local_database_has_changed  gatt_cache_manager.o
    0x0001e3c8   0x00000010   Code   RO         1101    i.gcm_smd_evt_handler  gatt_cache_manager.o
    0x0001e3d8   0x00000038   Code   RO         1286    i.get_connection_by_conn_handle  id_manager.o
    0x0001e410   0x00000030   Code   RO         1287    i.get_free_connection  id_manager.o
    0x0001e440   0x00000050   Code   RO         3345    i.gpiote_event_handler  app_button.o
    0x0001e490   0x0000001c   Code   RO         1201    i.gscm_db_change_notification_done  gatts_cache_manager.o
    0x0001e4ac   0x00000014   Code   RO         1202    i.gscm_init         gatts_cache_manager.o
    0x0001e4c0   0x0000001c   Code   RO         1203    i.gscm_local_database_has_changed  gatts_cache_manager.o
    0x0001e4dc   0x0000006c   Code   RO         1204    i.gscm_local_db_cache_apply  gatts_cache_manager.o
    0x0001e548   0x00000084   Code   RO         1206    i.gscm_local_db_cache_update  gatts_cache_manager.o
    0x0001e5cc   0x0000004c   Code   RO         1207    i.gscm_pdb_evt_handler  gatts_cache_manager.o
    0x0001e618   0x0000001c   Code   RO         1208    i.gscm_service_changed_ind_needed  gatts_cache_manager.o
    0x0001e634   0x0000002c   Code   RO         1209    i.gscm_service_changed_ind_send  gatts_cache_manager.o
    0x0001e660   0x0000001c   Code   RO         3836    i.header_is_valid   fds.o
    0x0001e67c   0x00000040   Code   RO         1288    i.im_address_resolve  id_manager.o
    0x0001e6bc   0x0000002c   Code   RO         1289    i.im_ble_addr_get   id_manager.o
    0x0001e6e8   0x000000a8   Code   RO         1290    i.im_ble_evt_handler  id_manager.o
    0x0001e790   0x0000002c   Code   RO         1291    i.im_conn_handle_get  id_manager.o
    0x0001e7bc   0x00000048   Code   RO         1295    i.im_init           id_manager.o
    0x0001e804   0x00000038   Code   RO         1296    i.im_is_duplicate_bonding_data  id_manager.o
    0x0001e83c   0x0000001c   Code   RO         1297    i.im_master_id_is_valid  id_manager.o
    0x0001e858   0x0000002c   Code   RO         1298    i.im_master_ids_compare  id_manager.o
    0x0001e884   0x00000008   Code   RO         1299    i.im_new_peer_id    id_manager.o
    0x0001e88c   0x0000006e   Code   RO         1300    i.im_pdb_evt_handler  id_manager.o
    0x0001e8fa   0x00000002   PAD
    0x0001e8fc   0x0000002c   Code   RO         1301    i.im_peer_free      id_manager.o
    0x0001e928   0x00000020   Code   RO         1302    i.im_peer_id_get_by_conn_handle  id_manager.o
    0x0001e948   0x00000044   Code   RO         1303    i.im_peer_id_get_by_master_id  id_manager.o
    0x0001e98c   0x000000c0   Code   RO         3837    i.init_execute      fds.o
    0x0001ea4c   0x00000080   Code   RO         4472    i.intern_softdevice_events_execute  softdevice_handler.o
    0x0001eacc   0x0000001c   Code   RO          749    i.is_conn_params_ok  ble_conn_params.o
    0x0001eae8   0x00000044   Code   RO          947    i.is_desc_discovery_reqd  ble_db_discovery.o
    0x0001eb2c   0x00000048   Code   RO         4606    i.is_manual_peripheral_setup_needed  system_nrf51.o
    0x0001eb74   0x00000016   Code   RO         1308    i.is_valid_irk      id_manager.o
    0x0001eb8a   0x0000000c   Code   RO         3838    i.is_word_aligned   fds.o
    0x0001eb96   0x00000002   PAD
    0x0001eb98   0x00000018   Code   RO          433    i.leds_timer_handler  bsp.o
    0x0001ebb0   0x0000009c   Code   RO         2365    i.link_secure       security_manager.o
    0x0001ec4c   0x00000088   Code   RO         2254    i.link_secure_central  security_dispatcher.o
    0x0001ecd4   0x000000c6   Code   RO         2255    i.link_secure_central_existing_peer  security_dispatcher.o
    0x0001ed9a   0x00000002   PAD
    0x0001ed9c   0x00000074   Code   RO         2256    i.link_secure_central_new_peer  security_dispatcher.o
    0x0001ee10   0x00000050   Code   RO         2257    i.link_secure_failure  security_dispatcher.o
    0x0001ee60   0x0000005c   Code   RO         2366    i.link_secure_pending_process  security_manager.o
    0x0001eebc   0x000000ac   Code   RO         3541    i.list_deletions_handler  app_timer.o
    0x0001ef68   0x000000bc   Code   RO         3542    i.list_insertions_handler  app_timer.o
    0x0001f024   0x00000078   Code   RO         1102    i.local_db_apply_in_evt  gatt_cache_manager.o
    0x0001f09c   0x00000078   Code   RO         1103    i.local_db_update_in_evt  gatt_cache_manager.o
    0x0001f114   0x00000032   Code   RO         2201    i.lock_by_mask      pm_mutex.o
    0x0001f146   0x00000002   PAD
    0x0001f148   0x0000016c   Code   RO           16    i.main              main.o
    0x0001f2b4   0x00000068   Code   RO          582    i.manuf_specific_data_encode  ble_advdata.o
    0x0001f31c   0x0000009e   Code   RO          583    i.name_encode       ble_advdata.o
    0x0001f3ba   0x00000002   PAD
    0x0001f3bc   0x0000005c   Code   RO         1309    i.new_connection    id_manager.o
    0x0001f418   0x00000034   Code   RO         1820    i.next_id_get       peer_id.o
    0x0001f44c   0x00000014   Code   RO         2719    i.nrf_adc_event_check  nrf_drv_adc.o
    0x0001f460   0x00000010   Code   RO         2815    i.nrf_clock_event_check  nrf_drv_clock.o
    0x0001f470   0x00000030   Code   RO         3543    i.nrf_delay_us      app_timer.o
    0x0001f4a0   0x00000064   Code   RO         2720    i.nrf_drv_adc_buffer_convert  nrf_drv_adc.o
    0x0001f504   0x00000020   Code   RO         2722    i.nrf_drv_adc_channel_enable  nrf_drv_adc.o
    0x0001f524   0x00000040   Code   RO         2723    i.nrf_drv_adc_init  nrf_drv_adc.o
    0x0001f564   0x0000000c   Code   RO         2725    i.nrf_drv_adc_sample  nrf_drv_adc.o
    0x0001f570   0x0000003c   Code   RO         2822    i.nrf_drv_clock_init  nrf_drv_clock.o
    0x0001f5ac   0x00000034   Code   RO         2828    i.nrf_drv_clock_on_sd_enable  nrf_drv_clock.o
    0x0001f5e0   0x0000000c   Code   RO         2829    i.nrf_drv_clock_on_soc_event  nrf_drv_clock.o
    0x0001f5ec   0x00000060   Code   RO         2955    i.nrf_drv_common_irq_enable  nrf_drv_common.o
    0x0001f64c   0x00000098   Code   RO         2987    i.nrf_drv_gpiote_in_event_enable  nrf_drv_gpiote.o
    0x0001f6e4   0x000000a4   Code   RO         2988    i.nrf_drv_gpiote_in_init  nrf_drv_gpiote.o
    0x0001f788   0x00000014   Code   RO         2989    i.nrf_drv_gpiote_in_is_set  nrf_drv_gpiote.o
    0x0001f79c   0x0000005c   Code   RO         2991    i.nrf_drv_gpiote_init  nrf_drv_gpiote.o
    0x0001f7f8   0x00000010   Code   RO         2992    i.nrf_drv_gpiote_is_init  nrf_drv_gpiote.o
    0x0001f808   0x00000024   Code   RO         3004    i.nrf_gpio_cfg      nrf_drv_gpiote.o
    0x0001f82c   0x00000020   Code   RO         3006    i.nrf_gpio_cfg_sense_set  nrf_drv_gpiote.o
    0x0001f84c   0x00000010   Code   RO         3007    i.nrf_gpiote_event_clear  nrf_drv_gpiote.o
    0x0001f85c   0x00000014   Code   RO         3008    i.nrf_gpiote_event_is_set  nrf_drv_gpiote.o
    0x0001f870   0x0000000a   Code   RO         3193    i.nrf_uart_event_check  nrf_drv_uart.o
    0x0001f87a   0x00000010   Code   RO         3194    i.nrf_uart_int_enable_check  nrf_drv_uart.o
    0x0001f88a   0x00000020   Code   RO           17    i.on_adv_evt        main.o
    0x0001f8aa   0x00000002   PAD
    0x0001f8ac   0x00000030   Code   RO           18    i.on_bas_evt        main.o
    0x0001f8dc   0x000000a4   Code   RO           19    i.on_ble_evt        main.o
    0x0001f980   0x000000f0   Code   RO          948    i.on_characteristic_discovery_rsp  ble_db_discovery.o
    0x0001fa70   0x000000c0   Code   RO          949    i.on_descriptor_discovery_rsp  ble_db_discovery.o
    0x0001fb30   0x00000038   Code   RO           20    i.on_ias_c_evt      main.o
    0x0001fb68   0x00000010   Code   RO           21    i.on_ias_evt        main.o
    0x0001fb78   0x00000010   Code   RO           22    i.on_lls_evt        main.o
    0x0001fb88   0x00000054   Code   RO         4113    i.on_operation_success  fstorage.o
    0x0001fbdc   0x00000070   Code   RO          950    i.on_primary_srv_discovery_rsp  ble_db_discovery.o
    0x0001fc4c   0x0000006c   Code   RO          951    i.on_srv_disc_completion  ble_db_discovery.o
    0x0001fcb8   0x00000078   Code   RO         3839    i.op_enqueue        fds.o
    0x0001fd30   0x00000012   Code   RO         3840    i.page_offsets_update  fds.o
    0x0001fd42   0x00000002   PAD
    0x0001fd44   0x00000058   Code   RO         3841    i.page_scan         fds.o
    0x0001fd9c   0x0000001c   Code   RO         3842    i.page_tag_write_data  fds.o
    0x0001fdb8   0x00000024   Code   RO         3843    i.page_tag_write_swap  fds.o
    0x0001fddc   0x000000f0   Code   RO         3844    i.pages_init        fds.o
    0x0001fecc   0x0000006c   Code   RO         2258    i.pairing_failure   security_dispatcher.o
    0x0001ff38   0x0000003c   Code   RO         2367    i.params_reply_pending_process  security_manager.o
    0x0001ff74   0x0000001c   Code   RO         1660    i.pdb_evt_send      peer_database.o
    0x0001ff90   0x0000004c   Code   RO         1661    i.pdb_init          peer_database.o
    0x0001ffdc   0x00000008   Code   RO         1663    i.pdb_next_deleted_peer_id_get  peer_database.o
    0x0001ffe4   0x00000008   Code   RO         1664    i.pdb_next_peer_id_get  peer_database.o
    0x0001ffec   0x00000134   Code   RO         1665    i.pdb_pds_evt_handler  peer_database.o
    0x00020120   0x00000008   Code   RO         1666    i.pdb_peer_allocate  peer_database.o
    0x00020128   0x00000010   Code   RO         1667    i.pdb_peer_data_load  peer_database.o
    0x00020138   0x0000000a   Code   RO         1668    i.pdb_peer_data_ptr_get  peer_database.o
    0x00020142   0x0000004a   Code   RO         1669    i.pdb_peer_free     peer_database.o
    0x0002018c   0x0000000c   Code   RO         1670    i.pdb_raw_store     peer_database.o
    0x00020198   0x00000108   Code   RO         1671    i.pdb_write_buf_get  peer_database.o
    0x000202a0   0x0000002a   Code   RO         1672    i.pdb_write_buf_release  peer_database.o
    0x000202ca   0x00000002   PAD
    0x000202cc   0x000000c8   Code   RO         1673    i.pdb_write_buf_store  peer_database.o
    0x00020394   0x00000068   Code   RO         1674    i.pdb_write_buf_store_prepare  peer_database.o
    0x000203fc   0x0000000c   Code   RO         1508    i.pds_evt_send      peer_data_storage.o
    0x00020408   0x00000070   Code   RO         1509    i.pds_init          peer_data_storage.o
    0x00020478   0x00000008   Code   RO         1510    i.pds_next_deleted_peer_id_get  peer_data_storage.o
    0x00020480   0x00000008   Code   RO         1511    i.pds_next_peer_id_get  peer_data_storage.o
    0x00020488   0x00000054   Code   RO         1514    i.pds_peer_data_iterate  peer_data_storage.o
    0x000204dc   0x00000010   Code   RO         1515    i.pds_peer_data_iterate_prepare  peer_data_storage.o
    0x000204ec   0x00000070   Code   RO         1516    i.pds_peer_data_read  peer_data_storage.o
    0x0002055c   0x000000aa   Code   RO         1517    i.pds_peer_data_store  peer_data_storage.o
    0x00020606   0x00000002   PAD
    0x00020608   0x00000010   Code   RO         1518    i.pds_peer_id_allocate  peer_data_storage.o
    0x00020618   0x00000016   Code   RO         1519    i.pds_peer_id_free  peer_data_storage.o
    0x0002062e   0x00000008   Code   RO         1520    i.pds_peer_id_is_allocated  peer_data_storage.o
    0x00020636   0x00000030   Code   RO         1521    i.pds_space_reserve  peer_data_storage.o
    0x00020666   0x00000010   Code   RO         1522    i.pds_space_reserve_cancel  peer_data_storage.o
    0x00020676   0x0000000a   Code   RO         1675    i.peer_data_const_point_to_buffer  peer_database.o
    0x00020680   0x00000080   Code   RO         1523    i.peer_data_delete  peer_data_storage.o
    0x00020700   0x00000030   Code   RO         1524    i.peer_data_find    peer_data_storage.o
    0x00020730   0x00000020   Code   RO         1525    i.peer_data_id_is_valid  peer_data_storage.o
    0x00020750   0x00000014   Code   RO         1676    i.peer_data_point_to_buffer  peer_database.o
    0x00020764   0x00000010   Code   RO         1821    i.peer_id_allocate  peer_id.o
    0x00020774   0x00000028   Code   RO         1822    i.peer_id_delete    peer_id.o
    0x0002079c   0x0000001c   Code   RO         1823    i.peer_id_free      peer_id.o
    0x000207b8   0x00000010   Code   RO         1824    i.peer_id_get_next_deleted  peer_id.o
    0x000207c8   0x00000034   Code   RO         1825    i.peer_id_get_next_used  peer_id.o
    0x000207fc   0x00000028   Code   RO         1826    i.peer_id_init      peer_id.o
    0x00020824   0x00000018   Code   RO         1827    i.peer_id_is_allocated  peer_id.o
    0x0002083c   0x00000018   Code   RO         1828    i.peer_id_is_deleted  peer_id.o
    0x00020854   0x0000001c   Code   RO         1310    i.peer_id_set       id_manager.o
    0x00020870   0x0000000a   Code   RO         1526    i.peer_id_to_file_id  peer_data_storage.o
    0x0002087a   0x00000002   PAD
    0x0002087c   0x00000078   Code   RO           23    i.peer_manager_init  main.o
    0x000208f4   0x00000018   Code   RO         3009    i.pin_in_use_by_port  nrf_drv_gpiote.o
    0x0002090c   0x00000018   Code   RO         3010    i.pin_in_use_by_te  nrf_drv_gpiote.o
    0x00020924   0x0000005e   Code   RO         2169    i.pm_buffer_block_acquire  pm_buffer.o
    0x00020982   0x00000042   Code   RO         2170    i.pm_buffer_init    pm_buffer.o
    0x000209c4   0x0000002e   Code   RO         2171    i.pm_buffer_ptr_get  pm_buffer.o
    0x000209f2   0x0000002a   Code   RO         2172    i.pm_buffer_release  pm_buffer.o
    0x00020a1c   0x00000008   Code   RO         1907    i.pm_conn_sec_config_reply  peer_manager.o
    0x00020a24   0x00000018   Code   RO         1909    i.pm_conn_secure    peer_manager.o
    0x00020a3c   0x0000007c   Code   RO           24    i.pm_evt_handler    main.o
    0x00020ab8   0x00000080   Code   RO         1911    i.pm_gcm_evt_handler  peer_manager.o
    0x00020b38   0x00000050   Code   RO         1914    i.pm_im_evt_handler  peer_manager.o
    0x00020b88   0x00000070   Code   RO         1915    i.pm_init           peer_manager.o
    0x00020bf8   0x00000014   Code   RO         1917    i.pm_local_database_has_changed  peer_manager.o
    0x00020c0c   0x00000010   Code   RO         2202    i.pm_mutex_init     pm_mutex.o
    0x00020c1c   0x0000001c   Code   RO         2203    i.pm_mutex_lock     pm_mutex.o
    0x00020c38   0x00000034   Code   RO         2204    i.pm_mutex_lock_first_available  pm_mutex.o
    0x00020c6c   0x00000018   Code   RO         2205    i.pm_mutex_lock_status_get  pm_mutex.o
    0x00020c84   0x00000036   Code   RO         2206    i.pm_mutex_unlock   pm_mutex.o
    0x00020cba   0x00000002   PAD
    0x00020cbc   0x00000024   Code   RO         1919    i.pm_on_ble_evt     peer_manager.o
    0x00020ce0   0x0000013c   Code   RO         1920    i.pm_pdb_evt_handler  peer_manager.o
    0x00020e1c   0x00000018   Code   RO         1931    i.pm_peer_delete    peer_manager.o
    0x00020e34   0x000000c0   Code   RO         1934    i.pm_peer_rank_highest  peer_manager.o
    0x00020ef4   0x000000b0   Code   RO         1935    i.pm_peer_ranks_get  peer_manager.o
    0x00020fa4   0x0000003c   Code   RO         1936    i.pm_peers_delete   peer_manager.o
    0x00020fe0   0x00000030   Code   RO         1939    i.pm_register       peer_manager.o
    0x00021010   0x00000018   Code   RO         1941    i.pm_sec_params_set  peer_manager.o
    0x00021028   0x0000014c   Code   RO         1942    i.pm_sm_evt_handler  peer_manager.o
    0x00021174   0x0000002c   Code   RO         4114    i.queue_advance     fstorage.o
    0x000211a0   0x00000038   Code   RO         4115    i.queue_get_next_free  fstorage.o
    0x000211d8   0x000000b8   Code   RO         3845    i.queue_process     fds.o
    0x00021290   0x0000006c   Code   RO         4116    i.queue_process     fstorage.o
    0x000212fc   0x0000001c   Code   RO         3846    i.queue_start       fds.o
    0x00021318   0x0000001c   Code   RO         4117    i.queue_start       fstorage.o
    0x00021334   0x00000084   Code   RO         3847    i.record_find       fds.o
    0x000213b8   0x000000a0   Code   RO         3848    i.record_find_by_desc  fds.o
    0x00021458   0x00000054   Code   RO         3849    i.record_find_next  fds.o
    0x000214ac   0x00000024   Code   RO         3850    i.record_header_flag_dirty  fds.o
    0x000214d0   0x0000000a   Code   RO         1527    i.record_key_to_peer_data_id  peer_data_storage.o
    0x000214da   0x00000002   PAD
    0x000214dc   0x00000018   Code   RO         1528    i.record_key_within_pm_range  peer_data_storage.o
    0x000214f4   0x0000005c   Code   RO         3851    i.record_write_chunk  fds.o
    0x00021550   0x00000038   Code   RO          952    i.registered_handler_get  ble_db_discovery.o
    0x00021588   0x00000012   Code   RO         1830    i.release           peer_id.o
    0x0002159a   0x00000002   PAD
    0x0002159c   0x00000044   Code   RO         3544    i.rtc1_stop         app_timer.o
    0x000215e0   0x00000026   Code   RO         3195    i.rx_byte           nrf_drv_uart.o
    0x00021606   0x00000014   Code   RO         3196    i.rx_done_event     nrf_drv_uart.o
    0x0002161a   0x00000002   PAD
    0x0002161c   0x00000084   Code   RO         4474    i.sd_nvic_EnableIRQ  softdevice_handler.o
    0x000216a0   0x00000046   Code   RO         4227    i.sdk_mapped_flags_bulk_update_by_key  sdk_mapped_flags.o
    0x000216e6   0x00000002   PAD
    0x000216e8   0x00000028   Code   RO         4228    i.sdk_mapped_flags_first_key_index_get  sdk_mapped_flags.o
    0x00021710   0x00000010   Code   RO         4229    i.sdk_mapped_flags_get_by_index  sdk_mapped_flags.o
    0x00021720   0x00000026   Code   RO         4230    i.sdk_mapped_flags_get_by_key  sdk_mapped_flags.o
    0x00021746   0x00000046   Code   RO         4231    i.sdk_mapped_flags_key_list_get  sdk_mapped_flags.o
    0x0002178c   0x0000000e   Code   RO         4233    i.sdk_mapped_flags_update_by_key  sdk_mapped_flags.o
    0x0002179a   0x00000002   PAD
    0x0002179c   0x000000b4   Code   RO         2259    i.sec_info_request_process  security_dispatcher.o
    0x00021850   0x00000076   Code   RO         2368    i.sec_params_verify  security_manager.o
    0x000218c6   0x00000002   PAD
    0x000218c8   0x0000004c   Code   RO         2260    i.sec_proc_start    security_dispatcher.o
    0x00021914   0x0000001c   Code   RO         2261    i.sec_start_send    security_dispatcher.o
    0x00021930   0x00000048   Code   RO         4118    i.send_event        fstorage.o
    0x00021978   0x00000058   Code   RO         1104    i.service_changed_pending_flags_check  gatt_cache_manager.o
    0x000219d0   0x00000044   Code   RO         1210    i.service_changed_pending_set  gatts_cache_manager.o
    0x00021a14   0x00000098   Code   RO         1105    i.service_changed_send_in_evt  gatt_cache_manager.o
    0x00021aac   0x0000008e   Code   RO          584    i.service_data_encode  ble_advdata.o
    0x00021b3a   0x00000008   Code   RO           25    i.service_error_handler  main.o
    0x00021b42   0x00000002   PAD
    0x00021b44   0x000000b0   Code   RO           26    i.services_init     main.o
    0x00021bf4   0x00000058   Code   RO          659    i.set_adv_mode_fast  ble_advertising.o
    0x00021c4c   0x00000054   Code   RO          660    i.set_adv_mode_slow  ble_advertising.o
    0x00021ca0   0x00000028   Code   RO           27    i.sleep_mode_enter  main.o
    0x00021cc8   0x00000014   Code   RO         2369    i.sm_ble_evt_handler  security_manager.o
    0x00021cdc   0x0000001c   Code   RO         2370    i.sm_conn_sec_config_reply  security_manager.o
    0x00021cf8   0x00000050   Code   RO         2371    i.sm_init           security_manager.o
    0x00021d48   0x0000000e   Code   RO         2373    i.sm_link_secure    security_manager.o
    0x00021d56   0x00000002   PAD
    0x00021d58   0x00000034   Code   RO         2374    i.sm_pdb_evt_handler  security_manager.o
    0x00021d8c   0x00000030   Code   RO         2376    i.sm_sec_params_set  security_manager.o
    0x00021dbc   0x0000007c   Code   RO         2377    i.sm_smd_evt_handler  security_manager.o
    0x00021e38   0x000000e4   Code   RO         2262    i.smd_ble_evt_handler  security_dispatcher.o
    0x00021f1c   0x0000003c   Code   RO         2263    i.smd_init          security_dispatcher.o
    0x00021f58   0x00000030   Code   RO         2264    i.smd_link_secure   security_dispatcher.o
    0x00021f88   0x00000110   Code   RO         2265    i.smd_params_reply  security_dispatcher.o
    0x00022098   0x00000088   Code   RO         2378    i.smd_params_reply_perform  security_manager.o
    0x00022120   0x00000034   Code   RO         2266    i.smd_pdb_evt_handler  security_dispatcher.o
    0x00022154   0x00000014   Code   RO         4475    i.softdevice_ble_evt_handler_set  softdevice_handler.o
    0x00022168   0x00000014   Code   RO         4476    i.softdevice_enable  softdevice_handler.o
    0x0002217c   0x00000028   Code   RO         4477    i.softdevice_enable_get_default_config  softdevice_handler.o
    0x000221a4   0x00000008   Code   RO         4478    i.softdevice_fault_handler  softdevice_handler.o
    0x000221ac   0x00000058   Code   RO         4479    i.softdevice_handler_init  softdevice_handler.o
    0x00022204   0x0000000c   Code   RO         4480    i.softdevice_handler_is_enabled  softdevice_handler.o
    0x00022210   0x00000014   Code   RO         4485    i.softdevice_sys_evt_handler_set  softdevice_handler.o
    0x00022224   0x00000010   Code   RO           28    i.sys_evt_dispatch  main.o
    0x00022234   0x00000084   Code   RO         3545    i.timer_list_handler  app_timer.o
    0x000222b8   0x00000010   Code   RO         3546    i.timer_list_handler_sched  app_timer.o
    0x000222c8   0x00000040   Code   RO         3547    i.timer_list_insert  app_timer.o
    0x00022308   0x00000048   Code   RO         3548    i.timer_stop_op_schedule  app_timer.o
    0x00022350   0x00000080   Code   RO         3549    i.timer_timeouts_check  app_timer.o
    0x000223d0   0x0000001e   Code   RO         3198    i.tx_byte           nrf_drv_uart.o
    0x000223ee   0x00000018   Code   RO         3199    i.tx_done_event     nrf_drv_uart.o
    0x00022406   0x00000002   PAD
    0x00022408   0x0000008c   Code   RO         2649    i.tx_power_level_char_add  ble_tps.o
    0x00022494   0x00000128   Code   RO         3200    i.uart_irq_handler  nrf_drv_uart.o
    0x000225bc   0x0000000a   Code   RO          585    i.uint16_encode     ble_advdata.o
    0x000225c6   0x00000002   PAD
    0x000225c8   0x00000064   Code   RO          750    i.update_timeout_handler  ble_conn_params.o
    0x0002262c   0x00000018   Code   RO          827    i.user_flag_is_acquired  ble_conn_state.o
    0x00022644   0x0000002c   Code   RO         3550    i.user_op_alloc     app_timer.o
    0x00022670   0x00000030   Code   RO          586    i.uuid_list_encode  ble_advdata.o
    0x000226a0   0x000000ae   Code   RO          587    i.uuid_list_sized_encode  ble_advdata.o
    0x0002274e   0x00000002   PAD
    0x00022750   0x00000018   Code   RO          661    i.whitelist_has_entries  ble_advertising.o
    0x00022768   0x00000024   Code   RO         1677    i.write_buf_length_words_set  peer_database.o
    0x0002278c   0x00000024   Code   RO         1678    i.write_buffer_record_find  peer_database.o
    0x000227b0   0x00000028   Code   RO         1679    i.write_buffer_record_find_next  peer_database.o
    0x000227d8   0x00000022   Code   RO         1680    i.write_buffer_record_invalidate  peer_database.o
    0x000227fa   0x00000002   PAD
    0x000227fc   0x00000028   Code   RO         1681    i.write_buffer_record_release  peer_database.o
    0x00022824   0x00000118   Code   RO         3852    i.write_enqueue     fds.o
    0x0002293c   0x000000ec   Code   RO         3853    i.write_execute     fds.o
    0x00022a28   0x00000014   Code   RO         3854    i.write_space_free  fds.o
    0x00022a3c   0x0000004c   Code   RO         3855    i.write_space_reserve  fds.o
    0x00022a88   0x00000008   Data   RO           31    .constdata          main.o
    0x00022a90   0x0000003c   Data   RO          438    .constdata          bsp.o
    0x00022acc   0x00000004   Data   RO          753    .constdata          ble_conn_params.o
    0x00022ad0   0x00000004   Data   RO         1211    .constdata          gatts_cache_manager.o
    0x00022ad4   0x00000010   Data   RO         1212    .constdata          gatts_cache_manager.o
    0x00022ae4   0x00000004   Data   RO         1213    .constdata          gatts_cache_manager.o
    0x00022ae8   0x00000008   Data   RO         1313    .constdata          id_manager.o
    0x00022af0   0x00000004   Data   RO         1529    .constdata          peer_data_storage.o
    0x00022af4   0x00000014   Data   RO         1683    .constdata          peer_database.o
    0x00022b08   0x00000010   Data   RO         1946    .constdata          peer_manager.o
    0x00022b18   0x00000044   Data   RO         2268    .constdata          security_dispatcher.o
    0x00022b5c   0x00000004   Data   RO         2379    .constdata          security_manager.o
    0x00022b60   0x00000001   Data   RO         2729    .constdata          nrf_drv_adc.o
    0x00022b61   0x00000003   PAD
    0x00022b64   0x00000008   Data   RO         3347    .constdata          app_button.o
    0x00022b6c   0x00000014   Data   RO         3857    .constdata          fds.o
    0x00022b80   0x00000020   Data   RO         4674    Region$$Table       anon$$obj.o


    Execution Region RW_IRAM1 (Base: 0x20001fe8, Size: 0x00001770, Max: 0x00006018, ABSOLUTE, COMPRESSED[0x0000003c])

    Base Addr    Size         Type   Attr      Idx    E Section Name        Object

    0x20001fe8   0x0000001c   Data   RW           32    .data               main.o
    0x20002004   0x00000018   Data   RW          439    .data               bsp.o
    0x2000201c   0x00000008   Data   RW          543    .data               bsp_btn_ble.o
    0x20002024   0x00000030   Data   RW          665    .data               ble_advertising.o
    0x20002054   0x00000014   Data   RW          754    .data               ble_conn_params.o
    0x20002068   0x00000010   Data   RW          954    .data               ble_db_discovery.o
    0x20002078   0x0000000c   Data   RW         1106    .data               gatt_cache_manager.o
    0x20002084   0x0000000c   Data   RW         1214    .data               gatts_cache_manager.o
    0x20002090   0x0000000a   Data   RW         1314    .data               id_manager.o
    0x2000209a   0x00000002   PAD
    0x2000209c   0x0000000c   Data   RW         1530    .data               peer_data_storage.o
    0x200020a8   0x00000008   Data   RW         1684    .data               peer_database.o
    0x200020b0   0x00000010   Data   RW         1947    .data               peer_manager.o
    0x200020c0   0x00000004   Data   RW         2269    .data               security_dispatcher.o
    0x200020c4   0x00000015   Data   RW         2380    .data               security_manager.o
    0x200020d9   0x00000003   PAD
    0x200020dc   0x00000014   Data   RW         3348    .data               app_button.o
    0x200020f0   0x00000020   Data   RW         3551    .data               app_timer.o
    0x20002110   0x0000000c   Data   RW         3746    .data               app_util_platform.o
    0x2000211c   0x00000018   Data   RW         3858    .data               fds.o
    0x20002134   0x00000002   Data   RW         4120    .data               fstorage.o
    0x20002136   0x00000002   PAD
    0x20002138   0x00000014   Data   RW         4486    .data               softdevice_handler.o
    0x2000214c   0x00000004   Data   RW         4607    .data               system_nrf51.o
    0x20002150   0x00000010   Data   RW         3859    fs_data             fds.o
    0x20002160   0x00000020   Zero   RW           29    .bss                main.o
    0x20002180   0x000002fc   Zero   RW           30    .bss                main.o
    0x2000247c   0x00000020   Zero   RW          434    .bss                bsp.o
    0x2000249c   0x00000020   Zero   RW          435    .bss                bsp.o
    0x200024bc   0x0000000c   Zero   RW          436    .bss                bsp.o
    0x200024c8   0x00000020   Zero   RW          437    .bss                bsp.o
    0x200024e8   0x00000167   Zero   RW          662    .bss                ble_advertising.o
    0x2000264f   0x00000001   PAD
    0x20002650   0x00000020   Zero   RW          663    .bss                ble_advertising.o
    0x20002670   0x00000020   Zero   RW          664    .bss                ble_advertising.o
    0x20002690   0x00000020   Zero   RW          751    .bss                ble_conn_params.o
    0x200026b0   0x0000001c   Zero   RW          752    .bss                ble_conn_params.o
    0x200026cc   0x00000034   Zero   RW          828    .bss                ble_conn_state.o
    0x20002700   0x000001f8   Zero   RW          953    .bss                ble_db_discovery.o
    0x200028f8   0x00000070   Zero   RW         1312    .bss                id_manager.o
    0x20002968   0x00000330   Zero   RW         1682    .bss                peer_database.o
    0x20002c98   0x00000040   Zero   RW         1831    .bss                peer_id.o
    0x20002cd8   0x0000000c   Zero   RW         1945    .bss                peer_manager.o
    0x20002ce4   0x00000040   Zero   RW         2267    .bss                security_dispatcher.o
    0x20002d24   0x00000014   Zero   RW         2728    .bss                nrf_drv_adc.o
    0x20002d38   0x00000014   Zero   RW         2831    .bss                nrf_drv_clock.o
    0x20002d4c   0x00000048   Zero   RW         3011    .bss                nrf_drv_gpiote.o
    0x20002d94   0x0000001c   Zero   RW         3201    .bss                nrf_drv_uart.o
    0x20002db0   0x00000020   Zero   RW         3346    .bss                app_button.o
    0x20002dd0   0x0000011c   Zero   RW         3856    .bss                fds.o
    0x20002eec   0x00000068   Zero   RW         4119    .bss                fstorage.o
    0x20002f54   0x00000004   PAD
    0x20002f58   0x00000800   Zero   RW         4595    STACK               arm_startup_nrf51.o


==============================================================================

Image component sizes


      Code (inc. data)   RO Data    RW Data    ZI Data      Debug   Object Name

       328         34          8         20         32       8426   app_button.o
        24          4          0          0          0       2117   app_error.o
        28         10          0          0          0       7062   app_error_weak.o
      1608        158          0         32          0      28755   app_timer.o
       104         20          0         12          0       6062   app_util_platform.o
        56         18        192          0       2048        680   arm_startup_nrf51.o
      1368          6          0          0          0      16552   ble_advdata.o
      1048         68          0         48        423      13201   ble_advertising.o
       596         20          0          0          0       4379   ble_bas.o
       460         60          4         20         60       5044   ble_conn_params.o
       532         52          0          0         52       8541   ble_conn_state.o
      1450         76          0         16        504      13211   ble_db_discovery.o
       236         10          0          0          0       3068   ble_ias.o
       316         18          0          0          0       6575   ble_ias_c.o
       310         10          0          0          0       4010   ble_lls.o
        26          0          0          0          0       1974   ble_srv_common.o
       196         12          0          0          0       2748   ble_tps.o
      1088        118         60         24        108      12601   bsp.o
       284         10          0          8          0       4369   bsp_btn_ble.o
      3622        376         20         40        284      39394   fds.o
       980         82          0          2        104      11279   fstorage.o
      1044         80          0         12          0      14592   gatt_cache_manager.o
       532         66         24         12          0       8151   gatts_cache_manager.o
      1174         92          8         10        112      18125   id_manager.o
      2072        212          8         28        796     134471   main.o
       420         78          1          0         20      12043   nrf_drv_adc.o
       264         36          0          0         20       9404   nrf_drv_clock.o
        96         18          0          0          0       8548   nrf_drv_common.o
      1048        120          0          0         72      20656   nrf_drv_gpiote.o
       454          8          0          0         28      14533   nrf_drv_uart.o
      1202         64          4         12          0      16784   peer_data_storage.o
      1374         72         20          8        816      21124   peer_database.o
       370         60          0          0         64       7915   peer_id.o
      1620        138         16         16         12      16764   peer_manager.o
       248          0          0          0          0       3623   pm_buffer.o
       224          0          0          0          0       4537   pm_mutex.o
       248          6          0          0          0       5192   sdk_mapped_flags.o
      1836        104         68          4         64      17492   security_dispatcher.o
      1100         82          4         21          0      15549   security_manager.o
       528         70          0         20          0      19340   softdevice_handler.o
       232         36          0          4          0       2223   system_nrf51.o

    ----------------------------------------------------------------------
     30818       2504        472        376       5624     571114   Object Totals
         0          0         32          0          0          0   (incl. Generated)
        72          0          3          7          5          0   (incl. Padding)

    ----------------------------------------------------------------------

      Code (inc. data)   RO Data    RW Data    ZI Data      Debug   Library Member Name

        86          0          0          0          0          0   __dczerorl2.o
         0          0          0          0          0          0   entry.o
         0          0          0          0          0          0   entry10a.o
         0          0          0          0          0          0   entry11a.o
         8          4          0          0          0          0   entry2.o
         4          0          0          0          0          0   entry5.o
         0          0          0          0          0          0   entry7b.o
         0          0          0          0          0          0   entry8b.o
         8          4          0          0          0          0   entry9a.o
        30          0          0          0          0          0   handlers.o
        40          0          0          0          0         72   idiv.o
        36          8          0          0          0         68   init.o
        26          0          0          0          0         72   memcmp.o
        36          0          0          0          0         60   memcpya.o
        36          0          0          0          0        100   memseta.o
        44          0          0          0          0         72   uidiv.o

    ----------------------------------------------------------------------
       358         16          0          0          0        444   Library Totals
         4          0          0          0          0          0   (incl. Padding)

    ----------------------------------------------------------------------

      Code (inc. data)   RO Data    RW Data    ZI Data      Debug   Library Name

       354         16          0          0          0        444   mc_p.l

    ----------------------------------------------------------------------
       358         16          0          0          0        444   Library Totals

    ----------------------------------------------------------------------

==============================================================================


      Code (inc. data)   RO Data    RW Data    ZI Data      Debug   

     31176       2520        472        376       5624     553918   Grand Totals
     31176       2520        472         60       5624     553918   ELF Image Totals (compressed)
     31176       2520        472         60          0          0   ROM Totals

==============================================================================

    Total RO  Size (Code + RO Data)                31648 (  30.91kB)
    Total RW  Size (RW Data + ZI Data)              6000 (   5.86kB)
    Total ROM Size (Code + RO Data + RW Data)      31708 (  30.96kB)

==============================================================================

