Component: ARM Compiler 5.05 update 1 (build 106) Tool: armlink [4d0efa]

==============================================================================

Section Cross References

    main.o(i.assert_nrf_callback) refers to app_error.o(i.app_error_handler) for app_error_handler
    main.o(i.ble_evt_dispatch) refers to ble_conn_state.o(i.ble_conn_state_on_ble_evt) for ble_conn_state_on_ble_evt
    main.o(i.ble_evt_dispatch) refers to peer_manager.o(i.pm_on_ble_evt) for pm_on_ble_evt
    main.o(i.ble_evt_dispatch) refers to ble_conn_params.o(i.ble_conn_params_on_ble_evt) for ble_conn_params_on_ble_evt
    main.o(i.ble_evt_dispatch) refers to bsp_btn_ble.o(i.bsp_btn_ble_on_ble_evt) for bsp_btn_ble_on_ble_evt
    main.o(i.ble_evt_dispatch) refers to main.o(i.on_ble_evt) for on_ble_evt
    main.o(i.ble_evt_dispatch) refers to ble_advertising.o(i.ble_advertising_on_ble_evt) for ble_advertising_on_ble_evt
    main.o(i.ble_stack_init) refers to softdevice_handler.o(i.softdevice_handler_init) for softdevice_handler_init
    main.o(i.ble_stack_init) refers to app_error.o(i.app_error_handler_bare) for app_error_handler_bare
    main.o(i.ble_stack_init) refers to softdevice_handler.o(i.softdevice_enable_get_default_config) for softdevice_enable_get_default_config
    main.o(i.ble_stack_init) refers to softdevice_handler.o(i.softdevice_enable) for softdevice_enable
    main.o(i.ble_stack_init) refers to softdevice_handler.o(i.softdevice_ble_evt_handler_set) for softdevice_ble_evt_handler_set
    main.o(i.ble_stack_init) refers to softdevice_handler.o(i.softdevice_sys_evt_handler_set) for softdevice_sys_evt_handler_set
    main.o(i.ble_stack_init) refers to main.o(.constdata) for .constdata
    main.o(i.ble_stack_init) refers to main.o(.bss) for .bss
    main.o(i.ble_stack_init) refers to main.o(i.ble_evt_dispatch) for ble_evt_dispatch
    main.o(i.ble_stack_init) refers to main.o(i.sys_evt_dispatch) for sys_evt_dispatch
    main.o(i.bsp_event_handler) refers to main.o(i.sleep_mode_enter) for sleep_mode_enter
    main.o(i.bsp_event_handler) refers to app_error.o(i.app_error_handler_bare) for app_error_handler_bare
    main.o(i.bsp_event_handler) refers to ble_advertising.o(i.ble_advertising_restart_without_whitelist) for ble_advertising_restart_without_whitelist
    main.o(i.bsp_event_handler) refers to main.o(.data) for .data
    main.o(i.conn_params_error_handler) refers to app_error.o(i.app_error_handler_bare) for app_error_handler_bare
    main.o(i.main) refers to app_timer.o(i.app_timer_init) for app_timer_init
    main.o(i.main) refers to app_error.o(i.app_error_handler_bare) for app_error_handler_bare
    main.o(i.main) refers to bsp.o(i.bsp_init) for bsp_init
    main.o(i.main) refers to bsp_btn_ble.o(i.bsp_btn_ble_init) for bsp_btn_ble_init
    main.o(i.main) refers to main.o(i.ble_stack_init) for ble_stack_init
    main.o(i.main) refers to main.o(i.peer_manager_init) for peer_manager_init
    main.o(i.main) refers to memseta.o(.text) for __aeabi_memclr4
    main.o(i.main) refers to ble_advertising.o(i.ble_advertising_init) for ble_advertising_init
    main.o(i.main) refers to ble_conn_params.o(i.ble_conn_params_init) for ble_conn_params_init
    main.o(i.main) refers to ble_advertising.o(i.ble_advertising_start) for ble_advertising_start
    main.o(i.main) refers to main.o(.bss) for .bss
    main.o(i.main) refers to main.o(i.bsp_event_handler) for bsp_event_handler
    main.o(i.main) refers to main.o(.data) for .data
    main.o(i.main) refers to main.o(i.on_adv_evt) for on_adv_evt
    main.o(i.main) refers to main.o(i.on_conn_params_evt) for on_conn_params_evt
    main.o(i.main) refers to main.o(i.conn_params_error_handler) for conn_params_error_handler
    main.o(i.on_adv_evt) refers to bsp.o(i.bsp_indication_set) for bsp_indication_set
    main.o(i.on_adv_evt) refers to app_error.o(i.app_error_handler_bare) for app_error_handler_bare
    main.o(i.on_adv_evt) refers to main.o(i.sleep_mode_enter) for sleep_mode_enter
    main.o(i.on_ble_evt) refers to bsp.o(i.bsp_indication_set) for bsp_indication_set
    main.o(i.on_ble_evt) refers to app_error.o(i.app_error_handler_bare) for app_error_handler_bare
    main.o(i.on_ble_evt) refers to memcpya.o(.text) for __aeabi_memcpy
    main.o(i.on_ble_evt) refers to main.o(.data) for .data
    main.o(i.on_conn_params_evt) refers to app_error.o(i.app_error_handler_bare) for app_error_handler_bare
    main.o(i.on_conn_params_evt) refers to main.o(.data) for .data
    main.o(i.peer_manager_init) refers to peer_manager.o(i.pm_init) for pm_init
    main.o(i.peer_manager_init) refers to app_error.o(i.app_error_handler_bare) for app_error_handler_bare
    main.o(i.peer_manager_init) refers to peer_manager.o(i.pm_peers_delete) for pm_peers_delete
    main.o(i.peer_manager_init) refers to peer_manager.o(i.pm_sec_params_set) for pm_sec_params_set
    main.o(i.peer_manager_init) refers to peer_manager.o(i.pm_register) for pm_register
[...]
    m_whitelist_reply_expected               0x20002156   Data           1  ble_advertising.o(.data)
    m_whitelist_in_use                       0x20002157   Data           1  ble_advertising.o(.data)
    m_current_slave_link_conn_handle         0x20002158   Data           2  ble_advertising.o(.data)
    m_slave_conn_int                         0x2000215a   Data           4  ble_advertising.o(.data)
    m_evt_handler                            0x20002160   Data           4  ble_advertising.o(.data)
    m_error_handler                          0x20002164   Data           4  ble_advertising.o(.data)
    m_peer_address                           0x20002168   Data           7  ble_advertising.o(.data)
    .data                                    0x20002170   Section       20  ble_conn_params.o(.data)
    m_change_param                           0x20002170   Data           1  ble_conn_params.o(.data)
    m_update_count                           0x20002171   Data           1  ble_conn_params.o(.data)
    m_conn_handle                            0x20002172   Data           2  ble_conn_params.o(.data)
    m_preferred_conn_params                  0x20002174   Data           8  ble_conn_params.o(.data)
    m_current_conn_params                    0x2000217c   Data           8  ble_conn_params.o(.data)
    .data                                    0x20002184   Section       12  gatt_cache_manager.o(.data)
    m_module_initialized                     0x20002184   Data           1  gatt_cache_manager.o(.data)
    m_flag_local_db_update_pending           0x20002185   Data           1  gatt_cache_manager.o(.data)
    m_flag_local_db_apply_pending            0x20002186   Data           1  gatt_cache_manager.o(.data)
    m_flag_service_changed_pending           0x20002187   Data           1  gatt_cache_manager.o(.data)
    m_flag_service_changed_sent              0x20002188   Data           1  gatt_cache_manager.o(.data)
    m_evt_handlers                           0x2000218c   Data           4  gatt_cache_manager.o(.data)
    .data                                    0x20002190   Section       12  gatts_cache_manager.o(.data)
    m_module_initialized                     0x20002190   Data           1  gatts_cache_manager.o(.data)
    start_handle                             0x20002192   Data           2  gatts_cache_manager.o(.data)
    m_current_sc_store_peer_id               0x20002194   Data           2  gatts_cache_manager.o(.data)
    m_evt_handler                            0x20002198   Data           4  gatts_cache_manager.o(.data)
    .data                                    0x2000219c   Section        3  id_manager.o(.data)
    m_module_initialized                     0x2000219c   Data           1  id_manager.o(.data)
    m_conn_state_user_flag_id                0x2000219d   Data           1  id_manager.o(.data)
    m_wlisted_peer_cnt                       0x2000219e   Data           1  id_manager.o(.data)
    .data                                    0x200021a0   Section       12  peer_data_storage.o(.data)
    m_module_initialized                     0x200021a0   Data           1  peer_data_storage.o(.data)
    m_peer_delete_queued                     0x200021a1   Data           1  peer_data_storage.o(.data)
    m_peer_delete_ongoing                    0x200021a2   Data           1  peer_data_storage.o(.data)
    m_fds_ftok                               0x200021a4   Data           8  peer_data_storage.o(.data)
    .data                                    0x200021ac   Section        8  peer_database.o(.data)
    mutex_memory                             0x200021ac   Data           1  peer_database.o(.data)
    m_module_initialized                     0x200021ad   Data           1  peer_database.o(.data)
    m_n_writes                               0x200021b0   Data           4  peer_database.o(.data)
    .data                                    0x200021b4   Section       16  peer_manager.o(.data)
    m_module_initialized                     0x200021b4   Data           1  peer_manager.o(.data)
    m_peer_rank_initialized                  0x200021b5   Data           1  peer_manager.o(.data)
    m_deleting_all                           0x200021b6   Data           1  peer_manager.o(.data)
    m_n_registrants                          0x200021b7   Data           1  peer_manager.o(.data)
    m_pairing_flag_id                        0x200021b8   Data           1  peer_manager.o(.data)
    m_bonding_flag_id                        0x200021b9   Data           1  peer_manager.o(.data)
    m_highest_ranked_peer                    0x200021ba   Data           2  peer_manager.o(.data)
    m_peer_rank_token                        0x200021bc   Data           4  peer_manager.o(.data)
    m_current_highest_peer_rank              0x200021c0   Data           4  peer_manager.o(.data)
    .data                                    0x200021c4   Section        4  security_dispatcher.o(.data)
    m_flag_sec_proc                          0x200021c4   Data           1  security_dispatcher.o(.data)
    m_flag_sec_proc_pairing                  0x200021c5   Data           1  security_dispatcher.o(.data)
    m_flag_sec_proc_new_peer                 0x200021c6   Data           1  security_dispatcher.o(.data)
    m_module_initialized                     0x200021c7   Data           1  security_dispatcher.o(.data)
    .data                                    0x200021c8   Section       21  security_manager.o(.data)
    m_flag_link_secure_pending_busy          0x200021c8   Data           1  security_manager.o(.data)
    m_flag_link_secure_pending_flash_full    0x200021c9   Data           1  security_manager.o(.data)
    m_flag_link_secure_force_repairing       0x200021ca   Data           1  security_manager.o(.data)
    m_flag_link_secure_null_params           0x200021cb   Data           1  security_manager.o(.data)
    m_flag_params_reply_pending_busy         0x200021cc   Data           1  security_manager.o(.data)
    m_flag_params_reply_pending_flash_full   0x200021cd   Data           1  security_manager.o(.data)
    m_flag_reject_pairing                    0x200021ce   Data           1  security_manager.o(.data)
    m_module_initialized                     0x200021cf   Data           1  security_manager.o(.data)
    m_sec_params_valid                       0x200021d0   Data           1  security_manager.o(.data)
    m_p_public_key                           0x200021d4   Data           4  security_manager.o(.data)
    m_sec_params                             0x200021d8   Data           5  security_manager.o(.data)
    .data                                    0x200021e0   Section       20  app_button.o(.data)
    m_button_count                           0x200021e0   Data           1  app_button.o(.data)
    mp_buttons                               0x200021e4   Data           4  app_button.o(.data)
    m_detection_delay                        0x200021e8   Data           4  app_button.o(.data)
    m_pin_state                              0x200021ec   Data           4  app_button.o(.data)
    m_pin_transition                         0x200021f0   Data           4  app_button.o(.data)
    .data                                    0x200021f4   Section       32  app_timer.o(.data)
    m_ticks_elapsed_q_read_ind               0x200021f4   Data           1  app_timer.o(.data)
    m_ticks_elapsed_q_write_ind              0x200021f5   Data           1  app_timer.o(.data)
    m_rtc1_running                           0x200021f6   Data           1  app_timer.o(.data)
    m_rtc1_reset                             0x200021f7   Data           1  app_timer.o(.data)
    mp_timer_id_head                         0x200021f8   Data           4  app_timer.o(.data)
    m_ticks_latest                           0x200021fc   Data           4  app_timer.o(.data)
    m_evt_schedule_func                      0x20002200   Data           4  app_timer.o(.data)
    m_op_queue                               0x20002204   Data           8  app_timer.o(.data)
    m_ticks_elapsed                          0x2000220c   Data           8  app_timer.o(.data)
    .data                                    0x20002214   Section       24  fds.o(.data)
    m_flags                                  0x20002214   Data           1  fds.o(.data)
    m_users                                  0x20002215   Data           1  fds.o(.data)
    m_latest_rec_id                          0x20002218   Data           4  fds.o(.data)
    tok                                      0x2000221c   Data           8  fds.o(.data)
    m_swap_page                              0x20002224   Data           8  fds.o(.data)
    .data                                    0x2000222c   Section        2  fstorage.o(.data)
    m_flags                                  0x2000222c   Data           1  fstorage.o(.data)
    m_retry_count                            0x2000222d   Data           1  fstorage.o(.data)
    .data                                    0x20002230   Section       20  softdevice_handler.o(.data)
    m_softdevice_enabled                     0x20002230   Data           1  softdevice_handler.o(.data)
    m_suspended                              0x20002231   Data           1  softdevice_handler.o(.data)
    m_ble_evt_buffer_size                    0x20002232   Data           2  softdevice_handler.o(.data)
    m_evt_schedule_func                      0x20002234   Data           4  softdevice_handler.o(.data)
    mp_ble_evt_buffer                        0x20002238   Data           4  softdevice_handler.o(.data)
    m_ble_evt_handler                        0x2000223c   Data           4  softdevice_handler.o(.data)
    m_sys_evt_handler                        0x20002240   Data           4  softdevice_handler.o(.data)
    .data                                    0x20002244   Section        4  system_nrf52.o(.data)
    __tagsym$$used                           0x20002244   Number         0  system_nrf52.o(.data)
    fs_data                                  0x20002248   Section       16  fds.o(fs_data)
    __tagsym$$used                           0x20002248   Number         0  fds.o(fs_data)
    fs_config                                0x20002248   Data          16  fds.o(fs_data)
    .bss                                     0x20002258   Section      200  main.o(.bss)
    APP_TIMER_BUF                            0x20002258   Data         120  main.o(.bss)
    BLE_EVT_BUFFER                           0x200022d0   Data          80  main.o(.bss)
    .bss                                     0x20002320   Section       32  bsp.o(.bss)
    m_leds_timer_id_data                     0x20002320   Data          32  bsp.o(.bss)
    .bss                                     0x20002340   Section       32  bsp.o(.bss)
    m_alert_timer_id_data                    0x20002340   Data          32  bsp.o(.bss)
    .bss                                     0x20002360   Section       12  bsp.o(.bss)
    m_events_list                            0x20002360   Data          12  bsp.o(.bss)
    .bss                                     0x2000236c   Section       32  bsp.o(.bss)
    m_button_timer_id_data                   0x2000236c   Data          32  bsp.o(.bss)
    .bss                                     0x2000238c   Section      175  ble_advertising.o(.bss)
    m_adv_modes_config                       0x2000238c   Data          32  ble_advertising.o(.bss)
    m_advdata                                0x200023ac   Data          56  ble_advertising.o(.bss)
    m_manuf_specific_data                    0x200023e4   Data          12  ble_advertising.o(.bss)
    m_manuf_data_array                       0x200023f0   Data          31  ble_advertising.o(.bss)
    m_service_data                           0x20002410   Data          12  ble_advertising.o(.bss)
    m_service_data_array                     0x2000241c   Data          31  ble_advertising.o(.bss)
    .bss                                     0x2000243c   Section       32  ble_conn_params.o(.bss)
    m_conn_params_timer_id_data              0x2000243c   Data          32  ble_conn_params.o(.bss)
    .bss                                     0x2000245c   Section       28  ble_conn_params.o(.bss)
    m_conn_params_config                     0x2000245c   Data          28  ble_conn_params.o(.bss)
    .bss                                     0x20002478   Section       52  ble_conn_state.o(.bss)
    m_bcs                                    0x20002478   Data          52  ble_conn_state.o(.bss)
    .bss                                     0x200024ac   Section      112  id_manager.o(.bss)
    m_connections                            0x200024ac   Data          96  id_manager.o(.bss)
    m_wlisted_peers                          0x2000250c   Data          16  id_manager.o(.bss)
    .bss                                     0x2000251c   Section      816  peer_database.o(.bss)
    buffer_memory                            0x2000251c   Data         640  peer_database.o(.bss)
    m_write_buffer                           0x2000279c   Data          16  peer_database.o(.bss)
    m_write_buffer_records                   0x200027ac   Data         160  peer_database.o(.bss)
    .bss                                     0x2000284c   Section       64  peer_id.o(.bss)
    m_pi                                     0x2000284c   Data          64  peer_id.o(.bss)
    .bss                                     0x2000288c   Section       12  peer_manager.o(.bss)
    m_evt_handlers                           0x2000288c   Data          12  peer_manager.o(.bss)
    .bss                                     0x20002898   Section       64  security_dispatcher.o(.bss)
    m_peer_pk                                0x20002898   Data          64  security_dispatcher.o(.bss)
    .bss                                     0x200028d8   Section       20  nrf_drv_clock.o(.bss)
    m_clock_cb                               0x200028d8   Data          20  nrf_drv_clock.o(.bss)
    .bss                                     0x200028ec   Section       88  nrf_drv_gpiote.o(.bss)
    m_cb                                     0x200028ec   Data          88  nrf_drv_gpiote.o(.bss)
    .bss                                     0x20002944   Section       32  nrf_drv_uart.o(.bss)
    m_cb                                     0x20002944   Data          32  nrf_drv_uart.o(.bss)
    .bss                                     0x20002964   Section       32  app_button.o(.bss)
    m_detection_delay_timer_id_data          0x20002964   Data          32  app_button.o(.bss)
    .bss                                     0x20002984   Section       12  app_util_platform.o(.bss)
    .bss                                     0x20002990   Section      284  fds.o(.bss)
    desc                                     0x20002990   Data          12  fds.o(.bss)
    m_cb_table                               0x2000299c   Data          32  fds.o(.bss)
    m_op_queue                               0x200029bc   Data         120  fds.o(.bss)
    m_chunk_queue                            0x20002a34   Data          72  fds.o(.bss)
    m_pages                                  0x20002a7c   Data          32  fds.o(.bss)
    m_gc                                     0x20002a9c   Data          16  fds.o(.bss)
    .bss                                     0x20002aac   Section      104  fstorage.o(.bss)
    m_queue                                  0x20002aac   Data         104  fstorage.o(.bss)
    STACK                                    0x20002b18   Section     8192  arm_startup_nrf52.o(STACK)

    Global Symbols

    Symbol Name                              Value     Ov Type        Size  Object(Section)

    BuildAttributes$$THM_ISAv4$E$P$D$K$B$S$7EM$VFPi3$EXTD16$VFPS$VFMA$PE$A:L22UL41UL21$X:L11$S22US41US21$IEEE1$IW$USESV6$~STKCKD$USESV7$~SHL$OSPACE$EBA8$MICROLIB$REQ8$PRES8$EABIv2 0x00000000   Number         0  anon$$obj.o ABSOLUTE
    __ARM_use_no_argv                        0x00000000   Number         0  main.o ABSOLUTE
    __cpp_initialize__aeabi_                  - Undefined Weak Reference
    __cxa_finalize                            - Undefined Weak Reference
    _clock_init                               - Undefined Weak Reference
    _microlib_exit                            - Undefined Weak Reference
    __Vectors_Size                           0x00000400   Number         0  arm_startup_nrf52.o ABSOLUTE
    __Vectors                                0x0001f000   Data           4  arm_startup_nrf52.o(RESET)
    __Vectors_End                            0x0001f400   Data           0  arm_startup_nrf52.o(RESET)
    __main                                   0x0001f401   Thumb Code     0  entry.o(.ARM.Collect$$$$00000000)
    _main_stk                                0x0001f401   Thumb Code     0  entry2.o(.ARM.Collect$$$$00000001)
    _main_scatterload                        0x0001f405   Thumb Code     0  entry5.o(.ARM.Collect$$$$00000004)
    __main_after_scatterload                 0x0001f409   Thumb Code     0  entry5.o(.ARM.Collect$$$$00000004)
    _main_clock                              0x0001f409   Thumb Code     0  entry7b.o(.ARM.Collect$$$$00000008)
    _main_cpp_init                           0x0001f409   Thumb Code     0  entry8b.o(.ARM.Collect$$$$0000000A)
    _main_init                               0x0001f409   Thumb Code     0  entry9a.o(.ARM.Collect$$$$0000000B)
    __rt_final_cpp                           0x0001f411   Thumb Code     0  entry10a.o(.ARM.Collect$$$$0000000D)
    __rt_final_exit                          0x0001f411   Thumb Code     0  entry11a.o(.ARM.Collect$$$$0000000F)
    Reset_Handler                            0x0001f415   Thumb Code     8  arm_startup_nrf52.o(.text)
    NMI_Handler                              0x0001f41d   Thumb Code     2  arm_startup_nrf52.o(.text)
    HardFault_Handler                        0x0001f41f   Thumb Code     2  arm_startup_nrf52.o(.text)
    MemoryManagement_Handler                 0x0001f421   Thumb Code     2  arm_startup_nrf52.o(.text)
    BusFault_Handler                         0x0001f423   Thumb Code     2  arm_startup_nrf52.o(.text)
    UsageFault_Handler                       0x0001f425   Thumb Code     2  arm_startup_nrf52.o(.text)
    SVC_Handler                              0x0001f427   Thumb Code     2  arm_startup_nrf52.o(.text)
    DebugMon_Handler                         0x0001f429   Thumb Code     2  arm_startup_nrf52.o(.text)
    PendSV_Handler                           0x0001f42b   Thumb Code     2  arm_startup_nrf52.o(.text)
    SysTick_Handler                          0x0001f42d   Thumb Code     2  arm_startup_nrf52.o(.text)
    CCM_AAR_IRQHandler                       0x0001f42f   Thumb Code     0  arm_startup_nrf52.o(.text)
    COMP_LPCOMP_IRQHandler                   0x0001f42f   Thumb Code     0  arm_startup_nrf52.o(.text)
    ECB_IRQHandler                           0x0001f42f   Thumb Code     0  arm_startup_nrf52.o(.text)
    FPU_IRQHandler                           0x0001f42f   Thumb Code     0  arm_startup_nrf52.o(.text)
    I2S_IRQHandler                           0x0001f42f   Thumb Code     0  arm_startup_nrf52.o(.text)
    MWU_IRQHandler                           0x0001f42f   Thumb Code     0  arm_startup_nrf52.o(.text)
    NFCT_IRQHandler                          0x0001f42f   Thumb Code     0  arm_startup_nrf52.o(.text)
    PDM_IRQHandler                           0x0001f42f   Thumb Code     0  arm_startup_nrf52.o(.text)
    PWM0_IRQHandler                          0x0001f42f   Thumb Code     0  arm_startup_nrf52.o(.text)
    PWM1_IRQHandler                          0x0001f42f   Thumb Code     0  arm_startup_nrf52.o(.text)
    PWM2_IRQHandler                          0x0001f42f   Thumb Code     0  arm_startup_nrf52.o(.text)
    QDEC_IRQHandler                          0x0001f42f   Thumb Code     0  arm_startup_nrf52.o(.text)
    RADIO_IRQHandler                         0x0001f42f   Thumb Code     0  arm_startup_nrf52.o(.text)
    RNG_IRQHandler                           0x0001f42f   Thumb Code     0  arm_startup_nrf52.o(.text)
    RTC0_IRQHandler                          0x0001f42f   Thumb Code     0  arm_startup_nrf52.o(.text)
    RTC2_IRQHandler                          0x0001f42f   Thumb Code     0  arm_startup_nrf52.o(.text)
    SAADC_IRQHandler                         0x0001f42f   Thumb Code     0  arm_startup_nrf52.o(.text)
    SPIM0_SPIS0_TWIM0_TWIS0_SPI0_TWI0_IRQHandler 0x0001f42f   Thumb Code     0  arm_startup_nrf52.o(.text)
    SPIM1_SPIS1_TWIM1_TWIS1_SPI1_TWI1_IRQHandler 0x0001f42f   Thumb Code     0  arm_startup_nrf52.o(.text)
    SPIM2_SPIS2_SPI2_IRQHandler              0x0001f42f   Thumb Code     0  arm_startup_nrf52.o(.text)
    SWI1_EGU1_IRQHandler                     0x0001f42f   Thumb Code     0  arm_startup_nrf52.o(.text)
    SWI3_EGU3_IRQHandler                     0x0001f42f   Thumb Code     0  arm_startup_nrf52.o(.text)
    SWI4_EGU4_IRQHandler                     0x0001f42f   Thumb Code     0  arm_startup_nrf52.o(.text)
    SWI5_EGU5_IRQHandler                     0x0001f42f   Thumb Code     0  arm_startup_nrf52.o(.text)
    TEMP_IRQHandler                          0x0001f42f   Thumb Code     0  arm_startup_nrf52.o(.text)
    TIMER0_IRQHandler                        0x0001f42f   Thumb Code     0  arm_startup_nrf52.o(.text)
    TIMER1_IRQHandler                        0x0001f42f   Thumb Code     0  arm_startup_nrf52.o(.text)
    TIMER2_IRQHandler                        0x0001f42f   Thumb Code     0  arm_startup_nrf52.o(.text)
    TIMER3_IRQHandler                        0x0001f42f   Thumb Code     0  arm_startup_nrf52.o(.text)
    TIMER4_IRQHandler                        0x0001f42f   Thumb Code     0  arm_startup_nrf52.o(.text)
    WDT_IRQHandler                           0x0001f42f   Thumb Code     0  arm_startup_nrf52.o(.text)
    __aeabi_memcpy                           0x0001f439   Thumb Code    36  memcpya.o(.text)
    __aeabi_memcpy4                          0x0001f439   Thumb Code     0  memcpya.o(.text)
    __aeabi_memcpy8                          0x0001f439   Thumb Code     0  memcpya.o(.text)
    __aeabi_memset                           0x0001f45d   Thumb Code    14  memseta.o(.text)
    __aeabi_memset4                          0x0001f45d   Thumb Code     0  memseta.o(.text)
    __aeabi_memset8                          0x0001f45d   Thumb Code     0  memseta.o(.text)
    __aeabi_memclr                           0x0001f46b   Thumb Code     4  memseta.o(.text)
    __aeabi_memclr4                          0x0001f46b   Thumb Code     0  memseta.o(.text)
    __aeabi_memclr8                          0x0001f46b   Thumb Code     0  memseta.o(.text)
    _memset$wrapper                          0x0001f46f   Thumb Code    18  memseta.o(.text)
    memcmp                                   0x0001f481   Thumb Code    26  memcmp.o(.text)
    __scatterload                            0x0001f49d   Thumb Code    28  init.o(.text)
    __scatterload_rt2                        0x0001f49d   Thumb Code     0  init.o(.text)
    __decompress                             0x0001f4c1   Thumb Code     0  __dczerorl.o(.text)
    __decompress0                            0x0001f4c1   Thumb Code    58  __dczerorl.o(.text)
    GPIOTE_IRQHandler                        0x0001f4fd   Thumb Code   318  nrf_drv_gpiote.o(i.GPIOTE_IRQHandler)
    POWER_CLOCK_IRQHandler                   0x0001f6d9   Thumb Code    84  nrf_drv_clock.o(i.POWER_CLOCK_IRQHandler)
    RTC1_IRQHandler                          0x0001f731   Thumb Code    32  app_timer.o(i.RTC1_IRQHandler)
    SWI0_EGU0_IRQHandler                     0x0001f755   Thumb Code     4  app_timer.o(i.SWI0_EGU0_IRQHandler)
    SWI2_EGU2_IRQHandler                     0x0001f759   Thumb Code    32  softdevice_handler.o(i.SWI2_EGU2_IRQHandler)
    SystemInit                               0x0001f77d   Thumb Code   610  system_nrf52.o(i.SystemInit)
    UARTE0_UART0_IRQHandler                  0x0001fa19   Thumb Code    20  nrf_drv_uart.o(i.UARTE0_UART0_IRQHandler)
    __scatterload_copy                       0x0001fa35   Thumb Code    14  handlers.o(i.__scatterload_copy)
    __scatterload_null                       0x0001fa43   Thumb Code     2  handlers.o(i.__scatterload_null)
    __scatterload_zeroinit                   0x0001fa45   Thumb Code    14  handlers.o(i.__scatterload_zeroinit)
    addr_compare                             0x0001fa79   Thumb Code    38  id_manager.o(i.addr_compare)
    adv_data_encode                          0x0001fa9f   Thumb Code   386  ble_advdata.o(i.adv_data_encode)
    ah                                       0x0001fcaf   Thumb Code    82  id_manager.o(i.ah)
    app_button_enable                        0x0001fd21   Thumb Code    32  app_button.o(i.app_button_enable)
    app_button_init                          0x0001fd45   Thumb Code    96  app_button.o(i.app_button_init)
    app_error_fault_handler                  0x0001fdb5   Thumb Code    26  app_error_weak.o(i.app_error_fault_handler)
    app_error_handler_bare                   0x0001fdd9   Thumb Code    22  app_error.o(i.app_error_handler_bare)
    app_timer_create                         0x0001fdf1   Thumb Code    32  app_timer.o(i.app_timer_create)
    app_timer_init                           0x0001fe15   Thumb Code   102  app_timer.o(i.app_timer_init)
    app_timer_start                          0x0001fe85   Thumb Code   128  app_timer.o(i.app_timer_start)
    app_timer_stop                           0x0001ff0d   Thumb Code    26  app_timer.o(i.app_timer_stop)
    app_util_critical_region_enter           0x0001ff2d   Thumb Code    64  app_util_platform.o(i.app_util_critical_region_enter)
    app_util_critical_region_exit            0x0001ff75   Thumb Code    46  app_util_platform.o(i.app_util_critical_region_exit)
    ble_advdata_set                          0x00020049   Thumb Code   104  ble_advdata.o(i.ble_advdata_set)
    ble_advertising_init                     0x000200b1   Thumb Code   278  ble_advertising.o(i.ble_advertising_init)
    ble_advertising_on_ble_evt               0x000201d1   Thumb Code    88  ble_advertising.o(i.ble_advertising_on_ble_evt)
    ble_advertising_on_sys_evt               0x0002022d   Thumb Code    46  ble_advertising.o(i.ble_advertising_on_sys_evt)
    ble_advertising_restart_without_whitelist 0x00020261   Thumb Code    50  ble_advertising.o(i.ble_advertising_restart_without_whitelist)
    ble_advertising_start                    0x0002029d   Thumb Code   250  ble_advertising.o(i.ble_advertising_start)
    ble_conn_params_init                     0x000203a1   Thumb Code    72  ble_conn_params.o(i.ble_conn_params_init)
    ble_conn_params_on_ble_evt               0x000203f9   Thumb Code   120  ble_conn_params.o(i.ble_conn_params_on_ble_evt)
    ble_conn_state_conn_handles              0x0002047d   Thumb Code    10  ble_conn_state.o(i.ble_conn_state_conn_handles)
    ble_conn_state_encrypted                 0x0002048d   Thumb Code    12  ble_conn_state.o(i.ble_conn_state_encrypted)
    ble_conn_state_mitm_protected            0x0002049d   Thumb Code    12  ble_conn_state.o(i.ble_conn_state_mitm_protected)
    ble_conn_state_on_ble_evt                0x000204ad   Thumb Code   264  ble_conn_state.o(i.ble_conn_state_on_ble_evt)
    ble_conn_state_role                      0x000205b9   Thumb Code    42  ble_conn_state.o(i.ble_conn_state_role)
    ble_conn_state_user_flag_acquire         0x000205e9   Thumb Code    40  ble_conn_state.o(i.ble_conn_state_user_flag_acquire)
    ble_conn_state_user_flag_collection      0x00020615   Thumb Code    20  ble_conn_state.o(i.ble_conn_state_user_flag_collection)
    ble_conn_state_user_flag_get             0x0002062d   Thumb Code    36  ble_conn_state.o(i.ble_conn_state_user_flag_get)
    ble_conn_state_user_flag_set             0x00020655   Thumb Code    40  ble_conn_state.o(i.ble_conn_state_user_flag_set)
    ble_srv_is_notification_enabled          0x0002070b   Thumb Code     8  ble_srv_common.o(i.ble_srv_is_notification_enabled)
    bsp_btn_ble_init                         0x00020781   Thumb Code    72  bsp_btn_ble.o(i.bsp_btn_ble_init)
    bsp_btn_ble_on_ble_evt                   0x000207cd   Thumb Code   106  bsp_btn_ble.o(i.bsp_btn_ble_on_ble_evt)
    bsp_btn_ble_sleep_mode_prepare           0x0002083d   Thumb Code    18  bsp_btn_ble.o(i.bsp_btn_ble_sleep_mode_prepare)
    bsp_button_is_pressed                    0x000208f9   Thumb Code    34  bsp.o(i.bsp_button_is_pressed)
    bsp_event_to_button_action_assign        0x00020969   Thumb Code    64  bsp.o(i.bsp_event_to_button_action_assign)
    bsp_indication_set                       0x000209ad   Thumb Code    20  bsp.o(i.bsp_indication_set)
    bsp_init                                 0x000209c5   Thumb Code   140  bsp.o(i.bsp_init)
    bsp_wakeup_buttons_set                   0x00020c8d   Thumb Code    54  bsp.o(i.bsp_wakeup_buttons_set)
    chunk_queue_next                         0x00020d65   Thumb Code    20  fds.o(i.chunk_queue_next)
    fds_file_delete                          0x00021311   Thumb Code    70  fds.o(i.fds_file_delete)
    fds_gc                                   0x0002135d   Thumb Code    58  fds.o(i.fds_gc)
    fds_init                                 0x000213a1   Thumb Code   136  fds.o(i.fds_init)
    fds_record_close                         0x0002142d   Thumb Code    54  fds.o(i.fds_record_close)
    fds_record_find                          0x00021469   Thumb Code    14  fds.o(i.fds_record_find)
    fds_record_find_by_key                   0x00021477   Thumb Code    16  fds.o(i.fds_record_find_by_key)
    fds_record_find_in_file                  0x00021487   Thumb Code    16  fds.o(i.fds_record_find_in_file)
    fds_record_id_from_desc                  0x00021497   Thumb Code    16  fds.o(i.fds_record_id_from_desc)
    fds_record_open                          0x000214a9   Thumb Code    60  fds.o(i.fds_record_open)
    fds_record_update                        0x000214e9   Thumb Code    14  fds.o(i.fds_record_update)
    fds_record_write                         0x000214f7   Thumb Code     8  fds.o(i.fds_record_write)
    fds_record_write_reserved                0x000214ff   Thumb Code    12  fds.o(i.fds_record_write_reserved)
    fds_register                             0x0002150d   Thumb Code    26  fds.o(i.fds_register)
    fds_reserve                              0x00021531   Thumb Code    46  fds.o(i.fds_reserve)
    fds_reserve_cancel                       0x00021565   Thumb Code    60  fds.o(i.fds_reserve_cancel)
    fs_erase                                 0x00021659   Thumb Code   110  fstorage.o(i.fs_erase)
    fs_init                                  0x000216d5   Thumb Code   164  fstorage.o(i.fs_init)
    fs_queued_op_count_get                   0x00021785   Thumb Code    16  fstorage.o(i.fs_queued_op_count_get)
    fs_store                                 0x00021799   Thumb Code   124  fstorage.o(i.fs_store)
    fs_sys_event_handler                     0x00021819   Thumb Code    96  fstorage.o(i.fs_sys_event_handler)
    gcm_ble_evt_handler                      0x00021a5d   Thumb Code   232  gatt_cache_manager.o(i.gcm_ble_evt_handler)
    gcm_gscm_evt_handler                     0x00021b49   Thumb Code   102  gatt_cache_manager.o(i.gcm_gscm_evt_handler)
    gcm_im_evt_handler                       0x00021bb5   Thumb Code    44  gatt_cache_manager.o(i.gcm_im_evt_handler)
    gcm_init                                 0x00021be5   Thumb Code    66  gatt_cache_manager.o(i.gcm_init)
    gcm_local_database_has_changed           0x00021c2d   Thumb Code    78  gatt_cache_manager.o(i.gcm_local_database_has_changed)
    gcm_smd_evt_handler                      0x00021c81   Thumb Code    14  gatt_cache_manager.o(i.gcm_smd_evt_handler)
    get_connection_by_conn_handle            0x00021c91   Thumb Code    48  id_manager.o(i.get_connection_by_conn_handle)
    get_free_connection                      0x00021cc9   Thumb Code    40  id_manager.o(i.get_free_connection)
    gscm_db_change_notification_done         0x00021d51   Thumb Code    22  gatts_cache_manager.o(i.gscm_db_change_notification_done)
    gscm_init                                0x00021d6d   Thumb Code    16  gatts_cache_manager.o(i.gscm_init)
    gscm_local_database_has_changed          0x00021d81   Thumb Code    22  gatts_cache_manager.o(i.gscm_local_database_has_changed)
    gscm_local_db_cache_apply                0x00021d9d   Thumb Code   106  gatts_cache_manager.o(i.gscm_local_db_cache_apply)
    gscm_local_db_cache_update               0x00021e07   Thumb Code   128  gatts_cache_manager.o(i.gscm_local_db_cache_update)
    gscm_pdb_evt_handler                     0x00021e89   Thumb Code    78  gatts_cache_manager.o(i.gscm_pdb_evt_handler)
    gscm_service_changed_ind_needed          0x00021edd   Thumb Code    26  gatts_cache_manager.o(i.gscm_service_changed_ind_needed)
    gscm_service_changed_ind_send            0x00021ef9   Thumb Code    40  gatts_cache_manager.o(i.gscm_service_changed_ind_send)
    im_address_resolve                       0x00021f3b   Thumb Code    70  id_manager.o(i.im_address_resolve)
    im_ble_addr_get                          0x00021f81   Thumb Code    42  id_manager.o(i.im_ble_addr_get)
    im_ble_evt_handler                       0x00021fb1   Thumb Code   174  id_manager.o(i.im_ble_evt_handler)
    im_conn_handle_get                       0x00022061   Thumb Code    40  id_manager.o(i.im_conn_handle_get)
    im_init                                  0x0002208d   Thumb Code    54  id_manager.o(i.im_init)
    im_is_duplicate_bonding_data             0x000220cd   Thumb Code    52  id_manager.o(i.im_is_duplicate_bonding_data)
    im_master_id_is_valid                    0x00022101   Thumb Code    24  id_manager.o(i.im_master_id_is_valid)
    im_master_ids_compare                    0x00022119   Thumb Code    42  id_manager.o(i.im_master_ids_compare)
    im_new_peer_id                           0x00022143   Thumb Code     4  id_manager.o(i.im_new_peer_id)
    im_pdb_evt_handler                       0x00022147   Thumb Code   114  id_manager.o(i.im_pdb_evt_handler)
    im_peer_free                             0x000221b9   Thumb Code    38  id_manager.o(i.im_peer_free)
    im_peer_id_get_by_conn_handle            0x000221e1   Thumb Code    28  id_manager.o(i.im_peer_id_get_by_conn_handle)
    im_peer_id_get_by_master_id              0x00022201   Thumb Code    60  id_manager.o(i.im_peer_id_get_by_master_id)
    intern_softdevice_events_execute         0x000222fd   Thumb Code   114  softdevice_handler.o(i.intern_softdevice_events_execute)
    is_valid_irk                             0x00022391   Thumb Code    20  id_manager.o(i.is_valid_irk)
    main                                     0x0002294d   Thumb Code   306  main.o(i.main)
    new_connection                           0x00022ba9   Thumb Code    80  id_manager.o(i.new_connection)
    next_id_get                              0x00022c01   Thumb Code    48  peer_id.o(i.next_id_get)
    nrf_drv_clock_init                       0x00022cdd   Thumb Code    46  nrf_drv_clock.o(i.nrf_drv_clock_init)
    nrf_drv_clock_on_sd_enable               0x00022d15   Thumb Code    44  nrf_drv_clock.o(i.nrf_drv_clock_on_sd_enable)
    nrf_drv_clock_on_soc_event               0x00022d45   Thumb Code    10  nrf_drv_clock.o(i.nrf_drv_clock_on_soc_event)
    nrf_drv_common_irq_enable                0x00022d4f   Thumb Code    56  nrf_drv_common.o(i.nrf_drv_common_irq_enable)
    nrf_drv_gpiote_in_event_enable           0x00022d89   Thumb Code   150  nrf_drv_gpiote.o(i.nrf_drv_gpiote_in_event_enable)
    nrf_drv_gpiote_in_init                   0x00022e2d   Thumb Code   170  nrf_drv_gpiote.o(i.nrf_drv_gpiote_in_init)
    nrf_drv_gpiote_in_is_set                 0x00022ee5   Thumb Code    16  nrf_drv_gpiote.o(i.nrf_drv_gpiote_in_is_set)
    nrf_drv_gpiote_init                      0x00022ef9   Thumb Code    84  nrf_drv_gpiote.o(i.nrf_drv_gpiote_init)
    nrf_drv_gpiote_is_init                   0x00022f55   Thumb Code    14  nrf_drv_gpiote.o(i.nrf_drv_gpiote_is_init)
    pdb_init                                 0x00023449   Thumb Code    66  peer_database.o(i.pdb_init)
    pdb_next_deleted_peer_id_get             0x00023499   Thumb Code     4  peer_database.o(i.pdb_next_deleted_peer_id_get)
    pdb_next_peer_id_get                     0x0002349d   Thumb Code     4  peer_database.o(i.pdb_next_peer_id_get)
    pdb_pds_evt_handler                      0x000234a1   Thumb Code   294  peer_database.o(i.pdb_pds_evt_handler)
    pdb_peer_allocate                        0x000235d1   Thumb Code     4  peer_database.o(i.pdb_peer_allocate)
    pdb_peer_data_load                       0x000235d5   Thumb Code    16  peer_database.o(i.pdb_peer_data_load)
    pdb_peer_data_ptr_get                    0x000235e5   Thumb Code     6  peer_database.o(i.pdb_peer_data_ptr_get)
    pdb_peer_free                            0x000235eb   Thumb Code    68  peer_database.o(i.pdb_peer_free)
    pdb_raw_store                            0x0002362f   Thumb Code     8  peer_database.o(i.pdb_raw_store)
    pdb_write_buf_get                        0x00023639   Thumb Code   260  peer_database.o(i.pdb_write_buf_get)
    pdb_write_buf_release                    0x00023741   Thumb Code    40  peer_database.o(i.pdb_write_buf_release)
    pdb_write_buf_store                      0x00023769   Thumb Code   188  peer_database.o(i.pdb_write_buf_store)
    pdb_write_buf_store_prepare              0x0002382d   Thumb Code    98  peer_database.o(i.pdb_write_buf_store_prepare)
    pds_init                                 0x000238a1   Thumb Code    98  peer_data_storage.o(i.pds_init)
    pds_next_deleted_peer_id_get             0x0002390d   Thumb Code     4  peer_data_storage.o(i.pds_next_deleted_peer_id_get)
    pds_next_peer_id_get                     0x00023911   Thumb Code     4  peer_data_storage.o(i.pds_next_peer_id_get)
    pds_peer_data_iterate                    0x00023915   Thumb Code    74  peer_data_storage.o(i.pds_peer_data_iterate)
    pds_peer_data_iterate_prepare            0x00023965   Thumb Code    10  peer_data_storage.o(i.pds_peer_data_iterate_prepare)
    pds_peer_data_read                       0x00023975   Thumb Code   104  peer_data_storage.o(i.pds_peer_data_read)
    pds_peer_data_store                      0x000239dd   Thumb Code   160  peer_data_storage.o(i.pds_peer_data_store)
    pds_peer_id_allocate                     0x00023a7d   Thumb Code     8  peer_data_storage.o(i.pds_peer_id_allocate)
    pds_peer_id_free                         0x00023a85   Thumb Code    22  peer_data_storage.o(i.pds_peer_id_free)
    pds_peer_id_is_allocated                 0x00023a9b   Thumb Code     4  peer_data_storage.o(i.pds_peer_id_is_allocated)
    pds_space_reserve                        0x00023a9f   Thumb Code    46  peer_data_storage.o(i.pds_space_reserve)
    pds_space_reserve_cancel                 0x00023acd   Thumb Code    16  peer_data_storage.o(i.pds_space_reserve_cancel)
    peer_id_allocate                         0x00023bd1   Thumb Code     6  peer_id.o(i.peer_id_allocate)
    peer_id_delete                           0x00023bdd   Thumb Code    32  peer_id.o(i.peer_id_delete)
    peer_id_free                             0x00023c01   Thumb Code    24  peer_id.o(i.peer_id_free)
    peer_id_get_next_deleted                 0x00023c1d   Thumb Code     6  peer_id.o(i.peer_id_get_next_deleted)
    peer_id_get_next_used                    0x00023c29   Thumb Code    42  peer_id.o(i.peer_id_get_next_used)
    peer_id_init                             0x00023c59   Thumb Code    36  peer_id.o(i.peer_id_init)
    peer_id_is_allocated                     0x00023c81   Thumb Code    16  peer_id.o(i.peer_id_is_allocated)
    peer_id_is_deleted                       0x00023c95   Thumb Code    16  peer_id.o(i.peer_id_is_deleted)
    pm_buffer_block_acquire                  0x00023d71   Thumb Code    92  pm_buffer.o(i.pm_buffer_block_acquire)
    pm_buffer_init                           0x00023dcd   Thumb Code    64  pm_buffer.o(i.pm_buffer_init)
    pm_buffer_ptr_get                        0x00023e0d   Thumb Code    40  pm_buffer.o(i.pm_buffer_ptr_get)
    pm_buffer_release                        0x00023e35   Thumb Code    46  pm_buffer.o(i.pm_buffer_release)
    pm_conn_sec_config_reply                 0x00023e63   Thumb Code     4  peer_manager.o(i.pm_conn_sec_config_reply)
    pm_conn_secure                           0x00023e69   Thumb Code    14  peer_manager.o(i.pm_conn_secure)
    pm_gcm_evt_handler                       0x00023efb   Thumb Code   136  peer_manager.o(i.pm_gcm_evt_handler)
    pm_im_evt_handler                        0x00023f85   Thumb Code    74  peer_manager.o(i.pm_im_evt_handler)
    pm_init                                  0x00023fd5   Thumb Code    96  peer_manager.o(i.pm_init)
    pm_local_database_has_changed            0x00024039   Thumb Code    14  peer_manager.o(i.pm_local_database_has_changed)
    pm_mutex_init                            0x0002404d   Thumb Code    14  pm_mutex.o(i.pm_mutex_init)
    pm_mutex_lock                            0x0002405b   Thumb Code    26  pm_mutex.o(i.pm_mutex_lock)
    pm_mutex_lock_first_available            0x00024075   Thumb Code    54  pm_mutex.o(i.pm_mutex_lock_first_available)
    pm_mutex_lock_status_get                 0x000240ab   Thumb Code    24  pm_mutex.o(i.pm_mutex_lock_status_get)
    pm_mutex_unlock                          0x000240c3   Thumb Code    58  pm_mutex.o(i.pm_mutex_unlock)
    pm_on_ble_evt                            0x000240fd   Thumb Code    36  peer_manager.o(i.pm_on_ble_evt)
    pm_pdb_evt_handler                       0x00024125   Thumb Code   338  peer_manager.o(i.pm_pdb_evt_handler)
    pm_peer_delete                           0x0002427d   Thumb Code    14  peer_manager.o(i.pm_peer_delete)
    pm_peer_rank_highest                     0x00024291   Thumb Code   182  peer_manager.o(i.pm_peer_rank_highest)
    pm_peer_ranks_get                        0x00024351   Thumb Code   176  peer_manager.o(i.pm_peer_ranks_get)
    pm_peers_delete                          0x00024409   Thumb Code    50  peer_manager.o(i.pm_peers_delete)
    pm_register                              0x00024441   Thumb Code    34  peer_manager.o(i.pm_register)
    pm_sec_params_set                        0x0002446d   Thumb Code    14  peer_manager.o(i.pm_sec_params_set)
    pm_sm_evt_handler                        0x00024481   Thumb Code   346  peer_manager.o(i.pm_sm_evt_handler)
    sdk_mapped_flags_bulk_update_by_key      0x00024ab9   Thumb Code    68  sdk_mapped_flags.o(i.sdk_mapped_flags_bulk_update_by_key)
    sdk_mapped_flags_first_key_index_get     0x00024afd   Thumb Code    34  sdk_mapped_flags.o(i.sdk_mapped_flags_first_key_index_get)
    sdk_mapped_flags_get_by_key              0x00024b2f   Thumb Code    38  sdk_mapped_flags.o(i.sdk_mapped_flags_get_by_key)
    sdk_mapped_flags_key_list_get            0x00024b55   Thumb Code    74  sdk_mapped_flags.o(i.sdk_mapped_flags_key_list_get)
    sdk_mapped_flags_update_by_key           0x00024b9f   Thumb Code    14  sdk_mapped_flags.o(i.sdk_mapped_flags_update_by_key)
    sm_ble_evt_handler                       0x00025001   Thumb Code    18  security_manager.o(i.sm_ble_evt_handler)
    sm_conn_sec_config_reply                 0x00025019   Thumb Code    18  security_manager.o(i.sm_conn_sec_config_reply)
    sm_init                                  0x00025031   Thumb Code    76  security_manager.o(i.sm_init)
    sm_link_secure                           0x00025081   Thumb Code    10  security_manager.o(i.sm_link_secure)
    sm_pdb_evt_handler                       0x0002508d   Thumb Code    52  security_manager.o(i.sm_pdb_evt_handler)
    sm_sec_params_set                        0x000250c5   Thumb Code    38  security_manager.o(i.sm_sec_params_set)
    sm_smd_evt_handler                       0x000250f1   Thumb Code   116  security_manager.o(i.sm_smd_evt_handler)
    smd_ble_evt_handler                      0x00025169   Thumb Code   226  security_dispatcher.o(i.smd_ble_evt_handler)
    smd_init                                 0x00025255   Thumb Code    56  security_dispatcher.o(i.smd_init)
    smd_link_secure                          0x00025291   Thumb Code    48  security_dispatcher.o(i.smd_link_secure)
    smd_params_reply                         0x000252c1   Thumb Code   262  security_dispatcher.o(i.smd_params_reply)
    smd_pdb_evt_handler                      0x00025455   Thumb Code    48  security_dispatcher.o(i.smd_pdb_evt_handler)
    softdevice_ble_evt_handler_set           0x00025489   Thumb Code    14  softdevice_handler.o(i.softdevice_ble_evt_handler_set)
    softdevice_enable                        0x0002549d   Thumb Code    14  softdevice_handler.o(i.softdevice_enable)
    softdevice_enable_get_default_config     0x000254b1   Thumb Code    38  softdevice_handler.o(i.softdevice_enable_get_default_config)
    softdevice_fault_handler                 0x000254d7   Thumb Code     4  softdevice_handler.o(i.softdevice_fault_handler)
    softdevice_handler_init                  0x000254dd   Thumb Code    92  softdevice_handler.o(i.softdevice_handler_init)
    softdevice_handler_is_enabled            0x00025541   Thumb Code     6  softdevice_handler.o(i.softdevice_handler_is_enabled)
    softdevice_sys_evt_handler_set           0x0002554d   Thumb Code    14  softdevice_handler.o(i.softdevice_sys_evt_handler_set)
    Region$$Table$$Base                      0x00025ef8   Number         0  anon$$obj.o(Region$$Table)
    Region$$Table$$Limit                     0x00025f18   Number         0  anon$$obj.o(Region$$Table)
    Image$$RW_IRAM1$$Base                    0x20002128   Number         0  anon$$obj.o ABSOLUTE
    SystemCoreClock                          0x20002244   Data           4  system_nrf52.o(.data)
    fs_data$$Base                            0x20002248   Number         0  fds.o(fs_data)
    fs_data$$Limit                           0x20002258   Number         0  fds.o(fs_data)
    nrf_nvic_state                           0x20002984   Data          12  app_util_platform.o(.bss)
    __initial_sp                             0x20004b18   Data           0  arm_startup_nrf52.o(STACK)



==============================================================================

Memory Map of the image

  Image Entry point : 0x0001f401

  Load Region LR_IROM1 (Base: 0x0001f000, Size: 0x00007048, Max: 0x00061000, ABSOLUTE, COMPRESSED[0x00006f40])

    Execution Region ER_IROM1 (Base: 0x0001f000, Size: 0x00006f18, Max: 0x00061000, ABSOLUTE)

    Base Addr    Size         Type   Attr      Idx    E Section Name        Object

    0x0001f000   0x00000400   Data   RO         4230    RESET               arm_startup_nrf52.o
    0x0001f400   0x00000000   Code   RO         4271  * .ARM.Collect$$$$00000000  mc_w.l(entry.o)
    0x0001f400   0x00000004   Code   RO         4286    .ARM.Collect$$$$00000001  mc_w.l(entry2.o)
    0x0001f404   0x00000004   Code   RO         4289    .ARM.Collect$$$$00000004  mc_w.l(entry5.o)
    0x0001f408   0x00000000   Code   RO         4291    .ARM.Collect$$$$00000008  mc_w.l(entry7b.o)
    0x0001f408   0x00000000   Code   RO         4293    .ARM.Collect$$$$0000000A  mc_w.l(entry8b.o)
    0x0001f408   0x00000008   Code   RO         4294    .ARM.Collect$$$$0000000B  mc_w.l(entry9a.o)
    0x0001f410   0x00000000   Code   RO         4296    .ARM.Collect$$$$0000000D  mc_w.l(entry10a.o)
    0x0001f410   0x00000000   Code   RO         4298    .ARM.Collect$$$$0000000F  mc_w.l(entry11a.o)
    0x0001f410   0x00000004   Code   RO         4287    .ARM.Collect$$$$00002712  mc_w.l(entry2.o)
    0x0001f414   0x00000024   Code   RO         4231    .text               arm_startup_nrf52.o
    0x0001f438   0x00000024   Code   RO         4274    .text               mc_w.l(memcpya.o)
    0x0001f45c   0x00000024   Code   RO         4276    .text               mc_w.l(memseta.o)
    0x0001f480   0x0000001a   Code   RO         4280    .text               mc_w.l(memcmp.o)
    0x0001f49a   0x00000002   PAD
    0x0001f49c   0x00000024   Code   RO         4300    .text               mc_w.l(init.o)
    0x0001f4c0   0x0000003a   Code   RO         4310    .text               mc_w.l(__dczerorl.o)
    0x0001f4fa   0x00000002   PAD
    0x0001f4fc   0x0000014c   Code   RO         2523    i.GPIOTE_IRQHandler  nrf_drv_gpiote.o
    0x0001f648   0x00000016   Code   RO         3177    i.NVIC_ClearPendingIRQ  app_timer.o
    0x0001f65e   0x00000016   Code   RO         4089    i.NVIC_DisableIRQ   softdevice_handler.o
    0x0001f674   0x00000016   Code   RO         3178    i.NVIC_EnableIRQ    app_timer.o
    0x0001f68a   0x00000016   Code   RO         4090    i.NVIC_EnableIRQ    softdevice_handler.o
    0x0001f6a0   0x00000016   Code   RO         3179    i.NVIC_SetPendingIRQ  app_timer.o
    0x0001f6b6   0x00000020   Code   RO         3180    i.NVIC_SetPriority  app_timer.o
    0x0001f6d6   0x00000002   PAD
    0x0001f6d8   0x00000058   Code   RO         2331    i.POWER_CLOCK_IRQHandler  nrf_drv_clock.o
    0x0001f730   0x00000024   Code   RO         3181    i.RTC1_IRQHandler   app_timer.o
    0x0001f754   0x00000004   Code   RO         3182    i.SWI0_EGU0_IRQHandler  app_timer.o
    0x0001f758   0x00000024   Code   RO         4091    i.SWI2_EGU2_IRQHandler  softdevice_handler.o
    0x0001f77c   0x0000029c   Code   RO         4239    i.SystemInit        system_nrf52.o
    0x0001fa18   0x0000001c   Code   RO         2752    i.UARTE0_UART0_IRQHandler  nrf_drv_uart.o
    0x0001fa34   0x0000000e   Code   RO         4304    i.__scatterload_copy  mc_w.l(handlers.o)
    0x0001fa42   0x00000002   Code   RO         4305    i.__scatterload_null  mc_w.l(handlers.o)
    0x0001fa44   0x0000000e   Code   RO         4306    i.__scatterload_zeroinit  mc_w.l(handlers.o)
    0x0001fa52   0x00000002   PAD
    0x0001fa54   0x00000024   Code   RO         4092    i.__sd_nvic_app_accessible_irq  softdevice_handler.o
    0x0001fa78   0x00000026   Code   RO         1114    i.addr_compare      id_manager.o
    0x0001fa9e   0x00000182   Code   RO          492    i.adv_data_encode   ble_advdata.o
    0x0001fc20   0x00000058   Code   RO          572    i.adv_mode_next_avail_get  ble_advertising.o
    0x0001fc78   0x00000036   Code   RO          449    i.advertising_buttons_configure  bsp_btn_ble.o
    0x0001fcae   0x00000052   Code   RO         1115    i.ah                id_manager.o
    0x0001fd00   0x00000020   Code   RO          332    i.alert_timer_handler  bsp.o
    0x0001fd20   0x00000024   Code   RO         2969    i.app_button_enable  app_button.o
    0x0001fd44   0x00000070   Code   RO         2970    i.app_button_init   app_button.o
    0x0001fdb4   0x00000024   Code   RO         3073    i.app_error_fault_handler  app_error_weak.o
    0x0001fdd8   0x00000016   Code   RO         3034    i.app_error_handler_bare  app_error.o
    0x0001fdee   0x00000002   PAD
    0x0001fdf0   0x00000024   Code   RO         3185    i.app_timer_create  app_timer.o
    0x0001fe14   0x00000070   Code   RO         3186    i.app_timer_init    app_timer.o
    0x0001fe84   0x00000088   Code   RO         3187    i.app_timer_start   app_timer.o
    0x0001ff0c   0x00000020   Code   RO         3188    i.app_timer_stop    app_timer.o
    0x0001ff2c   0x00000048   Code   RO         3340    i.app_util_critical_region_enter  app_util_platform.o
    0x0001ff74   0x00000034   Code   RO         3341    i.app_util_critical_region_exit  app_util_platform.o
    0x0001ffa8   0x000000a0   Code   RO         2090    i.auth_status_success_process  security_dispatcher.o
    0x00020048   0x00000068   Code   RO          493    i.ble_advdata_set   ble_advdata.o
    0x000200b0   0x00000120   Code   RO          573    i.ble_advertising_init  ble_advertising.o
    0x000201d0   0x0000005c   Code   RO          574    i.ble_advertising_on_ble_evt  ble_advertising.o
    0x0002022c   0x00000034   Code   RO          575    i.ble_advertising_on_sys_evt  ble_advertising.o
    0x00020260   0x0000003c   Code   RO          577    i.ble_advertising_restart_without_whitelist  ble_advertising.o
    0x0002029c   0x00000104   Code   RO          578    i.ble_advertising_start  ble_advertising.o
    0x000203a0   0x00000058   Code   RO          657    i.ble_conn_params_init  ble_conn_params.o
    0x000203f8   0x00000084   Code   RO          658    i.ble_conn_params_on_ble_evt  ble_conn_params.o
    0x0002047c   0x00000010   Code   RO          727    i.ble_conn_state_conn_handles  ble_conn_state.o
    0x0002048c   0x00000010   Code   RO          728    i.ble_conn_state_encrypted  ble_conn_state.o
    0x0002049c   0x00000010   Code   RO          730    i.ble_conn_state_mitm_protected  ble_conn_state.o
    0x000204ac   0x0000010c   Code   RO          734    i.ble_conn_state_on_ble_evt  ble_conn_state.o
    0x000205b8   0x00000030   Code   RO          736    i.ble_conn_state_role  ble_conn_state.o
    0x000205e8   0x0000002c   Code   RO          738    i.ble_conn_state_user_flag_acquire  ble_conn_state.o
    0x00020614   0x00000018   Code   RO          739    i.ble_conn_state_user_flag_collection  ble_conn_state.o
    0x0002062c   0x00000028   Code   RO          740    i.ble_conn_state_user_flag_get  ble_conn_state.o
    0x00020654   0x0000002c   Code   RO          741    i.ble_conn_state_user_flag_set  ble_conn_state.o
    0x00020680   0x00000060   Code   RO          494    i.ble_device_addr_encode  ble_advdata.o
    0x000206e0   0x0000002a   Code   RO            5    i.ble_evt_dispatch  main.o
    0x0002070a   0x00000008   Code   RO          860    i.ble_srv_is_notification_enabled  ble_srv_common.o
    0x00020712   0x00000002   PAD
    0x00020714   0x0000006c   Code   RO            6    i.ble_stack_init    main.o
    0x00020780   0x0000004c   Code   RO          450    i.bsp_btn_ble_init  bsp_btn_ble.o
    0x000207cc   0x00000070   Code   RO          451    i.bsp_btn_ble_on_ble_evt  bsp_btn_ble.o
    0x0002083c   0x00000012   Code   RO          452    i.bsp_btn_ble_sleep_mode_prepare  bsp_btn_ble.o
    0x0002084e   0x00000002   PAD
    0x00020850   0x000000a8   Code   RO          333    i.bsp_button_event_handler  bsp.o
    0x000208f8   0x0000002c   Code   RO          334    i.bsp_button_is_pressed  bsp.o
    0x00020924   0x00000044   Code   RO            7    i.bsp_event_handler  main.o
    0x00020968   0x00000044   Code   RO          338    i.bsp_event_to_button_action_assign  bsp.o
    0x000209ac   0x00000018   Code   RO          339    i.bsp_indication_set  bsp.o
    0x000209c4   0x000000a4   Code   RO          341    i.bsp_init          bsp.o
    0x00020a68   0x00000224   Code   RO          342    i.bsp_led_indication  bsp.o
    0x00020c8c   0x0000003c   Code   RO          343    i.bsp_wakeup_buttons_set  bsp.o
    0x00020cc8   0x00000008   Code   RO          345    i.button_timer_handler  bsp.o
    0x00020cd0   0x0000001c   Code   RO         2524    i.channel_free      nrf_drv_gpiote.o
    0x00020cec   0x00000048   Code   RO         2525    i.channel_port_alloc  nrf_drv_gpiote.o
    0x00020d34   0x00000010   Code   RO         2526    i.channel_port_get  nrf_drv_gpiote.o
    0x00020d44   0x00000020   Code   RO         3713    i.check_config      fstorage.o
    0x00020d64   0x00000018   Code   RO         3407    i.chunk_queue_next  fds.o
    0x00020d7c   0x00000038   Code   RO         1647    i.claim             peer_id.o
    0x00020db4   0x00000028   Code   RO         2332    i.clock_clk_started_notify  nrf_drv_clock.o
    0x00020ddc   0x000000ac   Code   RO         3190    i.compare_reg_update  app_timer.o
    0x00020e88   0x00000088   Code   RO          495    i.conn_int_encode   ble_advdata.o
    0x00020f10   0x00000004   Code   RO            8    i.conn_params_error_handler  main.o
    0x00020f14   0x0000005c   Code   RO          660    i.conn_params_negotiation  ble_conn_params.o
    0x00020f70   0x0000009c   Code   RO         3408    i.delete_execute    fds.o
    0x0002100c   0x00000060   Code   RO         2972    i.detection_delay_timeout_handler  app_button.o
    0x0002106c   0x00000040   Code   RO         3191    i.elapsed_ticks_acquire  app_timer.o
    0x000210ac   0x00000030   Code   RO         2091    i.encryption_failure  security_dispatcher.o
    0x000210dc   0x0000006a   Code   RO         3409    i.event_prepare     fds.o
    0x00021146   0x00000002   PAD
    0x00021148   0x00000020   Code   RO         3410    i.event_send        fds.o
    0x00021168   0x00000034   Code   RO         2205    i.events_send_from_err_code  security_manager.o
    0x0002119c   0x0000000c   Code   RO          917    i.evt_send          gatt_cache_manager.o
    0x000211a8   0x0000001c   Code   RO         1116    i.evt_send          id_manager.o
    0x000211c4   0x0000002c   Code   RO         1737    i.evt_send          peer_manager.o
    0x000211f0   0x0000001c   Code   RO         2092    i.evt_send          security_dispatcher.o
    0x0002120c   0x0000000c   Code   RO         2206    i.evt_send          security_manager.o
    0x00021218   0x000000f8   Code   RO         1340    i.fds_evt_handler   peer_data_storage.o
    0x00021310   0x0000004c   Code   RO         3412    i.fds_file_delete   fds.o
    0x0002135c   0x00000044   Code   RO         3413    i.fds_gc            fds.o
    0x000213a0   0x0000008c   Code   RO         3414    i.fds_init          fds.o
    0x0002142c   0x0000003c   Code   RO         3415    i.fds_record_close  fds.o
    0x00021468   0x0000000e   Code   RO         3417    i.fds_record_find   fds.o
    0x00021476   0x00000010   Code   RO         3418    i.fds_record_find_by_key  fds.o
    0x00021486   0x00000010   Code   RO         3419    i.fds_record_find_in_file  fds.o
    0x00021496   0x00000010   Code   RO         3420    i.fds_record_id_from_desc  fds.o
    0x000214a6   0x00000002   PAD
    0x000214a8   0x00000040   Code   RO         3422    i.fds_record_open   fds.o
    0x000214e8   0x0000000e   Code   RO         3423    i.fds_record_update  fds.o
    0x000214f6   0x00000008   Code   RO         3424    i.fds_record_write  fds.o
    0x000214fe   0x0000000c   Code   RO         3425    i.fds_record_write_reserved  fds.o
    0x0002150a   0x00000002   PAD
    0x0002150c   0x00000024   Code   RO         3426    i.fds_register      fds.o
    0x00021530   0x00000034   Code   RO         3427    i.fds_reserve       fds.o
    0x00021564   0x00000044   Code   RO         3428    i.fds_reserve_cancel  fds.o
    0x000215a8   0x00000014   Code   RO         1341    i.file_id_within_pm_range  peer_data_storage.o
    0x000215bc   0x00000010   Code   RO         3430    i.flag_clear        fds.o
    0x000215cc   0x00000012   Code   RO         2093    i.flag_id_init      security_dispatcher.o
    0x000215de   0x00000012   Code   RO         2207    i.flag_id_init      security_manager.o
    0x000215f0   0x00000010   Code   RO         3431    i.flag_set          fds.o
    0x00021600   0x00000058   Code   RO         2208    i.flags_set_from_err_code  security_manager.o
    0x00021658   0x00000074   Code   RO         3714    i.fs_erase          fstorage.o
    0x000216cc   0x00000006   Code   RO         3432    i.fs_event_handler  fds.o
    0x000216d2   0x00000002   PAD
    0x000216d4   0x000000b0   Code   RO         3716    i.fs_init           fstorage.o
    0x00021784   0x00000014   Code   RO         3717    i.fs_queued_op_count_get  fstorage.o
    0x00021798   0x00000080   Code   RO         3718    i.fs_store          fstorage.o
    0x00021818   0x00000068   Code   RO         3719    i.fs_sys_event_handler  fstorage.o
    0x00021880   0x00000070   Code   RO         3433    i.gc_execute        fds.o
    0x000218f0   0x00000048   Code   RO         3434    i.gc_next_page      fds.o
    0x00021938   0x0000004c   Code   RO         3435    i.gc_page_erase     fds.o
    0x00021984   0x00000034   Code   RO         3436    i.gc_record_copy    fds.o
    0x000219b8   0x00000024   Code   RO         3437    i.gc_record_find_next  fds.o
    0x000219dc   0x00000080   Code   RO         3438    i.gc_state_advance  fds.o
    0x00021a5c   0x000000ec   Code   RO          918    i.gcm_ble_evt_handler  gatt_cache_manager.o
    0x00021b48   0x0000006c   Code   RO          919    i.gcm_gscm_evt_handler  gatt_cache_manager.o
    0x00021bb4   0x00000030   Code   RO          920    i.gcm_im_evt_handler  gatt_cache_manager.o
    0x00021be4   0x00000048   Code   RO          921    i.gcm_init          gatt_cache_manager.o
    0x00021c2c   0x00000054   Code   RO          922    i.gcm_local_database_has_changed  gatt_cache_manager.o
    0x00021c80   0x0000000e   Code   RO          925    i.gcm_smd_evt_handler  gatt_cache_manager.o
    0x00021c8e   0x00000002   PAD
    0x00021c90   0x00000038   Code   RO         1117    i.get_connection_by_conn_handle  id_manager.o
    0x00021cc8   0x00000030   Code   RO         1118    i.get_free_connection  id_manager.o
    0x00021cf8   0x00000058   Code   RO         2973    i.gpiote_event_handler  app_button.o
    0x00021d50   0x0000001c   Code   RO         1029    i.gscm_db_change_notification_done  gatts_cache_manager.o
    0x00021d6c   0x00000014   Code   RO         1030    i.gscm_init         gatts_cache_manager.o
    0x00021d80   0x0000001c   Code   RO         1031    i.gscm_local_database_has_changed  gatts_cache_manager.o
    0x00021d9c   0x0000006a   Code   RO         1032    i.gscm_local_db_cache_apply  gatts_cache_manager.o
    0x00021e06   0x00000080   Code   RO         1034    i.gscm_local_db_cache_update  gatts_cache_manager.o
    0x00021e86   0x00000002   PAD
    0x00021e88   0x00000054   Code   RO         1035    i.gscm_pdb_evt_handler  gatts_cache_manager.o
    0x00021edc   0x0000001a   Code   RO         1036    i.gscm_service_changed_ind_needed  gatts_cache_manager.o
    0x00021ef6   0x00000002   PAD
    0x00021ef8   0x0000002c   Code   RO         1037    i.gscm_service_changed_ind_send  gatts_cache_manager.o
    0x00021f24   0x00000016   Code   RO         3439    i.header_is_valid   fds.o
    0x00021f3a   0x00000046   Code   RO         1119    i.im_address_resolve  id_manager.o
    0x00021f80   0x00000030   Code   RO         1120    i.im_ble_addr_get   id_manager.o
    0x00021fb0   0x000000ae   Code   RO         1121    i.im_ble_evt_handler  id_manager.o
    0x0002205e   0x00000002   PAD
    0x00022060   0x0000002c   Code   RO         1122    i.im_conn_handle_get  id_manager.o
    0x0002208c   0x00000040   Code   RO         1126    i.im_init           id_manager.o
    0x000220cc   0x00000034   Code   RO         1127    i.im_is_duplicate_bonding_data  id_manager.o
    0x00022100   0x00000018   Code   RO         1128    i.im_master_id_is_valid  id_manager.o
    0x00022118   0x0000002a   Code   RO         1129    i.im_master_ids_compare  id_manager.o
    0x00022142   0x00000004   Code   RO         1130    i.im_new_peer_id    id_manager.o
    0x00022146   0x00000072   Code   RO         1131    i.im_pdb_evt_handler  id_manager.o
    0x000221b8   0x00000026   Code   RO         1132    i.im_peer_free      id_manager.o
    0x000221de   0x00000002   PAD
    0x000221e0   0x00000020   Code   RO         1133    i.im_peer_id_get_by_conn_handle  id_manager.o
    0x00022200   0x0000003c   Code   RO         1134    i.im_peer_id_get_by_master_id  id_manager.o
    0x0002223c   0x000000c0   Code   RO         3440    i.init_execute      fds.o
    0x000222fc   0x00000078   Code   RO         4093    i.intern_softdevice_events_execute  softdevice_handler.o
    0x00022374   0x0000001c   Code   RO          661    i.is_conn_params_ok  ble_conn_params.o
    0x00022390   0x00000014   Code   RO         1139    i.is_valid_irk      id_manager.o
    0x000223a4   0x0000000c   Code   RO         3441    i.is_word_aligned   fds.o
    0x000223b0   0x00000014   Code   RO          346    i.leds_timer_handler  bsp.o
    0x000223c4   0x00000098   Code   RO         2209    i.link_secure       security_manager.o
    0x0002245c   0x00000086   Code   RO         2094    i.link_secure_central  security_dispatcher.o
    0x000224e2   0x000000c8   Code   RO         2095    i.link_secure_central_existing_peer  security_dispatcher.o
    0x000225aa   0x0000006c   Code   RO         2096    i.link_secure_central_new_peer  security_dispatcher.o
    0x00022616   0x00000002   PAD
    0x00022618   0x00000058   Code   RO         2097    i.link_secure_failure  security_dispatcher.o
    0x00022670   0x0000005c   Code   RO         2210    i.link_secure_pending_process  security_manager.o
    0x000226cc   0x000000a8   Code   RO         3192    i.list_deletions_handler  app_timer.o
    0x00022774   0x000000b8   Code   RO         3193    i.list_insertions_handler  app_timer.o
    0x0002282c   0x00000074   Code   RO          926    i.local_db_apply_in_evt  gatt_cache_manager.o
    0x000228a0   0x00000078   Code   RO          927    i.local_db_update_in_evt  gatt_cache_manager.o
    0x00022918   0x00000032   Code   RO         2037    i.lock_by_mask      pm_mutex.o
    0x0002294a   0x00000002   PAD
    0x0002294c   0x0000015c   Code   RO            9    i.main              main.o
    0x00022aa8   0x00000064   Code   RO          496    i.manuf_specific_data_encode  ble_advdata.o
    0x00022b0c   0x0000009c   Code   RO          497    i.name_encode       ble_advdata.o
    0x00022ba8   0x00000058   Code   RO         1140    i.new_connection    id_manager.o
    0x00022c00   0x00000030   Code   RO         1648    i.next_id_get       peer_id.o
    0x00022c30   0x0000000e   Code   RO         2336    i.nrf_clock_event_check  nrf_drv_clock.o
    0x00022c3e   0x00000010   Code   RO         2337    i.nrf_clock_event_clear  nrf_drv_clock.o
    0x00022c4e   0x00000002   PAD
    0x00022c50   0x0000008c   Code   RO         3194    i.nrf_delay_us      app_timer.o
    0x00022cdc   0x00000038   Code   RO         2344    i.nrf_drv_clock_init  nrf_drv_clock.o
    0x00022d14   0x00000030   Code   RO         2350    i.nrf_drv_clock_on_sd_enable  nrf_drv_clock.o
    0x00022d44   0x0000000a   Code   RO         2351    i.nrf_drv_clock_on_soc_event  nrf_drv_clock.o
    0x00022d4e   0x00000038   Code   RO         2492    i.nrf_drv_common_irq_enable  nrf_drv_common.o
    0x00022d86   0x00000002   PAD
    0x00022d88   0x000000a4   Code   RO         2531    i.nrf_drv_gpiote_in_event_enable  nrf_drv_gpiote.o
    0x00022e2c   0x000000b8   Code   RO         2532    i.nrf_drv_gpiote_in_init  nrf_drv_gpiote.o
    0x00022ee4   0x00000014   Code   RO         2533    i.nrf_drv_gpiote_in_is_set  nrf_drv_gpiote.o
    0x00022ef8   0x0000005c   Code   RO         2535    i.nrf_drv_gpiote_init  nrf_drv_gpiote.o
    0x00022f54   0x00000014   Code   RO         2536    i.nrf_drv_gpiote_is_init  nrf_drv_gpiote.o
    0x00022f68   0x00000022   Code   RO         2550    i.nrf_gpio_cfg      nrf_drv_gpiote.o
    0x00022f8a   0x0000001c   Code   RO         2552    i.nrf_gpio_cfg_sense_set  nrf_drv_gpiote.o
    0x00022fa6   0x00000002   PAD
    0x00022fa8   0x00000014   Code   RO         2553    i.nrf_gpiote_event_clear  nrf_drv_gpiote.o
    0x00022fbc   0x00000010   Code   RO         2554    i.nrf_gpiote_event_is_set  nrf_drv_gpiote.o
    0x00022fcc   0x0000000a   Code   RO         2773    i.nrf_uart_event_check  nrf_drv_uart.o
    0x00022fd6   0x0000000c   Code   RO         2774    i.nrf_uart_event_clear  nrf_drv_uart.o
    0x00022fe2   0x0000000c   Code   RO         2775    i.nrf_uart_int_enable_check  nrf_drv_uart.o
    0x00022fee   0x0000000a   Code   RO         2776    i.nrf_uarte_event_check  nrf_drv_uart.o
    0x00022ff8   0x0000000c   Code   RO         2777    i.nrf_uarte_event_clear  nrf_drv_uart.o
    0x00023004   0x00000024   Code   RO           10    i.on_adv_evt        main.o
    0x00023028   0x000000bc   Code   RO           11    i.on_ble_evt        main.o
    0x000230e4   0x0000001c   Code   RO           12    i.on_conn_params_evt  main.o
    0x00023100   0x00000054   Code   RO         3720    i.on_operation_success  fstorage.o
    0x00023154   0x00000080   Code   RO         3442    i.op_enqueue        fds.o
    0x000231d4   0x00000012   Code   RO         3443    i.page_offsets_update  fds.o
    0x000231e6   0x00000002   PAD
    0x000231e8   0x00000064   Code   RO         3444    i.page_scan         fds.o
    0x0002324c   0x0000001c   Code   RO         3445    i.page_tag_write_data  fds.o
    0x00023268   0x00000024   Code   RO         3446    i.page_tag_write_swap  fds.o
    0x0002328c   0x000000f8   Code   RO         3447    i.pages_init        fds.o
    0x00023384   0x0000006c   Code   RO         2098    i.pairing_failure   security_dispatcher.o
    0x000233f0   0x0000003c   Code   RO         2211    i.params_reply_pending_process  security_manager.o
    0x0002342c   0x0000001c   Code   RO         1484    i.pdb_evt_send      peer_database.o
    0x00023448   0x00000050   Code   RO         1485    i.pdb_init          peer_database.o
    0x00023498   0x00000004   Code   RO         1487    i.pdb_next_deleted_peer_id_get  peer_database.o
    0x0002349c   0x00000004   Code   RO         1488    i.pdb_next_peer_id_get  peer_database.o
    0x000234a0   0x00000130   Code   RO         1489    i.pdb_pds_evt_handler  peer_database.o
    0x000235d0   0x00000004   Code   RO         1490    i.pdb_peer_allocate  peer_database.o
    0x000235d4   0x00000010   Code   RO         1491    i.pdb_peer_data_load  peer_database.o
    0x000235e4   0x00000006   Code   RO         1492    i.pdb_peer_data_ptr_get  peer_database.o
    0x000235ea   0x00000044   Code   RO         1493    i.pdb_peer_free     peer_database.o
    0x0002362e   0x00000008   Code   RO         1494    i.pdb_raw_store     peer_database.o
    0x00023636   0x00000002   PAD
    0x00023638   0x00000108   Code   RO         1495    i.pdb_write_buf_get  peer_database.o
    0x00023740   0x00000028   Code   RO         1496    i.pdb_write_buf_release  peer_database.o
    0x00023768   0x000000c4   Code   RO         1497    i.pdb_write_buf_store  peer_database.o
    0x0002382c   0x00000068   Code   RO         1498    i.pdb_write_buf_store_prepare  peer_database.o
    0x00023894   0x0000000c   Code   RO         1342    i.pds_evt_send      peer_data_storage.o
    0x000238a0   0x0000006c   Code   RO         1343    i.pds_init          peer_data_storage.o
    0x0002390c   0x00000004   Code   RO         1344    i.pds_next_deleted_peer_id_get  peer_data_storage.o
    0x00023910   0x00000004   Code   RO         1345    i.pds_next_peer_id_get  peer_data_storage.o
    0x00023914   0x00000050   Code   RO         1348    i.pds_peer_data_iterate  peer_data_storage.o
    0x00023964   0x00000010   Code   RO         1349    i.pds_peer_data_iterate_prepare  peer_data_storage.o
    0x00023974   0x00000068   Code   RO         1350    i.pds_peer_data_read  peer_data_storage.o
    0x000239dc   0x000000a0   Code   RO         1351    i.pds_peer_data_store  peer_data_storage.o
    0x00023a7c   0x00000008   Code   RO         1352    i.pds_peer_id_allocate  peer_data_storage.o
    0x00023a84   0x00000016   Code   RO         1353    i.pds_peer_id_free  peer_data_storage.o
    0x00023a9a   0x00000004   Code   RO         1354    i.pds_peer_id_is_allocated  peer_data_storage.o
    0x00023a9e   0x0000002e   Code   RO         1355    i.pds_space_reserve  peer_data_storage.o
    0x00023acc   0x00000010   Code   RO         1356    i.pds_space_reserve_cancel  peer_data_storage.o
    0x00023adc   0x00000006   Code   RO         1499    i.peer_data_const_point_to_buffer  peer_database.o
    0x00023ae2   0x00000002   PAD
    0x00023ae4   0x00000080   Code   RO         1357    i.peer_data_delete  peer_data_storage.o
    0x00023b64   0x00000030   Code   RO         1358    i.peer_data_find    peer_data_storage.o
    0x00023b94   0x00000020   Code   RO         1359    i.peer_data_id_is_valid  peer_data_storage.o
    0x00023bb4   0x0000001a   Code   RO         1500    i.peer_data_point_to_buffer  peer_database.o
    0x00023bce   0x00000002   PAD
    0x00023bd0   0x0000000c   Code   RO         1649    i.peer_id_allocate  peer_id.o
    0x00023bdc   0x00000024   Code   RO         1650    i.peer_id_delete    peer_id.o
    0x00023c00   0x0000001c   Code   RO         1651    i.peer_id_free      peer_id.o
    0x00023c1c   0x0000000c   Code   RO         1652    i.peer_id_get_next_deleted  peer_id.o
    0x00023c28   0x00000030   Code   RO         1653    i.peer_id_get_next_used  peer_id.o
    0x00023c58   0x00000028   Code   RO         1654    i.peer_id_init      peer_id.o
    0x00023c80   0x00000014   Code   RO         1655    i.peer_id_is_allocated  peer_id.o
    0x00023c94   0x00000014   Code   RO         1656    i.peer_id_is_deleted  peer_id.o
    0x00023ca8   0x0000001c   Code   RO         1141    i.peer_id_set       id_manager.o
    0x00023cc4   0x0000007c   Code   RO           13    i.peer_manager_init  main.o
    0x00023d40   0x00000018   Code   RO         2555    i.pin_in_use_by_port  nrf_drv_gpiote.o
    0x00023d58   0x00000018   Code   RO         2556    i.pin_in_use_by_te  nrf_drv_gpiote.o
    0x00023d70   0x0000005c   Code   RO         2004    i.pm_buffer_block_acquire  pm_buffer.o
    0x00023dcc   0x00000040   Code   RO         2005    i.pm_buffer_init    pm_buffer.o
    0x00023e0c   0x00000028   Code   RO         2006    i.pm_buffer_ptr_get  pm_buffer.o
    0x00023e34   0x0000002e   Code   RO         2007    i.pm_buffer_release  pm_buffer.o
    0x00023e62   0x00000004   Code   RO         1739    i.pm_conn_sec_config_reply  peer_manager.o
    0x00023e66   0x00000002   PAD
    0x00023e68   0x00000014   Code   RO         1741    i.pm_conn_secure    peer_manager.o
    0x00023e7c   0x0000007e   Code   RO           14    i.pm_evt_handler    main.o
    0x00023efa   0x00000088   Code   RO         1743    i.pm_gcm_evt_handler  peer_manager.o
    0x00023f82   0x00000002   PAD
    0x00023f84   0x00000050   Code   RO         1746    i.pm_im_evt_handler  peer_manager.o
    0x00023fd4   0x00000064   Code   RO         1747    i.pm_init           peer_manager.o
    0x00024038   0x00000014   Code   RO         1749    i.pm_local_database_has_changed  peer_manager.o
    0x0002404c   0x0000000e   Code   RO         2038    i.pm_mutex_init     pm_mutex.o
    0x0002405a   0x0000001a   Code   RO         2039    i.pm_mutex_lock     pm_mutex.o
    0x00024074   0x00000036   Code   RO         2040    i.pm_mutex_lock_first_available  pm_mutex.o
    0x000240aa   0x00000018   Code   RO         2041    i.pm_mutex_lock_status_get  pm_mutex.o
    0x000240c2   0x0000003a   Code   RO         2042    i.pm_mutex_unlock   pm_mutex.o
    0x000240fc   0x00000028   Code   RO         1751    i.pm_on_ble_evt     peer_manager.o
    0x00024124   0x00000158   Code   RO         1752    i.pm_pdb_evt_handler  peer_manager.o
    0x0002427c   0x00000014   Code   RO         1763    i.pm_peer_delete    peer_manager.o
    0x00024290   0x000000c0   Code   RO         1766    i.pm_peer_rank_highest  peer_manager.o
    0x00024350   0x000000b8   Code   RO         1767    i.pm_peer_ranks_get  peer_manager.o
    0x00024408   0x00000038   Code   RO         1768    i.pm_peers_delete   peer_manager.o
    0x00024440   0x0000002c   Code   RO         1771    i.pm_register       peer_manager.o
    0x0002446c   0x00000014   Code   RO         1773    i.pm_sec_params_set  peer_manager.o
    0x00024480   0x00000160   Code   RO         1774    i.pm_sm_evt_handler  peer_manager.o
    0x000245e0   0x0000002c   Code   RO         3721    i.queue_advance     fstorage.o
    0x0002460c   0x00000038   Code   RO         3722    i.queue_get_next_free  fstorage.o
    0x00024644   0x000000bc   Code   RO         3448    i.queue_process     fds.o
    0x00024700   0x00000070   Code   RO         3723    i.queue_process     fstorage.o
    0x00024770   0x00000020   Code   RO         3449    i.queue_start       fds.o
    0x00024790   0x0000001c   Code   RO         3724    i.queue_start       fstorage.o
    0x000247ac   0x00000088   Code   RO         3450    i.record_find       fds.o
    0x00024834   0x0000009c   Code   RO         3451    i.record_find_by_desc  fds.o
    0x000248d0   0x0000004c   Code   RO         3452    i.record_find_next  fds.o
    0x0002491c   0x00000024   Code   RO         3453    i.record_header_flag_dirty  fds.o
    0x00024940   0x00000014   Code   RO         1360    i.record_key_within_pm_range  peer_data_storage.o
    0x00024954   0x0000005c   Code   RO         3454    i.record_write_chunk  fds.o
    0x000249b0   0x00000010   Code   RO         1658    i.release           peer_id.o
    0x000249c0   0x0000003c   Code   RO         3195    i.rtc1_stop         app_timer.o
    0x000249fc   0x00000032   Code   RO         2779    i.rx_byte           nrf_drv_uart.o
    0x00024a2e   0x00000018   Code   RO         2780    i.rx_done_event     nrf_drv_uart.o
    0x00024a46   0x00000002   PAD
    0x00024a48   0x00000070   Code   RO         4095    i.sd_nvic_EnableIRQ  softdevice_handler.o
    0x00024ab8   0x00000044   Code   RO         3842    i.sdk_mapped_flags_bulk_update_by_key  sdk_mapped_flags.o
    0x00024afc   0x00000022   Code   RO         3843    i.sdk_mapped_flags_first_key_index_get  sdk_mapped_flags.o
    0x00024b1e   0x00000010   Code   RO         3844    i.sdk_mapped_flags_get_by_index  sdk_mapped_flags.o
    0x00024b2e   0x00000026   Code   RO         3845    i.sdk_mapped_flags_get_by_key  sdk_mapped_flags.o
    0x00024b54   0x0000004a   Code   RO         3846    i.sdk_mapped_flags_key_list_get  sdk_mapped_flags.o
    0x00024b9e   0x0000000e   Code   RO         3848    i.sdk_mapped_flags_update_by_key  sdk_mapped_flags.o
    0x00024bac   0x000000b2   Code   RO         2099    i.sec_info_request_process  security_dispatcher.o
    0x00024c5e   0x00000076   Code   RO         2212    i.sec_params_verify  security_manager.o
    0x00024cd4   0x00000054   Code   RO         2100    i.sec_proc_start    security_dispatcher.o
    0x00024d28   0x00000020   Code   RO         2101    i.sec_start_send    security_dispatcher.o
    0x00024d48   0x0000004c   Code   RO         3725    i.send_event        fstorage.o
    0x00024d94   0x00000058   Code   RO          928    i.service_changed_pending_flags_check  gatt_cache_manager.o
    0x00024dec   0x00000044   Code   RO         1038    i.service_changed_pending_set  gatts_cache_manager.o
    0x00024e30   0x00000094   Code   RO          929    i.service_changed_send_in_evt  gatt_cache_manager.o
    0x00024ec4   0x00000088   Code   RO          498    i.service_data_encode  ble_advdata.o
    0x00024f4c   0x00000048   Code   RO          580    i.set_adv_mode_fast  ble_advertising.o
    0x00024f94   0x00000044   Code   RO          581    i.set_adv_mode_slow  ble_advertising.o
    0x00024fd8   0x00000028   Code   RO           15    i.sleep_mode_enter  main.o
    0x00025000   0x00000018   Code   RO         2213    i.sm_ble_evt_handler  security_manager.o
    0x00025018   0x00000018   Code   RO         2214    i.sm_conn_sec_config_reply  security_manager.o
    0x00025030   0x00000050   Code   RO         2215    i.sm_init           security_manager.o
    0x00025080   0x0000000a   Code   RO         2217    i.sm_link_secure    security_manager.o
    0x0002508a   0x00000002   PAD
    0x0002508c   0x00000038   Code   RO         2218    i.sm_pdb_evt_handler  security_manager.o
    0x000250c4   0x0000002c   Code   RO         2220    i.sm_sec_params_set  security_manager.o
    0x000250f0   0x00000078   Code   RO         2221    i.sm_smd_evt_handler  security_manager.o
    0x00025168   0x000000ec   Code   RO         2102    i.smd_ble_evt_handler  security_dispatcher.o
    0x00025254   0x0000003c   Code   RO         2103    i.smd_init          security_dispatcher.o
    0x00025290   0x00000030   Code   RO         2104    i.smd_link_secure   security_dispatcher.o
    0x000252c0   0x0000010c   Code   RO         2105    i.smd_params_reply  security_dispatcher.o
    0x000253cc   0x00000088   Code   RO         2222    i.smd_params_reply_perform  security_manager.o
    0x00025454   0x00000034   Code   RO         2106    i.smd_pdb_evt_handler  security_dispatcher.o
    0x00025488   0x00000014   Code   RO         4096    i.softdevice_ble_evt_handler_set  softdevice_handler.o
    0x0002549c   0x00000014   Code   RO         4097    i.softdevice_enable  softdevice_handler.o
    0x000254b0   0x00000026   Code   RO         4098    i.softdevice_enable_get_default_config  softdevice_handler.o
    0x000254d6   0x00000004   Code   RO         4099    i.softdevice_fault_handler  softdevice_handler.o
    0x000254da   0x00000002   PAD
    0x000254dc   0x00000064   Code   RO         4100    i.softdevice_handler_init  softdevice_handler.o
    0x00025540   0x0000000c   Code   RO         4101    i.softdevice_handler_is_enabled  softdevice_handler.o
    0x0002554c   0x00000014   Code   RO         4106    i.softdevice_sys_evt_handler_set  softdevice_handler.o
    0x00025560   0x00000012   Code   RO           16    i.sys_evt_dispatch  main.o
    0x00025572   0x00000002   PAD
    0x00025574   0x0000008c   Code   RO         3196    i.timer_list_handler  app_timer.o
    0x00025600   0x0000003c   Code   RO         3197    i.timer_list_insert  app_timer.o
    0x0002563c   0x00000048   Code   RO         3198    i.timer_stop_op_schedule  app_timer.o
    0x00025684   0x00000084   Code   RO         3199    i.timer_timeouts_check  app_timer.o
    0x00025708   0x00000020   Code   RO         2782    i.tx_byte           nrf_drv_uart.o
    0x00025728   0x0000001c   Code   RO         2783    i.tx_done_event     nrf_drv_uart.o
    0x00025744   0x0000011e   Code   RO         2784    i.uart_irq_handler  nrf_drv_uart.o
    0x00025862   0x000000f0   Code   RO         2785    i.uarte_irq_handler  nrf_drv_uart.o
    0x00025952   0x0000000a   Code   RO          499    i.uint16_encode     ble_advdata.o
    0x0002595c   0x00000060   Code   RO          662    i.update_timeout_handler  ble_conn_params.o
    0x000259bc   0x00000018   Code   RO          743    i.user_flag_is_acquired  ble_conn_state.o
    0x000259d4   0x00000030   Code   RO         3200    i.user_op_alloc     app_timer.o
    0x00025a04   0x00000030   Code   RO          500    i.uuid_list_encode  ble_advdata.o
    0x00025a34   0x0000009e   Code   RO          501    i.uuid_list_sized_encode  ble_advdata.o
    0x00025ad2   0x00000024   Code   RO         1501    i.write_buf_length_words_set  peer_database.o
    0x00025af6   0x00000024   Code   RO         1502    i.write_buffer_record_find  peer_database.o
    0x00025b1a   0x00000002   PAD
    0x00025b1c   0x0000002c   Code   RO         1503    i.write_buffer_record_find_next  peer_database.o
    0x00025b48   0x0000001e   Code   RO         1504    i.write_buffer_record_invalidate  peer_database.o
    0x00025b66   0x00000002   PAD
    0x00025b68   0x0000002c   Code   RO         1505    i.write_buffer_record_release  peer_database.o
    0x00025b94   0x00000124   Code   RO         3455    i.write_enqueue     fds.o
    0x00025cb8   0x000000e8   Code   RO         3456    i.write_execute     fds.o
    0x00025da0   0x00000014   Code   RO         3457    i.write_space_free  fds.o
    0x00025db4   0x00000054   Code   RO         3458    i.write_space_reserve  fds.o
    0x00025e08   0x00000004   Data   RO           18    .constdata          main.o
    0x00025e0c   0x0000003c   Data   RO          351    .constdata          bsp.o
    0x00025e48   0x00000004   Data   RO          665    .constdata          ble_conn_params.o
    0x00025e4c   0x00000004   Data   RO         1039    .constdata          gatts_cache_manager.o
    0x00025e50   0x00000010   Data   RO         1040    .constdata          gatts_cache_manager.o
    0x00025e60   0x00000004   Data   RO         1041    .constdata          gatts_cache_manager.o
    0x00025e64   0x00000008   Data   RO         1144    .constdata          id_manager.o
    0x00025e6c   0x00000004   Data   RO         1361    .constdata          peer_data_storage.o
    0x00025e70   0x00000014   Data   RO         1507    .constdata          peer_database.o
    0x00025e84   0x00000010   Data   RO         1778    .constdata          peer_manager.o
    0x00025e94   0x00000044   Data   RO         2108    .constdata          security_dispatcher.o
    0x00025ed8   0x00000004   Data   RO         2223    .constdata          security_manager.o
    0x00025edc   0x00000008   Data   RO         2975    .constdata          app_button.o
    0x00025ee4   0x00000014   Data   RO         3460    .constdata          fds.o
    0x00025ef8   0x00000020   Data   RO         4302    Region$$Table       anon$$obj.o


    Execution Region RW_IRAM1 (Base: 0x20002128, Size: 0x000029f0, Max: 0x0000ded8, ABSOLUTE, COMPRESSED[0x00000028])

    Base Addr    Size         Type   Attr      Idx    E Section Name        Object

    0x20002128   0x00000006   Data   RW           19    .data               main.o
    0x2000212e   0x00000002   PAD
    0x20002130   0x00000018   Data   RW          352    .data               bsp.o
    0x20002148   0x00000008   Data   RW          453    .data               bsp_btn_ble.o
    0x20002150   0x0000001f   Data   RW          583    .data               ble_advertising.o
    0x2000216f   0x00000001   PAD
    0x20002170   0x00000014   Data   RW          666    .data               ble_conn_params.o
    0x20002184   0x0000000c   Data   RW          930    .data               gatt_cache_manager.o
    0x20002190   0x0000000c   Data   RW         1042    .data               gatts_cache_manager.o
    0x2000219c   0x00000003   Data   RW         1145    .data               id_manager.o
    0x2000219f   0x00000001   PAD
    0x200021a0   0x0000000c   Data   RW         1362    .data               peer_data_storage.o
    0x200021ac   0x00000008   Data   RW         1508    .data               peer_database.o
    0x200021b4   0x00000010   Data   RW         1779    .data               peer_manager.o
    0x200021c4   0x00000004   Data   RW         2109    .data               security_dispatcher.o
    0x200021c8   0x00000015   Data   RW         2224    .data               security_manager.o
    0x200021dd   0x00000003   PAD
    0x200021e0   0x00000014   Data   RW         2976    .data               app_button.o
    0x200021f4   0x00000020   Data   RW         3201    .data               app_timer.o
    0x20002214   0x00000018   Data   RW         3461    .data               fds.o
    0x2000222c   0x00000002   Data   RW         3727    .data               fstorage.o
    0x2000222e   0x00000002   PAD
    0x20002230   0x00000014   Data   RW         4107    .data               softdevice_handler.o
    0x20002244   0x00000004   Data   RW         4240    .data               system_nrf52.o
    0x20002248   0x00000010   Data   RW         3462    fs_data             fds.o
    0x20002258   0x000000c8   Zero   RW           17    .bss                main.o
    0x20002320   0x00000020   Zero   RW          347    .bss                bsp.o
    0x20002340   0x00000020   Zero   RW          348    .bss                bsp.o
    0x20002360   0x0000000c   Zero   RW          349    .bss                bsp.o
    0x2000236c   0x00000020   Zero   RW          350    .bss                bsp.o
    0x2000238c   0x000000af   Zero   RW          582    .bss                ble_advertising.o
    0x2000243b   0x00000001   PAD
    0x2000243c   0x00000020   Zero   RW          663    .bss                ble_conn_params.o
    0x2000245c   0x0000001c   Zero   RW          664    .bss                ble_conn_params.o
    0x20002478   0x00000034   Zero   RW          744    .bss                ble_conn_state.o
    0x200024ac   0x00000070   Zero   RW         1143    .bss                id_manager.o
    0x2000251c   0x00000330   Zero   RW         1506    .bss                peer_database.o
    0x2000284c   0x00000040   Zero   RW         1659    .bss                peer_id.o
    0x2000288c   0x0000000c   Zero   RW         1777    .bss                peer_manager.o
    0x20002898   0x00000040   Zero   RW         2107    .bss                security_dispatcher.o
    0x200028d8   0x00000014   Zero   RW         2353    .bss                nrf_drv_clock.o
    0x200028ec   0x00000058   Zero   RW         2557    .bss                nrf_drv_gpiote.o
    0x20002944   0x00000020   Zero   RW         2786    .bss                nrf_drv_uart.o
    0x20002964   0x00000020   Zero   RW         2974    .bss                app_button.o
    0x20002984   0x0000000c   Zero   RW         3344    .bss                app_util_platform.o
    0x20002990   0x0000011c   Zero   RW         3459    .bss                fds.o
    0x20002aac   0x00000068   Zero   RW         3726    .bss                fstorage.o
    0x20002b14   0x00000004   PAD
    0x20002b18   0x00002000   Zero   RW         4228    STACK               arm_startup_nrf52.o


==============================================================================

Image component sizes


      Code (inc. data)   RO Data    RW Data    ZI Data      Debug   Object Name

       332         34          8         20         32       9654   app_button.o
        22          0          0          0          0       2161   app_error.o
        36         10          0          0          0      27325   app_error_weak.o
      1694        114          0         32          0      50131   app_timer.o
       124         14          0          0         12       8818   app_util_platform.o
        36          8       1024          0       8192        900   arm_startup_nrf52.o
      1330          0          0          0          0      16996   ble_advdata.o
       980         70          0         31        175       9281   ble_advertising.o
       436         54          4         20         60       5436   ble_conn_params.o
       540         44          0          0         52       9185   ble_conn_state.o
         8          0          0          0          0       1374   ble_srv_common.o
      1136        108         60         24        108       9201   bsp.o
       260         10          0          8          0       4573   bsp_btn_ble.o
      3620        332         20         40        284      41970   fds.o
       976         74          0          2        104      11979   fstorage.o
      1046         52          0         12          0      15188   gatt_cache_manager.o
       532         36         24         12          0       8691   gatts_cache_manager.o
      1154         56          8          3        112      18833   id_manager.o
      1130         92          4          6        200     131539   main.o
       272         24          0          0         20      10260   nrf_drv_clock.o
        56          0          0          0          0      28799   nrf_drv_common.o
      1074         94          0          0         88      22728   nrf_drv_gpiote.o
       744          8          0          0         32      22516   nrf_drv_uart.o
      1080         42          4         12          0      16312   peer_data_storage.o
      1348         66         20          8        816      21952   peer_database.o
       336         38          0          0         64       8339   peer_id.o
      1656        126         16         16         12      17440   peer_manager.o
       242          0          0          0          0       3875   pm_buffer.o
       226          0          0          0          0       4793   pm_mutex.o
       244          0          0          0          0       5532   sdk_mapped_flags.o
      1850         66         68          4         64      18628   security_dispatcher.o
      1086         74          4         21          0      16429   security_manager.o
       562         52          0         20          0      41148   softdevice_handler.o
       668         58          0          4          0       2651   system_nrf52.o

    ----------------------------------------------------------------------
     26896       1756       1296        304      10432     624637   Object Totals
         0          0         32          0          0          0   (incl. Generated)
        60          0          0          9          5          0   (incl. Padding)

    ----------------------------------------------------------------------

      Code (inc. data)   RO Data    RW Data    ZI Data      Debug   Library Member Name

        58          0          0          0          0          0   __dczerorl.o
         0          0          0          0          0          0   entry.o
         0          0          0          0          0          0   entry10a.o
         0          0          0          0          0          0   entry11a.o
         8          4          0          0          0          0   entry2.o
         4          0          0          0          0          0   entry5.o
         0          0          0          0          0          0   entry7b.o
         0          0          0          0          0          0   entry8b.o
         8          4          0          0          0          0   entry9a.o
        30          0          0          0          0          0   handlers.o
        36          8          0          0          0         68   init.o
        26          0          0          0          0         80   memcmp.o
        36          0          0          0          0         68   memcpya.o
        36          0          0          0          0        108   memseta.o

    ----------------------------------------------------------------------
       248         16          0          0          0        324   Library Totals
         6          0          0          0          0          0   (incl. Padding)

    ----------------------------------------------------------------------

      Code (inc. data)   RO Data    RW Data    ZI Data      Debug   Library Name

       242         16          0          0          0        324   mc_w.l

    ----------------------------------------------------------------------
       248         16          0          0          0        324   Library Totals

    ----------------------------------------------------------------------

==============================================================================


      Code (inc. data)   RO Data    RW Data    ZI Data      Debug   

     27144       1772       1296        304      10432     590241   Grand Totals
     27144       1772       1296         40      10432     590241   ELF Image Totals (compressed)
     27144       1772       1296         40          0          0   ROM Totals

==============================================================================

    Total RO  Size (Code + RO Data)                28440 (  27.77kB)
    Total RW  Size (RW Data + ZI Data)             10736 (  10.48kB)
    Total ROM Size (Code + RO Data + RW Data)      28480 (  27.81kB)

==============================================================================

